Archive member included to satisfy reference by file (symbol)

../nios_software_bsp/\libhal_bsp.a(alt_load.o)
                              ../nios_software_bsp//obj/HAL/src/crt0.o (alt_load)
../nios_software_bsp/\libhal_bsp.a(alt_main.o)
                              ../nios_software_bsp//obj/HAL/src/crt0.o (alt_main)
../nios_software_bsp/\libhal_bsp.a(alt_sys_init.o)
                              ../nios_software_bsp/\libhal_bsp.a(alt_main.o) (alt_irq_init)
../nios_software_bsp/\libhal_bsp.a(altera_avalon_jtag_uart_fd.o)
                              ../nios_software_bsp/\libhal_bsp.a(alt_sys_init.o) (altera_avalon_jtag_uart_read_fd)
../nios_software_bsp/\libhal_bsp.a(altera_avalon_jtag_uart_init.o)
                              ../nios_software_bsp/\libhal_bsp.a(alt_sys_init.o) (altera_avalon_jtag_uart_init)
../nios_software_bsp/\libhal_bsp.a(altera_avalon_jtag_uart_ioctl.o)
                              ../nios_software_bsp/\libhal_bsp.a(altera_avalon_jtag_uart_fd.o) (altera_avalon_jtag_uart_ioctl)
../nios_software_bsp/\libhal_bsp.a(altera_avalon_jtag_uart_read.o)
                              ../nios_software_bsp/\libhal_bsp.a(altera_avalon_jtag_uart_fd.o) (altera_avalon_jtag_uart_read)
../nios_software_bsp/\libhal_bsp.a(altera_avalon_jtag_uart_write.o)
                              ../nios_software_bsp/\libhal_bsp.a(altera_avalon_jtag_uart_fd.o) (altera_avalon_jtag_uart_write)
../nios_software_bsp/\libhal_bsp.a(alt_alarm_start.o)
                              ../nios_software_bsp/\libhal_bsp.a(altera_avalon_jtag_uart_init.o) (alt_alarm_start)
../nios_software_bsp/\libhal_bsp.a(alt_close.o)
                              ../nios_software_bsp/\libhal_bsp.a(alt_main.o) (close)
../nios_software_bsp/\libhal_bsp.a(alt_dcache_flush_all.o)
                              ../nios_software_bsp/\libhal_bsp.a(alt_load.o) (alt_dcache_flush_all)
../nios_software_bsp/\libhal_bsp.a(alt_dev.o)
                              ../nios_software_bsp/\libhal_bsp.a(alt_sys_init.o) (alt_dev_list)
../nios_software_bsp/\libhal_bsp.a(alt_dev_llist_insert.o)
                              ../nios_software_bsp/\libhal_bsp.a(alt_sys_init.o) (alt_dev_llist_insert)
../nios_software_bsp/\libhal_bsp.a(alt_do_ctors.o)
                              ../nios_software_bsp/\libhal_bsp.a(alt_main.o) (_do_ctors)
../nios_software_bsp/\libhal_bsp.a(alt_do_dtors.o)
                              ../nios_software_bsp/\libhal_bsp.a(alt_main.o) (_do_dtors)
../nios_software_bsp/\libhal_bsp.a(alt_errno.o)
                              ../nios_software_bsp/\libhal_bsp.a(alt_close.o) (alt_errno)
../nios_software_bsp/\libhal_bsp.a(alt_icache_flush_all.o)
                              ../nios_software_bsp/\libhal_bsp.a(alt_load.o) (alt_icache_flush_all)
../nios_software_bsp/\libhal_bsp.a(alt_iic.o)
                              ../nios_software_bsp/\libhal_bsp.a(altera_avalon_jtag_uart_init.o) (alt_ic_isr_register)
../nios_software_bsp/\libhal_bsp.a(alt_iic_isr_register.o)
                              ../nios_software_bsp/\libhal_bsp.a(alt_iic.o) (alt_iic_isr_register)
../nios_software_bsp/\libhal_bsp.a(alt_io_redirect.o)
                              ../nios_software_bsp/\libhal_bsp.a(alt_main.o) (alt_io_redirect)
../nios_software_bsp/\libhal_bsp.a(alt_irq_entry.o)
                              ../nios_software_bsp/\libhal_bsp.a(alt_iic_isr_register.o) (alt_irq_entry)
../nios_software_bsp/\libhal_bsp.a(alt_irq_handler.o)
                              ../nios_software_bsp/\libhal_bsp.a(alt_iic_isr_register.o) (alt_irq)
../nios_software_bsp/\libhal_bsp.a(alt_irq_vars.o)
                              ../nios_software_bsp/\libhal_bsp.a(alt_iic.o) (alt_irq_active)
../nios_software_bsp/\libhal_bsp.a(alt_open.o)
                              ../nios_software_bsp/\libhal_bsp.a(alt_io_redirect.o) (open)
../nios_software_bsp/\libhal_bsp.a(alt_release_fd.o)
                              ../nios_software_bsp/\libhal_bsp.a(alt_close.o) (alt_release_fd)
../nios_software_bsp/\libhal_bsp.a(alt_tick.o)
                              ../nios_software_bsp/\libhal_bsp.a(altera_avalon_jtag_uart_init.o) (_alt_tick_rate)
../nios_software_bsp/\libhal_bsp.a(altera_nios2_gen2_irq.o)
                              ../nios_software_bsp/\libhal_bsp.a(alt_sys_init.o) (altera_nios2_gen2_irq_init)
../nios_software_bsp/\libhal_bsp.a(alt_exception_entry.o)
                              ../nios_software_bsp/\libhal_bsp.a(alt_irq_entry.o) (alt_exception)
../nios_software_bsp/\libhal_bsp.a(alt_find_dev.o)
                              ../nios_software_bsp/\libhal_bsp.a(alt_open.o) (alt_find_dev)
../nios_software_bsp/\libhal_bsp.a(alt_find_file.o)
                              ../nios_software_bsp/\libhal_bsp.a(alt_open.o) (alt_find_file)
../nios_software_bsp/\libhal_bsp.a(alt_get_fd.o)
                              ../nios_software_bsp/\libhal_bsp.a(alt_open.o) (alt_get_fd)
../nios_software_bsp/\libhal_bsp.a(alt_icache_flush.o)
                              ../nios_software_bsp/\libhal_bsp.a(alt_icache_flush_all.o) (alt_icache_flush)
../nios_software_bsp/\libhal_bsp.a(alt_instruction_exception_entry.o)
                              ../nios_software_bsp/\libhal_bsp.a(alt_exception_entry.o) (alt_instruction_exception_entry)
c:/intelfpga_lite/18.1/nios2eds/bin/gnu/h-x86_64-mingw32/bin/../lib/gcc/nios2-elf/5.3.0/../../../../../H-x86_64-mingw32/nios2-elf/lib\libc.a(lib_a-atexit.o)
                              ../nios_software_bsp/\libhal_bsp.a(alt_main.o) (atexit)
c:/intelfpga_lite/18.1/nios2eds/bin/gnu/h-x86_64-mingw32/bin/../lib/gcc/nios2-elf/5.3.0/../../../../../H-x86_64-mingw32/nios2-elf/lib\libc.a(lib_a-exit.o)
                              ../nios_software_bsp/\libhal_bsp.a(alt_main.o) (exit)
c:/intelfpga_lite/18.1/nios2eds/bin/gnu/h-x86_64-mingw32/bin/../lib/gcc/nios2-elf/5.3.0/../../../../../H-x86_64-mingw32/nios2-elf/lib\libc.a(lib_a-impure.o)
                              c:/intelfpga_lite/18.1/nios2eds/bin/gnu/h-x86_64-mingw32/bin/../lib/gcc/nios2-elf/5.3.0/../../../../../H-x86_64-mingw32/nios2-elf/lib\libc.a(lib_a-exit.o) (_global_impure_ptr)
c:/intelfpga_lite/18.1/nios2eds/bin/gnu/h-x86_64-mingw32/bin/../lib/gcc/nios2-elf/5.3.0/../../../../../H-x86_64-mingw32/nios2-elf/lib\libc.a(lib_a-int_errno.o)
                              ../nios_software_bsp/\libhal_bsp.a(alt_close.o) (errno)
c:/intelfpga_lite/18.1/nios2eds/bin/gnu/h-x86_64-mingw32/bin/../lib/gcc/nios2-elf/5.3.0/../../../../../H-x86_64-mingw32/nios2-elf/lib\libc.a(lib_a-memcmp.o)
                              ../nios_software_bsp/\libhal_bsp.a(alt_find_dev.o) (memcmp)
c:/intelfpga_lite/18.1/nios2eds/bin/gnu/h-x86_64-mingw32/bin/../lib/gcc/nios2-elf/5.3.0/../../../../../H-x86_64-mingw32/nios2-elf/lib\libc.a(lib_a-memcpy.o)
                              ../nios_software_bsp/\libhal_bsp.a(altera_avalon_jtag_uart_read.o) (memcpy)
c:/intelfpga_lite/18.1/nios2eds/bin/gnu/h-x86_64-mingw32/bin/../lib/gcc/nios2-elf/5.3.0/../../../../../H-x86_64-mingw32/nios2-elf/lib\libc.a(lib_a-strlen.o)
                              ../nios_software_bsp/\libhal_bsp.a(alt_find_dev.o) (strlen)
c:/intelfpga_lite/18.1/nios2eds/bin/gnu/h-x86_64-mingw32/bin/../lib/gcc/nios2-elf/5.3.0/../../../../../H-x86_64-mingw32/nios2-elf/lib\libc.a(lib_a-__atexit.o)
                              c:/intelfpga_lite/18.1/nios2eds/bin/gnu/h-x86_64-mingw32/bin/../lib/gcc/nios2-elf/5.3.0/../../../../../H-x86_64-mingw32/nios2-elf/lib\libc.a(lib_a-atexit.o) (__register_exitproc)
c:/intelfpga_lite/18.1/nios2eds/bin/gnu/h-x86_64-mingw32/bin/../lib/gcc/nios2-elf/5.3.0/../../../../../H-x86_64-mingw32/nios2-elf/lib\libc.a(lib_a-__call_atexit.o)
                              c:/intelfpga_lite/18.1/nios2eds/bin/gnu/h-x86_64-mingw32/bin/../lib/gcc/nios2-elf/5.3.0/../../../../../H-x86_64-mingw32/nios2-elf/lib\libc.a(lib_a-exit.o) (__call_exitprocs)
../nios_software_bsp/\libhal_bsp.a(alt_exit.o)
                              c:/intelfpga_lite/18.1/nios2eds/bin/gnu/h-x86_64-mingw32/bin/../lib/gcc/nios2-elf/5.3.0/../../../../../H-x86_64-mingw32/nios2-elf/lib\libc.a(lib_a-exit.o) (_exit)

Allocating common symbols
Common symbol       size              file

alt_irq             0x100             ../nios_software_bsp/\libhal_bsp.a(alt_irq_handler.o)
errno               0x4               c:/intelfpga_lite/18.1/nios2eds/bin/gnu/h-x86_64-mingw32/bin/../lib/gcc/nios2-elf/5.3.0/../../../../../H-x86_64-mingw32/nios2-elf/lib\libc.a(lib_a-int_errno.o)

Memory Configuration

Name             Origin             Length             Attributes
reset            0x0000000000008000 0x0000000000000020
onchip_memory2_0 0x0000000000008020 0x0000000000007fe0
*default*        0x0000000000000000 0xffffffffffffffff

Linker script and memory map

LOAD ../nios_software_bsp//obj/HAL/src/crt0.o
LOAD obj/default/main.o
LOAD c:/intelfpga_lite/18.1/nios2eds/bin/gnu/h-x86_64-mingw32/bin/../lib/gcc/nios2-elf/5.3.0/../../../../../H-x86_64-mingw32/nios2-elf/lib\libstdc++.a
LOAD c:/intelfpga_lite/18.1/nios2eds/bin/gnu/h-x86_64-mingw32/bin/../lib/gcc/nios2-elf/5.3.0/../../../../../H-x86_64-mingw32/nios2-elf/lib\libm.a
LOAD c:/intelfpga_lite/18.1/nios2eds/bin/gnu/h-x86_64-mingw32/bin/../lib/gcc/nios2-elf/5.3.0\libgcc.a
START GROUP
LOAD c:/intelfpga_lite/18.1/nios2eds/bin/gnu/h-x86_64-mingw32/bin/../lib/gcc/nios2-elf/5.3.0/../../../../../H-x86_64-mingw32/nios2-elf/lib\libc.a
LOAD c:/intelfpga_lite/18.1/nios2eds/bin/gnu/h-x86_64-mingw32/bin/../lib/gcc/nios2-elf/5.3.0\libgcc.a
LOAD ../nios_software_bsp/\libhal_bsp.a
LOAD c:/intelfpga_lite/18.1/nios2eds/bin/gnu/h-x86_64-mingw32/bin/../lib/gcc/nios2-elf/5.3.0/../../../../../H-x86_64-mingw32/nios2-elf/lib\libm.a
END GROUP
LOAD c:/intelfpga_lite/18.1/nios2eds/bin/gnu/h-x86_64-mingw32/bin/../lib/gcc/nios2-elf/5.3.0\libgcc.a
                0x0000000000008000                __alt_mem_onchip_memory2_0 = 0x8000

.entry          0x0000000000008000       0x20
 *(.entry)
 .entry         0x0000000000008000       0x20 ../nios_software_bsp//obj/HAL/src/crt0.o
                0x0000000000008000                __reset

.exceptions     0x0000000000008020      0x224
                0x0000000000008020                PROVIDE (__ram_exceptions_start, ABSOLUTE (.))
                0x0000000000008020                . = ALIGN (0x20)
 *(.irq)
 *(.exceptions.entry.label)
 .exceptions.entry.label
                0x0000000000008020        0x0 ../nios_software_bsp/\libhal_bsp.a(alt_irq_entry.o)
                0x0000000000008020                alt_irq_entry
 .exceptions.entry.label
                0x0000000000008020        0x0 ../nios_software_bsp/\libhal_bsp.a(alt_exception_entry.o)
                0x0000000000008020                alt_exception
 *(.exceptions.entry.user)
 *(.exceptions.entry.ecc_fatal)
 *(.exceptions.entry)
 .exceptions.entry
                0x0000000000008020       0x54 ../nios_software_bsp/\libhal_bsp.a(alt_exception_entry.o)
 *(.exceptions.irqtest.user)
 *(.exceptions.irqtest)
 .exceptions.irqtest
                0x0000000000008074       0x10 ../nios_software_bsp/\libhal_bsp.a(alt_irq_entry.o)
 *(.exceptions.irqhandler.user)
 *(.exceptions.irqhandler)
 .exceptions.irqhandler
                0x0000000000008084        0x4 ../nios_software_bsp/\libhal_bsp.a(alt_irq_entry.o)
 *(.exceptions.irqreturn.user)
 *(.exceptions.irqreturn)
 .exceptions.irqreturn
                0x0000000000008088        0x4 ../nios_software_bsp/\libhal_bsp.a(alt_irq_entry.o)
 *(.exceptions.notirq.label)
 .exceptions.notirq.label
                0x000000000000808c        0x0 ../nios_software_bsp/\libhal_bsp.a(alt_irq_entry.o)
 *(.exceptions.notirq.user)
 *(.exceptions.notirq)
 .exceptions.notirq
                0x000000000000808c        0x8 ../nios_software_bsp/\libhal_bsp.a(alt_exception_entry.o)
 *(.exceptions.soft.user)
 *(.exceptions.soft)
 *(.exceptions.unknown.user)
 *(.exceptions.unknown)
 .exceptions.unknown
                0x0000000000008094       0x14 ../nios_software_bsp/\libhal_bsp.a(alt_exception_entry.o)
 *(.exceptions.exit.label)
 .exceptions.exit.label
                0x00000000000080a8        0x0 ../nios_software_bsp/\libhal_bsp.a(alt_irq_entry.o)
 .exceptions.exit.label
                0x00000000000080a8        0x0 ../nios_software_bsp/\libhal_bsp.a(alt_exception_entry.o)
 *(.exceptions.exit.user)
 *(.exceptions.exit)
 .exceptions.exit
                0x00000000000080a8       0x54 ../nios_software_bsp/\libhal_bsp.a(alt_exception_entry.o)
 *(.exceptions)
 .exceptions    0x00000000000080fc       0xd4 ../nios_software_bsp/\libhal_bsp.a(alt_irq_handler.o)
                0x00000000000080fc                alt_irq_handler
 .exceptions    0x00000000000081d0       0x74 ../nios_software_bsp/\libhal_bsp.a(alt_instruction_exception_entry.o)
                0x00000000000081d0                alt_instruction_exception_entry
                0x0000000000008244                PROVIDE (__ram_exceptions_end, ABSOLUTE (.))
                0x0000000000008020                PROVIDE (__flash_exceptions_start, LOADADDR (.exceptions))

.text           0x0000000000008244     0x2334
                [!provide]                        PROVIDE (stext, ABSOLUTE (.))
 *(.interp)
 *(.hash)
 *(.dynsym)
 *(.dynstr)
 *(.gnu.version)
 *(.gnu.version_d)
 *(.gnu.version_r)
 *(.rel.init)
 *(.rela.init)
 *(.rel.text .rel.text.* .rel.gnu.linkonce.t.*)
 *(.rela.text .rela.text.* .rela.gnu.linkonce.t.*)
 *(.rel.fini)
 *(.rela.fini)
 *(.rel.rodata .rel.rodata.* .rel.gnu.linkonce.r.*)
 *(.rela.rodata .rela.rodata.* .rela.gnu.linkonce.r.*)
 *(.rel.data .rel.data.* .rel.gnu.linkonce.d.*)
 *(.rela.data .rela.data.* .rela.gnu.linkonce.d.*)
 *(.rel.tdata .rel.tdata.* .rel.gnu.linkonce.td.*)
 *(.rela.tdata .rela.tdata.* .rela.gnu.linkonce.td.*)
 *(.rel.tbss .rel.tbss.* .rel.gnu.linkonce.tb.*)
 *(.rela.tbss .rela.tbss.* .rela.gnu.linkonce.tb.*)
 *(.rel.ctors)
 *(.rela.ctors)
 *(.rel.dtors)
 *(.rela.dtors)
 *(.rel.got)
 *(.rela.got)
 *(.rel.sdata .rel.sdata.* .rel.gnu.linkonce.s.*)
 *(.rela.sdata .rela.sdata.* .rela.gnu.linkonce.s.*)
 *(.rel.sbss .rel.sbss.* .rel.gnu.linkonce.sb.*)
 *(.rela.sbss .rela.sbss.* .rela.gnu.linkonce.sb.*)
 *(.rel.sdata2 .rel.sdata2.* .rel.gnu.linkonce.s2.*)
 *(.rela.sdata2 .rela.sdata2.* .rela.gnu.linkonce.s2.*)
 *(.rel.sbss2 .rel.sbss2.* .rel.gnu.linkonce.sb2.*)
 *(.rela.sbss2 .rela.sbss2.* .rela.gnu.linkonce.sb2.*)
 *(.rel.bss .rel.bss.* .rel.gnu.linkonce.b.*)
 *(.rela.bss .rela.bss.* .rela.gnu.linkonce.b.*)
 *(.rel.plt)
 *(.rela.plt)
 *(.rel.dyn)
 *(.init)
 *(.plt)
 *(.text .stub .text.* .gnu.linkonce.t.*)
 .text          0x0000000000008244       0x4c ../nios_software_bsp//obj/HAL/src/crt0.o
                0x0000000000008244                _start
 .text          0x0000000000008290       0xa4 obj/default/main.o
                0x0000000000008290                main
 .text          0x0000000000008334       0xec ../nios_software_bsp/\libhal_bsp.a(alt_load.o)
                0x000000000000839c                alt_load
 .text          0x0000000000008420       0x7c ../nios_software_bsp/\libhal_bsp.a(alt_main.o)
                0x0000000000008420                alt_main
 .text          0x000000000000849c       0xb8 ../nios_software_bsp/\libhal_bsp.a(alt_sys_init.o)
                0x00000000000084d0                alt_irq_init
                0x0000000000008508                alt_sys_init
 .text          0x0000000000008554      0x164 ../nios_software_bsp/\libhal_bsp.a(altera_avalon_jtag_uart_fd.o)
                0x0000000000008554                altera_avalon_jtag_uart_read_fd
                0x00000000000085b4                altera_avalon_jtag_uart_write_fd
                0x0000000000008614                altera_avalon_jtag_uart_close_fd
                0x0000000000008664                altera_avalon_jtag_uart_ioctl_fd
 .text          0x00000000000086b8      0x3d4 ../nios_software_bsp/\libhal_bsp.a(altera_avalon_jtag_uart_init.o)
                0x00000000000086b8                altera_avalon_jtag_uart_init
                0x0000000000008a24                altera_avalon_jtag_uart_close
 .text          0x0000000000008a8c       0xf0 ../nios_software_bsp/\libhal_bsp.a(altera_avalon_jtag_uart_ioctl.o)
                0x0000000000008a8c                altera_avalon_jtag_uart_ioctl
 .text          0x0000000000008b7c      0x21c ../nios_software_bsp/\libhal_bsp.a(altera_avalon_jtag_uart_read.o)
                0x0000000000008b7c                altera_avalon_jtag_uart_read
 .text          0x0000000000008d98      0x224 ../nios_software_bsp/\libhal_bsp.a(altera_avalon_jtag_uart_write.o)
                0x0000000000008d98                altera_avalon_jtag_uart_write
 .text          0x0000000000008fbc      0x12c ../nios_software_bsp/\libhal_bsp.a(alt_alarm_start.o)
                0x0000000000008fbc                alt_alarm_start
 .text          0x00000000000090e8      0x10c ../nios_software_bsp/\libhal_bsp.a(alt_close.o)
                0x0000000000009124                close
 .text          0x00000000000091f4       0x48 ../nios_software_bsp/\libhal_bsp.a(alt_dcache_flush_all.o)
                0x00000000000091f4                alt_dcache_flush_all
 .text          0x000000000000923c       0x2c ../nios_software_bsp/\libhal_bsp.a(alt_dev.o)
 .text          0x0000000000009268       0xe0 ../nios_software_bsp/\libhal_bsp.a(alt_dev_llist_insert.o)
                0x00000000000092a4                alt_dev_llist_insert
 .text          0x0000000000009348       0x60 ../nios_software_bsp/\libhal_bsp.a(alt_do_ctors.o)
                0x0000000000009348                _do_ctors
 .text          0x00000000000093a8       0x60 ../nios_software_bsp/\libhal_bsp.a(alt_do_dtors.o)
                0x00000000000093a8                _do_dtors
 .text          0x0000000000009408        0x0 ../nios_software_bsp/\libhal_bsp.a(alt_errno.o)
 .text          0x0000000000009408       0x34 ../nios_software_bsp/\libhal_bsp.a(alt_icache_flush_all.o)
                0x0000000000009408                alt_icache_flush_all
 .text          0x000000000000943c      0x1b0 ../nios_software_bsp/\libhal_bsp.a(alt_iic.o)
                0x000000000000943c                alt_ic_isr_register
                0x000000000000948c                alt_ic_irq_enable
                0x0000000000009514                alt_ic_irq_disable
                0x00000000000095a0                alt_ic_irq_enabled
 .text          0x00000000000095ec       0xf0 ../nios_software_bsp/\libhal_bsp.a(alt_iic_isr_register.o)
                0x00000000000095ec                alt_iic_isr_register
 .text          0x00000000000096dc      0x140 ../nios_software_bsp/\libhal_bsp.a(alt_io_redirect.o)
                0x00000000000097a0                alt_io_redirect
 .text          0x000000000000981c        0x0 ../nios_software_bsp/\libhal_bsp.a(alt_irq_entry.o)
 .text          0x000000000000981c        0x0 ../nios_software_bsp/\libhal_bsp.a(alt_irq_handler.o)
 .text          0x000000000000981c        0x0 ../nios_software_bsp/\libhal_bsp.a(alt_irq_vars.o)
 .text          0x000000000000981c      0x254 ../nios_software_bsp/\libhal_bsp.a(alt_open.o)
                0x000000000000991c                open
 .text          0x0000000000009a70       0x64 ../nios_software_bsp/\libhal_bsp.a(alt_release_fd.o)
                0x0000000000009a70                alt_release_fd
 .text          0x0000000000009ad4      0x1a4 ../nios_software_bsp/\libhal_bsp.a(alt_tick.o)
                0x0000000000009ad4                alt_alarm_stop
                0x0000000000009b70                alt_tick
 .text          0x0000000000009c78       0x24 ../nios_software_bsp/\libhal_bsp.a(altera_nios2_gen2_irq.o)
                0x0000000000009c78                altera_nios2_gen2_irq_init
 .text          0x0000000000009c9c        0x0 ../nios_software_bsp/\libhal_bsp.a(alt_exception_entry.o)
 .text          0x0000000000009c9c       0x90 ../nios_software_bsp/\libhal_bsp.a(alt_find_dev.o)
                0x0000000000009c9c                alt_find_dev
 .text          0x0000000000009d2c      0x108 ../nios_software_bsp/\libhal_bsp.a(alt_find_file.o)
                0x0000000000009d2c                alt_find_file
 .text          0x0000000000009e34       0xa4 ../nios_software_bsp/\libhal_bsp.a(alt_get_fd.o)
                0x0000000000009e34                alt_get_fd
 .text          0x0000000000009ed8       0x90 ../nios_software_bsp/\libhal_bsp.a(alt_icache_flush.o)
                0x0000000000009ed8                alt_icache_flush
 .text          0x0000000000009f68       0x9c ../nios_software_bsp/\libhal_bsp.a(alt_instruction_exception_entry.o)
                0x0000000000009f68                alt_exception_cause_generated_bad_addr
 .text          0x000000000000a004        0x0 c:/intelfpga_lite/18.1/nios2eds/bin/gnu/h-x86_64-mingw32/bin/../lib/gcc/nios2-elf/5.3.0/../../../../../H-x86_64-mingw32/nios2-elf/lib\libc.a(lib_a-atexit.o)
 .text.atexit   0x000000000000a004       0x14 c:/intelfpga_lite/18.1/nios2eds/bin/gnu/h-x86_64-mingw32/bin/../lib/gcc/nios2-elf/5.3.0/../../../../../H-x86_64-mingw32/nios2-elf/lib\libc.a(lib_a-atexit.o)
                0x000000000000a004                atexit
 .text          0x000000000000a018        0x0 c:/intelfpga_lite/18.1/nios2eds/bin/gnu/h-x86_64-mingw32/bin/../lib/gcc/nios2-elf/5.3.0/../../../../../H-x86_64-mingw32/nios2-elf/lib\libc.a(lib_a-exit.o)
 .text.exit     0x000000000000a018       0x38 c:/intelfpga_lite/18.1/nios2eds/bin/gnu/h-x86_64-mingw32/bin/../lib/gcc/nios2-elf/5.3.0/../../../../../H-x86_64-mingw32/nios2-elf/lib\libc.a(lib_a-exit.o)
                0x000000000000a018                exit
 .text          0x000000000000a050        0x0 c:/intelfpga_lite/18.1/nios2eds/bin/gnu/h-x86_64-mingw32/bin/../lib/gcc/nios2-elf/5.3.0/../../../../../H-x86_64-mingw32/nios2-elf/lib\libc.a(lib_a-impure.o)
 .text          0x000000000000a050        0x0 c:/intelfpga_lite/18.1/nios2eds/bin/gnu/h-x86_64-mingw32/bin/../lib/gcc/nios2-elf/5.3.0/../../../../../H-x86_64-mingw32/nios2-elf/lib\libc.a(lib_a-int_errno.o)
 .text          0x000000000000a050        0x0 c:/intelfpga_lite/18.1/nios2eds/bin/gnu/h-x86_64-mingw32/bin/../lib/gcc/nios2-elf/5.3.0/../../../../../H-x86_64-mingw32/nios2-elf/lib\libc.a(lib_a-memcmp.o)
 .text.memcmp   0x000000000000a050       0x7c c:/intelfpga_lite/18.1/nios2eds/bin/gnu/h-x86_64-mingw32/bin/../lib/gcc/nios2-elf/5.3.0/../../../../../H-x86_64-mingw32/nios2-elf/lib\libc.a(lib_a-memcmp.o)
                0x000000000000a050                memcmp
 .text          0x000000000000a0cc        0x0 c:/intelfpga_lite/18.1/nios2eds/bin/gnu/h-x86_64-mingw32/bin/../lib/gcc/nios2-elf/5.3.0/../../../../../H-x86_64-mingw32/nios2-elf/lib\libc.a(lib_a-memcpy.o)
 .text.memcpy   0x000000000000a0cc      0x148 c:/intelfpga_lite/18.1/nios2eds/bin/gnu/h-x86_64-mingw32/bin/../lib/gcc/nios2-elf/5.3.0/../../../../../H-x86_64-mingw32/nios2-elf/lib\libc.a(lib_a-memcpy.o)
                0x000000000000a0cc                memcpy
 .text          0x000000000000a214        0x0 c:/intelfpga_lite/18.1/nios2eds/bin/gnu/h-x86_64-mingw32/bin/../lib/gcc/nios2-elf/5.3.0/../../../../../H-x86_64-mingw32/nios2-elf/lib\libc.a(lib_a-strlen.o)
 .text.strlen   0x000000000000a214       0x98 c:/intelfpga_lite/18.1/nios2eds/bin/gnu/h-x86_64-mingw32/bin/../lib/gcc/nios2-elf/5.3.0/../../../../../H-x86_64-mingw32/nios2-elf/lib\libc.a(lib_a-strlen.o)
                0x000000000000a214                strlen
 .text          0x000000000000a2ac        0x0 c:/intelfpga_lite/18.1/nios2eds/bin/gnu/h-x86_64-mingw32/bin/../lib/gcc/nios2-elf/5.3.0/../../../../../H-x86_64-mingw32/nios2-elf/lib\libc.a(lib_a-__atexit.o)
 .text.__register_exitproc
                0x000000000000a2ac      0x118 c:/intelfpga_lite/18.1/nios2eds/bin/gnu/h-x86_64-mingw32/bin/../lib/gcc/nios2-elf/5.3.0/../../../../../H-x86_64-mingw32/nios2-elf/lib\libc.a(lib_a-__atexit.o)
                0x000000000000a2ac                __register_exitproc
 .text          0x000000000000a3c4        0x0 c:/intelfpga_lite/18.1/nios2eds/bin/gnu/h-x86_64-mingw32/bin/../lib/gcc/nios2-elf/5.3.0/../../../../../H-x86_64-mingw32/nios2-elf/lib\libc.a(lib_a-__call_atexit.o)
 .text.__call_exitprocs
                0x000000000000a3c4      0x180 c:/intelfpga_lite/18.1/nios2eds/bin/gnu/h-x86_64-mingw32/bin/../lib/gcc/nios2-elf/5.3.0/../../../../../H-x86_64-mingw32/nios2-elf/lib\libc.a(lib_a-__call_atexit.o)
                0x000000000000a3c4                __call_exitprocs
 .text          0x000000000000a544       0x34 ../nios_software_bsp/\libhal_bsp.a(alt_exit.o)
                0x000000000000a544                _exit
 *(.gnu.warning.*)
 *(.fini)
                [!provide]                        PROVIDE (__etext, ABSOLUTE (.))
                [!provide]                        PROVIDE (_etext, ABSOLUTE (.))
                [!provide]                        PROVIDE (etext, ABSOLUTE (.))
 *(.eh_frame_hdr)
                0x000000000000a578                . = ALIGN (0x4)
                [!provide]                        PROVIDE (__preinit_array_start, ABSOLUTE (.))
 *(.preinit_array)
                [!provide]                        PROVIDE (__preinit_array_end, ABSOLUTE (.))
                [!provide]                        PROVIDE (__init_array_start, ABSOLUTE (.))
 *(.init_array)
                [!provide]                        PROVIDE (__init_array_end, ABSOLUTE (.))
                [!provide]                        PROVIDE (__fini_array_start, ABSOLUTE (.))
 *(.fini_array)
                [!provide]                        PROVIDE (__fini_array_end, ABSOLUTE (.))
 *(.eh_frame)
 *(.gcc_except_table .gcc_except_table.*)
 *(.dynamic)
                0x000000000000a578                PROVIDE (__CTOR_LIST__, ABSOLUTE (.))
 *(.ctors)
 *(SORT(.ctors.*))
                0x000000000000a578                PROVIDE (__CTOR_END__, ABSOLUTE (.))
                0x000000000000a578                PROVIDE (__DTOR_LIST__, ABSOLUTE (.))
 *(.dtors)
 *(SORT(.dtors.*))
                0x000000000000a578                PROVIDE (__DTOR_END__, ABSOLUTE (.))
 *(.jcr)
                0x000000000000a578                . = ALIGN (0x4)

.rodata         0x000000000000a578       0x38
                0x000000000000a578                PROVIDE (__ram_rodata_start, ABSOLUTE (.))
                0x000000000000a578                . = ALIGN (0x4)
 *(.rodata .rodata.* .gnu.linkonce.r.*)
 .rodata        0x000000000000a578       0x11 ../nios_software_bsp/\libhal_bsp.a(alt_main.o)
 *fill*         0x000000000000a589        0x3 
 .rodata        0x000000000000a58c       0x11 ../nios_software_bsp/\libhal_bsp.a(alt_sys_init.o)
 *fill*         0x000000000000a59d        0x3 
 .rodata        0x000000000000a5a0        0xa ../nios_software_bsp/\libhal_bsp.a(alt_dev.o)
 *fill*         0x000000000000a5aa        0x2 
 .rodata.str1.4
                0x000000000000a5ac        0x4 c:/intelfpga_lite/18.1/nios2eds/bin/gnu/h-x86_64-mingw32/bin/../lib/gcc/nios2-elf/5.3.0/../../../../../H-x86_64-mingw32/nios2-elf/lib\libc.a(lib_a-impure.o)
                                          0x2 (size before relaxing)
 *(.rodata1)
                0x000000000000a5b0                . = ALIGN (0x4)
                0x000000000000a5b0                PROVIDE (__ram_rodata_end, ABSOLUTE (.))
                0x000000000000a578                PROVIDE (__flash_rodata_start, LOADADDR (.rodata))

.rwdata         0x000000000000a5b0     0x1664 load address 0x000000000000bc14
                0x000000000000a5b0                PROVIDE (__ram_rwdata_start, ABSOLUTE (.))
                0x000000000000a5b0                . = ALIGN (0x4)
 *(.got.plt)
 *(.got)
 *(.data1)
 *(.data .data.* .gnu.linkonce.d.*)
 .data          0x000000000000a5b0        0x0 ../nios_software_bsp//obj/HAL/src/crt0.o
 .data          0x000000000000a5b0        0xa obj/default/main.o
 .data          0x000000000000a5ba        0x0 ../nios_software_bsp/\libhal_bsp.a(alt_load.o)
 .data          0x000000000000a5ba        0x0 ../nios_software_bsp/\libhal_bsp.a(alt_main.o)
 *fill*         0x000000000000a5ba        0x2 
 .data          0x000000000000a5bc     0x1060 ../nios_software_bsp/\libhal_bsp.a(alt_sys_init.o)
 .data          0x000000000000b61c        0x0 ../nios_software_bsp/\libhal_bsp.a(altera_avalon_jtag_uart_fd.o)
 .data          0x000000000000b61c        0x0 ../nios_software_bsp/\libhal_bsp.a(altera_avalon_jtag_uart_init.o)
 .data          0x000000000000b61c        0x0 ../nios_software_bsp/\libhal_bsp.a(altera_avalon_jtag_uart_ioctl.o)
 .data          0x000000000000b61c        0x0 ../nios_software_bsp/\libhal_bsp.a(altera_avalon_jtag_uart_read.o)
 .data          0x000000000000b61c        0x0 ../nios_software_bsp/\libhal_bsp.a(altera_avalon_jtag_uart_write.o)
 .data          0x000000000000b61c        0x0 ../nios_software_bsp/\libhal_bsp.a(alt_alarm_start.o)
 .data          0x000000000000b61c        0x0 ../nios_software_bsp/\libhal_bsp.a(alt_close.o)
 .data          0x000000000000b61c        0x0 ../nios_software_bsp/\libhal_bsp.a(alt_dcache_flush_all.o)
 .data          0x000000000000b61c      0x1a8 ../nios_software_bsp/\libhal_bsp.a(alt_dev.o)
                0x000000000000b61c                alt_dev_null
                0x000000000000b644                alt_fd_list
 .data          0x000000000000b7c4        0x0 ../nios_software_bsp/\libhal_bsp.a(alt_dev_llist_insert.o)
 .data          0x000000000000b7c4        0x0 ../nios_software_bsp/\libhal_bsp.a(alt_do_ctors.o)
 .data          0x000000000000b7c4        0x0 ../nios_software_bsp/\libhal_bsp.a(alt_do_dtors.o)
 .data          0x000000000000b7c4        0x0 ../nios_software_bsp/\libhal_bsp.a(alt_errno.o)
 .data          0x000000000000b7c4        0x0 ../nios_software_bsp/\libhal_bsp.a(alt_icache_flush_all.o)
 .data          0x000000000000b7c4        0x0 ../nios_software_bsp/\libhal_bsp.a(alt_iic.o)
 .data          0x000000000000b7c4        0x0 ../nios_software_bsp/\libhal_bsp.a(alt_iic_isr_register.o)
 .data          0x000000000000b7c4        0x0 ../nios_software_bsp/\libhal_bsp.a(alt_io_redirect.o)
 .data          0x000000000000b7c4        0x0 ../nios_software_bsp/\libhal_bsp.a(alt_irq_entry.o)
 .data          0x000000000000b7c4        0x0 ../nios_software_bsp/\libhal_bsp.a(alt_irq_handler.o)
 .data          0x000000000000b7c4        0x0 ../nios_software_bsp/\libhal_bsp.a(alt_irq_vars.o)
 .data          0x000000000000b7c4        0x0 ../nios_software_bsp/\libhal_bsp.a(alt_open.o)
 .data          0x000000000000b7c4        0x0 ../nios_software_bsp/\libhal_bsp.a(alt_release_fd.o)
 .data          0x000000000000b7c4        0x0 ../nios_software_bsp/\libhal_bsp.a(alt_tick.o)
 .data          0x000000000000b7c4        0x0 ../nios_software_bsp/\libhal_bsp.a(altera_nios2_gen2_irq.o)
 .data          0x000000000000b7c4        0x0 ../nios_software_bsp/\libhal_bsp.a(alt_exception_entry.o)
 .data          0x000000000000b7c4        0x0 ../nios_software_bsp/\libhal_bsp.a(alt_find_dev.o)
 .data          0x000000000000b7c4        0x0 ../nios_software_bsp/\libhal_bsp.a(alt_find_file.o)
 .data          0x000000000000b7c4        0x0 ../nios_software_bsp/\libhal_bsp.a(alt_get_fd.o)
 .data          0x000000000000b7c4        0x0 ../nios_software_bsp/\libhal_bsp.a(alt_icache_flush.o)
 .data          0x000000000000b7c4        0x0 ../nios_software_bsp/\libhal_bsp.a(alt_instruction_exception_entry.o)
 .data          0x000000000000b7c4        0x0 c:/intelfpga_lite/18.1/nios2eds/bin/gnu/h-x86_64-mingw32/bin/../lib/gcc/nios2-elf/5.3.0/../../../../../H-x86_64-mingw32/nios2-elf/lib\libc.a(lib_a-atexit.o)
 .data          0x000000000000b7c4        0x0 c:/intelfpga_lite/18.1/nios2eds/bin/gnu/h-x86_64-mingw32/bin/../lib/gcc/nios2-elf/5.3.0/../../../../../H-x86_64-mingw32/nios2-elf/lib\libc.a(lib_a-exit.o)
 .data          0x000000000000b7c4        0x0 c:/intelfpga_lite/18.1/nios2eds/bin/gnu/h-x86_64-mingw32/bin/../lib/gcc/nios2-elf/5.3.0/../../../../../H-x86_64-mingw32/nios2-elf/lib\libc.a(lib_a-impure.o)
 .data.impure_data
                0x000000000000b7c4      0x424 c:/intelfpga_lite/18.1/nios2eds/bin/gnu/h-x86_64-mingw32/bin/../lib/gcc/nios2-elf/5.3.0/../../../../../H-x86_64-mingw32/nios2-elf/lib\libc.a(lib_a-impure.o)
 .data          0x000000000000bbe8        0x0 c:/intelfpga_lite/18.1/nios2eds/bin/gnu/h-x86_64-mingw32/bin/../lib/gcc/nios2-elf/5.3.0/../../../../../H-x86_64-mingw32/nios2-elf/lib\libc.a(lib_a-int_errno.o)
 .data          0x000000000000bbe8        0x0 c:/intelfpga_lite/18.1/nios2eds/bin/gnu/h-x86_64-mingw32/bin/../lib/gcc/nios2-elf/5.3.0/../../../../../H-x86_64-mingw32/nios2-elf/lib\libc.a(lib_a-memcmp.o)
 .data          0x000000000000bbe8        0x0 c:/intelfpga_lite/18.1/nios2eds/bin/gnu/h-x86_64-mingw32/bin/../lib/gcc/nios2-elf/5.3.0/../../../../../H-x86_64-mingw32/nios2-elf/lib\libc.a(lib_a-memcpy.o)
 .data          0x000000000000bbe8        0x0 c:/intelfpga_lite/18.1/nios2eds/bin/gnu/h-x86_64-mingw32/bin/../lib/gcc/nios2-elf/5.3.0/../../../../../H-x86_64-mingw32/nios2-elf/lib\libc.a(lib_a-strlen.o)
 .data          0x000000000000bbe8        0x0 c:/intelfpga_lite/18.1/nios2eds/bin/gnu/h-x86_64-mingw32/bin/../lib/gcc/nios2-elf/5.3.0/../../../../../H-x86_64-mingw32/nios2-elf/lib\libc.a(lib_a-__atexit.o)
 .data          0x000000000000bbe8        0x0 c:/intelfpga_lite/18.1/nios2eds/bin/gnu/h-x86_64-mingw32/bin/../lib/gcc/nios2-elf/5.3.0/../../../../../H-x86_64-mingw32/nios2-elf/lib\libc.a(lib_a-__call_atexit.o)
 .data          0x000000000000bbe8        0x0 ../nios_software_bsp/\libhal_bsp.a(alt_exit.o)
                0x0000000000013be8                _gp = ABSOLUTE ((. + 0x8000))
                [!provide]                        PROVIDE (gp, _gp)
 *(.rwdata .rwdata.*)
 *(.sdata .sdata.* .gnu.linkonce.s.*)
 .sdata         0x000000000000bbe8       0x14 ../nios_software_bsp/\libhal_bsp.a(alt_dev.o)
                0x000000000000bbe8                alt_fs_list
                0x000000000000bbf0                alt_dev_list
                0x000000000000bbf8                alt_max_fd
 .sdata         0x000000000000bbfc        0x4 ../nios_software_bsp/\libhal_bsp.a(alt_errno.o)
                0x000000000000bbfc                alt_errno
 .sdata         0x000000000000bc00        0x4 ../nios_software_bsp/\libhal_bsp.a(alt_irq_vars.o)
                0x000000000000bc00                alt_priority_mask
 .sdata         0x000000000000bc04        0x8 ../nios_software_bsp/\libhal_bsp.a(alt_tick.o)
                0x000000000000bc04                alt_alarm_list
 .sdata._global_impure_ptr
                0x000000000000bc0c        0x4 c:/intelfpga_lite/18.1/nios2eds/bin/gnu/h-x86_64-mingw32/bin/../lib/gcc/nios2-elf/5.3.0/../../../../../H-x86_64-mingw32/nios2-elf/lib\libc.a(lib_a-impure.o)
                0x000000000000bc0c                _global_impure_ptr
 .sdata._impure_ptr
                0x000000000000bc10        0x4 c:/intelfpga_lite/18.1/nios2eds/bin/gnu/h-x86_64-mingw32/bin/../lib/gcc/nios2-elf/5.3.0/../../../../../H-x86_64-mingw32/nios2-elf/lib\libc.a(lib_a-impure.o)
                0x000000000000bc10                _impure_ptr
 *(.sdata2 .sdata2.* .gnu.linkonce.s2.*)
                0x000000000000bc14                . = ALIGN (0x4)
                0x000000000000bc14                _edata = ABSOLUTE (.)
                [!provide]                        PROVIDE (edata, ABSOLUTE (.))
                0x000000000000bc14                PROVIDE (__ram_rwdata_end, ABSOLUTE (.))
                0x000000000000bc14                PROVIDE (__flash_rwdata_start, LOADADDR (.rwdata))

.bss            0x000000000000d278      0x120
                0x000000000000d278                __bss_start = ABSOLUTE (.)
                [!provide]                        PROVIDE (__sbss_start, ABSOLUTE (.))
                [!provide]                        PROVIDE (___sbss_start, ABSOLUTE (.))
 *(.dynsbss)
 *(.sbss .sbss.* .gnu.linkonce.sb.*)
 .sbss          0x000000000000d278        0xc ../nios_software_bsp/\libhal_bsp.a(alt_main.o)
                0x000000000000d278                alt_argc
                0x000000000000d27c                alt_argv
                0x000000000000d280                alt_envp
 .sbss          0x000000000000d284        0x4 ../nios_software_bsp/\libhal_bsp.a(alt_irq_vars.o)
                0x000000000000d284                alt_irq_active
 .sbss          0x000000000000d288        0x8 ../nios_software_bsp/\libhal_bsp.a(alt_tick.o)
                0x000000000000d288                _alt_tick_rate
                0x000000000000d28c                _alt_nticks
 .sbss          0x000000000000d290        0x4 ../nios_software_bsp/\libhal_bsp.a(alt_instruction_exception_entry.o)
                0x000000000000d290                alt_instruction_exception_handler
 .sbss          0x000000000000d294        0x4 c:/intelfpga_lite/18.1/nios2eds/bin/gnu/h-x86_64-mingw32/bin/../lib/gcc/nios2-elf/5.3.0/../../../../../H-x86_64-mingw32/nios2-elf/lib\libc.a(lib_a-int_errno.o)
                0x000000000000d294                errno
 *(.sbss2 .sbss2.* .gnu.linkonce.sb2.*)
 *(.scommon)
                [!provide]                        PROVIDE (__sbss_end, ABSOLUTE (.))
                [!provide]                        PROVIDE (___sbss_end, ABSOLUTE (.))
 *(.dynbss)
 *(.bss .bss.* .gnu.linkonce.b.*)
 .bss           0x000000000000d298        0x0 ../nios_software_bsp//obj/HAL/src/crt0.o
 .bss           0x000000000000d298        0x0 obj/default/main.o
 .bss           0x000000000000d298        0x0 ../nios_software_bsp/\libhal_bsp.a(alt_load.o)
 .bss           0x000000000000d298        0x0 ../nios_software_bsp/\libhal_bsp.a(alt_main.o)
 .bss           0x000000000000d298        0x0 ../nios_software_bsp/\libhal_bsp.a(alt_sys_init.o)
 .bss           0x000000000000d298        0x0 ../nios_software_bsp/\libhal_bsp.a(altera_avalon_jtag_uart_fd.o)
 .bss           0x000000000000d298        0x0 ../nios_software_bsp/\libhal_bsp.a(altera_avalon_jtag_uart_init.o)
 .bss           0x000000000000d298        0x0 ../nios_software_bsp/\libhal_bsp.a(altera_avalon_jtag_uart_ioctl.o)
 .bss           0x000000000000d298        0x0 ../nios_software_bsp/\libhal_bsp.a(altera_avalon_jtag_uart_read.o)
 .bss           0x000000000000d298        0x0 ../nios_software_bsp/\libhal_bsp.a(altera_avalon_jtag_uart_write.o)
 .bss           0x000000000000d298        0x0 ../nios_software_bsp/\libhal_bsp.a(alt_alarm_start.o)
 .bss           0x000000000000d298        0x0 ../nios_software_bsp/\libhal_bsp.a(alt_close.o)
 .bss           0x000000000000d298        0x0 ../nios_software_bsp/\libhal_bsp.a(alt_dcache_flush_all.o)
 .bss           0x000000000000d298        0x0 ../nios_software_bsp/\libhal_bsp.a(alt_dev.o)
 .bss           0x000000000000d298        0x0 ../nios_software_bsp/\libhal_bsp.a(alt_dev_llist_insert.o)
 .bss           0x000000000000d298        0x0 ../nios_software_bsp/\libhal_bsp.a(alt_do_ctors.o)
 .bss           0x000000000000d298        0x0 ../nios_software_bsp/\libhal_bsp.a(alt_do_dtors.o)
 .bss           0x000000000000d298        0x0 ../nios_software_bsp/\libhal_bsp.a(alt_errno.o)
 .bss           0x000000000000d298        0x0 ../nios_software_bsp/\libhal_bsp.a(alt_icache_flush_all.o)
 .bss           0x000000000000d298        0x0 ../nios_software_bsp/\libhal_bsp.a(alt_iic.o)
 .bss           0x000000000000d298        0x0 ../nios_software_bsp/\libhal_bsp.a(alt_iic_isr_register.o)
 .bss           0x000000000000d298        0x0 ../nios_software_bsp/\libhal_bsp.a(alt_io_redirect.o)
 .bss           0x000000000000d298        0x0 ../nios_software_bsp/\libhal_bsp.a(alt_irq_entry.o)
 .bss           0x000000000000d298        0x0 ../nios_software_bsp/\libhal_bsp.a(alt_irq_handler.o)
 .bss           0x000000000000d298        0x0 ../nios_software_bsp/\libhal_bsp.a(alt_irq_vars.o)
 .bss           0x000000000000d298        0x0 ../nios_software_bsp/\libhal_bsp.a(alt_open.o)
 .bss           0x000000000000d298        0x0 ../nios_software_bsp/\libhal_bsp.a(alt_release_fd.o)
 .bss           0x000000000000d298        0x0 ../nios_software_bsp/\libhal_bsp.a(alt_tick.o)
 .bss           0x000000000000d298        0x0 ../nios_software_bsp/\libhal_bsp.a(altera_nios2_gen2_irq.o)
 .bss           0x000000000000d298        0x0 ../nios_software_bsp/\libhal_bsp.a(alt_exception_entry.o)
 .bss           0x000000000000d298        0x0 ../nios_software_bsp/\libhal_bsp.a(alt_find_dev.o)
 .bss           0x000000000000d298        0x0 ../nios_software_bsp/\libhal_bsp.a(alt_find_file.o)
 .bss           0x000000000000d298        0x0 ../nios_software_bsp/\libhal_bsp.a(alt_get_fd.o)
 .bss           0x000000000000d298        0x0 ../nios_software_bsp/\libhal_bsp.a(alt_icache_flush.o)
 .bss           0x000000000000d298        0x0 ../nios_software_bsp/\libhal_bsp.a(alt_instruction_exception_entry.o)
 .bss           0x000000000000d298        0x0 c:/intelfpga_lite/18.1/nios2eds/bin/gnu/h-x86_64-mingw32/bin/../lib/gcc/nios2-elf/5.3.0/../../../../../H-x86_64-mingw32/nios2-elf/lib\libc.a(lib_a-atexit.o)
 .bss           0x000000000000d298        0x0 c:/intelfpga_lite/18.1/nios2eds/bin/gnu/h-x86_64-mingw32/bin/../lib/gcc/nios2-elf/5.3.0/../../../../../H-x86_64-mingw32/nios2-elf/lib\libc.a(lib_a-exit.o)
 .bss           0x000000000000d298        0x0 c:/intelfpga_lite/18.1/nios2eds/bin/gnu/h-x86_64-mingw32/bin/../lib/gcc/nios2-elf/5.3.0/../../../../../H-x86_64-mingw32/nios2-elf/lib\libc.a(lib_a-impure.o)
 .bss           0x000000000000d298        0x0 c:/intelfpga_lite/18.1/nios2eds/bin/gnu/h-x86_64-mingw32/bin/../lib/gcc/nios2-elf/5.3.0/../../../../../H-x86_64-mingw32/nios2-elf/lib\libc.a(lib_a-int_errno.o)
 .bss           0x000000000000d298        0x0 c:/intelfpga_lite/18.1/nios2eds/bin/gnu/h-x86_64-mingw32/bin/../lib/gcc/nios2-elf/5.3.0/../../../../../H-x86_64-mingw32/nios2-elf/lib\libc.a(lib_a-memcmp.o)
 .bss           0x000000000000d298        0x0 c:/intelfpga_lite/18.1/nios2eds/bin/gnu/h-x86_64-mingw32/bin/../lib/gcc/nios2-elf/5.3.0/../../../../../H-x86_64-mingw32/nios2-elf/lib\libc.a(lib_a-memcpy.o)
 .bss           0x000000000000d298        0x0 c:/intelfpga_lite/18.1/nios2eds/bin/gnu/h-x86_64-mingw32/bin/../lib/gcc/nios2-elf/5.3.0/../../../../../H-x86_64-mingw32/nios2-elf/lib\libc.a(lib_a-strlen.o)
 .bss           0x000000000000d298        0x0 c:/intelfpga_lite/18.1/nios2eds/bin/gnu/h-x86_64-mingw32/bin/../lib/gcc/nios2-elf/5.3.0/../../../../../H-x86_64-mingw32/nios2-elf/lib\libc.a(lib_a-__atexit.o)
 .bss           0x000000000000d298        0x0 c:/intelfpga_lite/18.1/nios2eds/bin/gnu/h-x86_64-mingw32/bin/../lib/gcc/nios2-elf/5.3.0/../../../../../H-x86_64-mingw32/nios2-elf/lib\libc.a(lib_a-__call_atexit.o)
 .bss           0x000000000000d298        0x0 ../nios_software_bsp/\libhal_bsp.a(alt_exit.o)
 *(COMMON)
 COMMON         0x000000000000d298      0x100 ../nios_software_bsp/\libhal_bsp.a(alt_irq_handler.o)
                0x000000000000d298                alt_irq
                0x000000000000d398                . = ALIGN (0x4)
                0x000000000000d398                __bss_end = ABSOLUTE (.)

.onchip_memory2_0
                0x000000000000d398        0x0
                [!provide]                        PROVIDE (_alt_partition_onchip_memory2_0_start, ABSOLUTE (.))
 *(.onchip_memory2_0 .onchip_memory2_0. onchip_memory2_0.*)
                0x000000000000d398                . = ALIGN (0x4)
                [!provide]                        PROVIDE (_alt_partition_onchip_memory2_0_end, ABSOLUTE (.))
                0x000000000000d398                _end = ABSOLUTE (.)
                0x000000000000d398                end = ABSOLUTE (.)
                0x000000000000d398                __alt_stack_base = ABSOLUTE (.)
                [!provide]                        PROVIDE (_alt_partition_onchip_memory2_0_load_addr, LOADADDR (.onchip_memory2_0))

.stab
 *(.stab)

.stabstr
 *(.stabstr)

.stab.excl
 *(.stab.excl)

.stab.exclstr
 *(.stab.exclstr)

.stab.index
 *(.stab.index)

.stab.indexstr
 *(.stab.indexstr)

.comment        0x0000000000000000       0x23
 *(.comment)
 .comment       0x0000000000000000       0x23 ../nios_software_bsp/\libhal_bsp.a(alt_load.o)
                                         0x24 (size before relaxing)
 .comment       0x0000000000000023       0x24 ../nios_software_bsp/\libhal_bsp.a(alt_main.o)
 .comment       0x0000000000000023       0x24 ../nios_software_bsp/\libhal_bsp.a(alt_sys_init.o)
 .comment       0x0000000000000023       0x24 ../nios_software_bsp/\libhal_bsp.a(altera_avalon_jtag_uart_fd.o)
 .comment       0x0000000000000023       0x24 ../nios_software_bsp/\libhal_bsp.a(altera_avalon_jtag_uart_init.o)
 .comment       0x0000000000000023       0x24 ../nios_software_bsp/\libhal_bsp.a(altera_avalon_jtag_uart_ioctl.o)
 .comment       0x0000000000000023       0x24 ../nios_software_bsp/\libhal_bsp.a(altera_avalon_jtag_uart_read.o)
 .comment       0x0000000000000023       0x24 ../nios_software_bsp/\libhal_bsp.a(altera_avalon_jtag_uart_write.o)
 .comment       0x0000000000000023       0x24 ../nios_software_bsp/\libhal_bsp.a(alt_alarm_start.o)
 .comment       0x0000000000000023       0x24 ../nios_software_bsp/\libhal_bsp.a(alt_close.o)
 .comment       0x0000000000000023       0x24 ../nios_software_bsp/\libhal_bsp.a(alt_dcache_flush_all.o)
 .comment       0x0000000000000023       0x24 ../nios_software_bsp/\libhal_bsp.a(alt_dev.o)
 .comment       0x0000000000000023       0x24 ../nios_software_bsp/\libhal_bsp.a(alt_dev_llist_insert.o)
 .comment       0x0000000000000023       0x24 ../nios_software_bsp/\libhal_bsp.a(alt_do_ctors.o)
 .comment       0x0000000000000023       0x24 ../nios_software_bsp/\libhal_bsp.a(alt_do_dtors.o)
 .comment       0x0000000000000023       0x24 ../nios_software_bsp/\libhal_bsp.a(alt_errno.o)
 .comment       0x0000000000000023       0x24 ../nios_software_bsp/\libhal_bsp.a(alt_icache_flush_all.o)
 .comment       0x0000000000000023       0x24 ../nios_software_bsp/\libhal_bsp.a(alt_iic.o)
 .comment       0x0000000000000023       0x24 ../nios_software_bsp/\libhal_bsp.a(alt_iic_isr_register.o)
 .comment       0x0000000000000023       0x24 ../nios_software_bsp/\libhal_bsp.a(alt_io_redirect.o)
 .comment       0x0000000000000023       0x24 ../nios_software_bsp/\libhal_bsp.a(alt_irq_handler.o)
 .comment       0x0000000000000023       0x24 ../nios_software_bsp/\libhal_bsp.a(alt_irq_vars.o)
 .comment       0x0000000000000023       0x24 ../nios_software_bsp/\libhal_bsp.a(alt_open.o)
 .comment       0x0000000000000023       0x24 ../nios_software_bsp/\libhal_bsp.a(alt_release_fd.o)
 .comment       0x0000000000000023       0x24 ../nios_software_bsp/\libhal_bsp.a(alt_tick.o)
 .comment       0x0000000000000023       0x24 ../nios_software_bsp/\libhal_bsp.a(altera_nios2_gen2_irq.o)
 .comment       0x0000000000000023       0x24 ../nios_software_bsp/\libhal_bsp.a(alt_find_dev.o)
 .comment       0x0000000000000023       0x24 ../nios_software_bsp/\libhal_bsp.a(alt_find_file.o)
 .comment       0x0000000000000023       0x24 ../nios_software_bsp/\libhal_bsp.a(alt_get_fd.o)
 .comment       0x0000000000000023       0x24 ../nios_software_bsp/\libhal_bsp.a(alt_icache_flush.o)
 .comment       0x0000000000000023       0x24 ../nios_software_bsp/\libhal_bsp.a(alt_instruction_exception_entry.o)
 .comment       0x0000000000000023       0x24 c:/intelfpga_lite/18.1/nios2eds/bin/gnu/h-x86_64-mingw32/bin/../lib/gcc/nios2-elf/5.3.0/../../../../../H-x86_64-mingw32/nios2-elf/lib\libc.a(lib_a-atexit.o)
 .comment       0x0000000000000023       0x24 c:/intelfpga_lite/18.1/nios2eds/bin/gnu/h-x86_64-mingw32/bin/../lib/gcc/nios2-elf/5.3.0/../../../../../H-x86_64-mingw32/nios2-elf/lib\libc.a(lib_a-exit.o)
 .comment       0x0000000000000023       0x24 c:/intelfpga_lite/18.1/nios2eds/bin/gnu/h-x86_64-mingw32/bin/../lib/gcc/nios2-elf/5.3.0/../../../../../H-x86_64-mingw32/nios2-elf/lib\libc.a(lib_a-impure.o)
 .comment       0x0000000000000023       0x24 c:/intelfpga_lite/18.1/nios2eds/bin/gnu/h-x86_64-mingw32/bin/../lib/gcc/nios2-elf/5.3.0/../../../../../H-x86_64-mingw32/nios2-elf/lib\libc.a(lib_a-int_errno.o)
 .comment       0x0000000000000023       0x24 c:/intelfpga_lite/18.1/nios2eds/bin/gnu/h-x86_64-mingw32/bin/../lib/gcc/nios2-elf/5.3.0/../../../../../H-x86_64-mingw32/nios2-elf/lib\libc.a(lib_a-memcmp.o)
 .comment       0x0000000000000023       0x24 c:/intelfpga_lite/18.1/nios2eds/bin/gnu/h-x86_64-mingw32/bin/../lib/gcc/nios2-elf/5.3.0/../../../../../H-x86_64-mingw32/nios2-elf/lib\libc.a(lib_a-memcpy.o)
 .comment       0x0000000000000023       0x24 c:/intelfpga_lite/18.1/nios2eds/bin/gnu/h-x86_64-mingw32/bin/../lib/gcc/nios2-elf/5.3.0/../../../../../H-x86_64-mingw32/nios2-elf/lib\libc.a(lib_a-strlen.o)
 .comment       0x0000000000000023       0x24 c:/intelfpga_lite/18.1/nios2eds/bin/gnu/h-x86_64-mingw32/bin/../lib/gcc/nios2-elf/5.3.0/../../../../../H-x86_64-mingw32/nios2-elf/lib\libc.a(lib_a-__atexit.o)
 .comment       0x0000000000000023       0x24 c:/intelfpga_lite/18.1/nios2eds/bin/gnu/h-x86_64-mingw32/bin/../lib/gcc/nios2-elf/5.3.0/../../../../../H-x86_64-mingw32/nios2-elf/lib\libc.a(lib_a-__call_atexit.o)
 .comment       0x0000000000000023       0x24 ../nios_software_bsp/\libhal_bsp.a(alt_exit.o)

.debug
 *(.debug)

.line
 *(.line)

.debug_srcinfo
 *(.debug_srcinfo)

.debug_sfnames
 *(.debug_sfnames)

.debug_aranges  0x0000000000000000      0x5b8
 *(.debug_aranges)
 .debug_aranges
                0x0000000000000000       0x28 ../nios_software_bsp//obj/HAL/src/crt0.o
 .debug_aranges
                0x0000000000000028       0x20 obj/default/main.o
 .debug_aranges
                0x0000000000000048       0x20 ../nios_software_bsp/\libhal_bsp.a(alt_load.o)
 .debug_aranges
                0x0000000000000068       0x20 ../nios_software_bsp/\libhal_bsp.a(alt_main.o)
 .debug_aranges
                0x0000000000000088       0x20 ../nios_software_bsp/\libhal_bsp.a(alt_sys_init.o)
 .debug_aranges
                0x00000000000000a8       0x20 ../nios_software_bsp/\libhal_bsp.a(altera_avalon_jtag_uart_fd.o)
 .debug_aranges
                0x00000000000000c8       0x20 ../nios_software_bsp/\libhal_bsp.a(altera_avalon_jtag_uart_init.o)
 .debug_aranges
                0x00000000000000e8       0x20 ../nios_software_bsp/\libhal_bsp.a(altera_avalon_jtag_uart_ioctl.o)
 .debug_aranges
                0x0000000000000108       0x20 ../nios_software_bsp/\libhal_bsp.a(altera_avalon_jtag_uart_read.o)
 .debug_aranges
                0x0000000000000128       0x20 ../nios_software_bsp/\libhal_bsp.a(altera_avalon_jtag_uart_write.o)
 .debug_aranges
                0x0000000000000148       0x20 ../nios_software_bsp/\libhal_bsp.a(alt_alarm_start.o)
 .debug_aranges
                0x0000000000000168       0x20 ../nios_software_bsp/\libhal_bsp.a(alt_close.o)
 .debug_aranges
                0x0000000000000188       0x20 ../nios_software_bsp/\libhal_bsp.a(alt_dcache_flush_all.o)
 .debug_aranges
                0x00000000000001a8       0x20 ../nios_software_bsp/\libhal_bsp.a(alt_dev.o)
 .debug_aranges
                0x00000000000001c8       0x20 ../nios_software_bsp/\libhal_bsp.a(alt_dev_llist_insert.o)
 .debug_aranges
                0x00000000000001e8       0x20 ../nios_software_bsp/\libhal_bsp.a(alt_do_ctors.o)
 .debug_aranges
                0x0000000000000208       0x20 ../nios_software_bsp/\libhal_bsp.a(alt_do_dtors.o)
 .debug_aranges
                0x0000000000000228       0x18 ../nios_software_bsp/\libhal_bsp.a(alt_errno.o)
 .debug_aranges
                0x0000000000000240       0x20 ../nios_software_bsp/\libhal_bsp.a(alt_icache_flush_all.o)
 .debug_aranges
                0x0000000000000260       0x20 ../nios_software_bsp/\libhal_bsp.a(alt_iic.o)
 .debug_aranges
                0x0000000000000280       0x20 ../nios_software_bsp/\libhal_bsp.a(alt_iic_isr_register.o)
 .debug_aranges
                0x00000000000002a0       0x20 ../nios_software_bsp/\libhal_bsp.a(alt_io_redirect.o)
 .debug_aranges
                0x00000000000002c0       0x30 ../nios_software_bsp/\libhal_bsp.a(alt_irq_entry.o)
 .debug_aranges
                0x00000000000002f0       0x20 ../nios_software_bsp/\libhal_bsp.a(alt_irq_handler.o)
 .debug_aranges
                0x0000000000000310       0x18 ../nios_software_bsp/\libhal_bsp.a(alt_irq_vars.o)
 .debug_aranges
                0x0000000000000328       0x20 ../nios_software_bsp/\libhal_bsp.a(alt_open.o)
 .debug_aranges
                0x0000000000000348       0x20 ../nios_software_bsp/\libhal_bsp.a(alt_release_fd.o)
 .debug_aranges
                0x0000000000000368       0x20 ../nios_software_bsp/\libhal_bsp.a(alt_tick.o)
 .debug_aranges
                0x0000000000000388       0x20 ../nios_software_bsp/\libhal_bsp.a(altera_nios2_gen2_irq.o)
 .debug_aranges
                0x00000000000003a8       0x38 ../nios_software_bsp/\libhal_bsp.a(alt_exception_entry.o)
 .debug_aranges
                0x00000000000003e0       0x20 ../nios_software_bsp/\libhal_bsp.a(alt_find_dev.o)
 .debug_aranges
                0x0000000000000400       0x20 ../nios_software_bsp/\libhal_bsp.a(alt_find_file.o)
 .debug_aranges
                0x0000000000000420       0x20 ../nios_software_bsp/\libhal_bsp.a(alt_get_fd.o)
 .debug_aranges
                0x0000000000000440       0x20 ../nios_software_bsp/\libhal_bsp.a(alt_icache_flush.o)
 .debug_aranges
                0x0000000000000460       0x28 ../nios_software_bsp/\libhal_bsp.a(alt_instruction_exception_entry.o)
 .debug_aranges
                0x0000000000000488       0x20 c:/intelfpga_lite/18.1/nios2eds/bin/gnu/h-x86_64-mingw32/bin/../lib/gcc/nios2-elf/5.3.0/../../../../../H-x86_64-mingw32/nios2-elf/lib\libc.a(lib_a-atexit.o)
 .debug_aranges
                0x00000000000004a8       0x20 c:/intelfpga_lite/18.1/nios2eds/bin/gnu/h-x86_64-mingw32/bin/../lib/gcc/nios2-elf/5.3.0/../../../../../H-x86_64-mingw32/nios2-elf/lib\libc.a(lib_a-exit.o)
 .debug_aranges
                0x00000000000004c8       0x18 c:/intelfpga_lite/18.1/nios2eds/bin/gnu/h-x86_64-mingw32/bin/../lib/gcc/nios2-elf/5.3.0/../../../../../H-x86_64-mingw32/nios2-elf/lib\libc.a(lib_a-impure.o)
 .debug_aranges
                0x00000000000004e0       0x18 c:/intelfpga_lite/18.1/nios2eds/bin/gnu/h-x86_64-mingw32/bin/../lib/gcc/nios2-elf/5.3.0/../../../../../H-x86_64-mingw32/nios2-elf/lib\libc.a(lib_a-int_errno.o)
 .debug_aranges
                0x00000000000004f8       0x20 c:/intelfpga_lite/18.1/nios2eds/bin/gnu/h-x86_64-mingw32/bin/../lib/gcc/nios2-elf/5.3.0/../../../../../H-x86_64-mingw32/nios2-elf/lib\libc.a(lib_a-memcmp.o)
 .debug_aranges
                0x0000000000000518       0x20 c:/intelfpga_lite/18.1/nios2eds/bin/gnu/h-x86_64-mingw32/bin/../lib/gcc/nios2-elf/5.3.0/../../../../../H-x86_64-mingw32/nios2-elf/lib\libc.a(lib_a-memcpy.o)
 .debug_aranges
                0x0000000000000538       0x20 c:/intelfpga_lite/18.1/nios2eds/bin/gnu/h-x86_64-mingw32/bin/../lib/gcc/nios2-elf/5.3.0/../../../../../H-x86_64-mingw32/nios2-elf/lib\libc.a(lib_a-strlen.o)
 .debug_aranges
                0x0000000000000558       0x20 c:/intelfpga_lite/18.1/nios2eds/bin/gnu/h-x86_64-mingw32/bin/../lib/gcc/nios2-elf/5.3.0/../../../../../H-x86_64-mingw32/nios2-elf/lib\libc.a(lib_a-__atexit.o)
 .debug_aranges
                0x0000000000000578       0x20 c:/intelfpga_lite/18.1/nios2eds/bin/gnu/h-x86_64-mingw32/bin/../lib/gcc/nios2-elf/5.3.0/../../../../../H-x86_64-mingw32/nios2-elf/lib\libc.a(lib_a-__call_atexit.o)
 .debug_aranges
                0x0000000000000598       0x20 ../nios_software_bsp/\libhal_bsp.a(alt_exit.o)

.debug_pubnames
 *(.debug_pubnames)

.debug_info     0x0000000000000000     0x7536
 *(.debug_info .gnu.linkonce.wi.*)
 .debug_info    0x0000000000000000       0x82 ../nios_software_bsp//obj/HAL/src/crt0.o
 .debug_info    0x0000000000000082       0x7a obj/default/main.o
 .debug_info    0x00000000000000fc      0x145 ../nios_software_bsp/\libhal_bsp.a(alt_load.o)
 .debug_info    0x0000000000000241      0x131 ../nios_software_bsp/\libhal_bsp.a(alt_main.o)
 .debug_info    0x0000000000000372      0x4c3 ../nios_software_bsp/\libhal_bsp.a(alt_sys_init.o)
 .debug_info    0x0000000000000835      0x52e ../nios_software_bsp/\libhal_bsp.a(altera_avalon_jtag_uart_fd.o)
 .debug_info    0x0000000000000d63      0x3a0 ../nios_software_bsp/\libhal_bsp.a(altera_avalon_jtag_uart_init.o)
 .debug_info    0x0000000000001103      0x280 ../nios_software_bsp/\libhal_bsp.a(altera_avalon_jtag_uart_ioctl.o)
 .debug_info    0x0000000000001383      0x345 ../nios_software_bsp/\libhal_bsp.a(altera_avalon_jtag_uart_read.o)
 .debug_info    0x00000000000016c8      0x340 ../nios_software_bsp/\libhal_bsp.a(altera_avalon_jtag_uart_write.o)
 .debug_info    0x0000000000001a08      0x2cc ../nios_software_bsp/\libhal_bsp.a(alt_alarm_start.o)
 .debug_info    0x0000000000001cd4      0x321 ../nios_software_bsp/\libhal_bsp.a(alt_close.o)
 .debug_info    0x0000000000001ff5       0xa5 ../nios_software_bsp/\libhal_bsp.a(alt_dcache_flush_all.o)
 .debug_info    0x000000000000209a      0x49c ../nios_software_bsp/\libhal_bsp.a(alt_dev.o)
 .debug_info    0x0000000000002536      0x1a9 ../nios_software_bsp/\libhal_bsp.a(alt_dev_llist_insert.o)
 .debug_info    0x00000000000026df       0x83 ../nios_software_bsp/\libhal_bsp.a(alt_do_ctors.o)
 .debug_info    0x0000000000002762       0x83 ../nios_software_bsp/\libhal_bsp.a(alt_do_dtors.o)
 .debug_info    0x00000000000027e5       0xa6 ../nios_software_bsp/\libhal_bsp.a(alt_errno.o)
 .debug_info    0x000000000000288b       0x92 ../nios_software_bsp/\libhal_bsp.a(alt_icache_flush_all.o)
 .debug_info    0x000000000000291d      0x350 ../nios_software_bsp/\libhal_bsp.a(alt_iic.o)
 .debug_info    0x0000000000002c6d      0x1ef ../nios_software_bsp/\libhal_bsp.a(alt_iic_isr_register.o)
 .debug_info    0x0000000000002e5c      0x4a5 ../nios_software_bsp/\libhal_bsp.a(alt_io_redirect.o)
 .debug_info    0x0000000000003301       0x8b ../nios_software_bsp/\libhal_bsp.a(alt_irq_entry.o)
 .debug_info    0x000000000000338c      0x187 ../nios_software_bsp/\libhal_bsp.a(alt_irq_handler.o)
 .debug_info    0x0000000000003513       0x88 ../nios_software_bsp/\libhal_bsp.a(alt_irq_vars.o)
 .debug_info    0x000000000000359b      0x3bb ../nios_software_bsp/\libhal_bsp.a(alt_open.o)
 .debug_info    0x0000000000003956      0x2b0 ../nios_software_bsp/\libhal_bsp.a(alt_release_fd.o)
 .debug_info    0x0000000000003c06      0x299 ../nios_software_bsp/\libhal_bsp.a(alt_tick.o)
 .debug_info    0x0000000000003e9f       0x92 ../nios_software_bsp/\libhal_bsp.a(altera_nios2_gen2_irq.o)
 .debug_info    0x0000000000003f31       0x91 ../nios_software_bsp/\libhal_bsp.a(alt_exception_entry.o)
 .debug_info    0x0000000000003fc2      0x2e9 ../nios_software_bsp/\libhal_bsp.a(alt_find_dev.o)
 .debug_info    0x00000000000042ab      0x2e6 ../nios_software_bsp/\libhal_bsp.a(alt_find_file.o)
 .debug_info    0x0000000000004591      0x310 ../nios_software_bsp/\libhal_bsp.a(alt_get_fd.o)
 .debug_info    0x00000000000048a1       0xdc ../nios_software_bsp/\libhal_bsp.a(alt_icache_flush.o)
 .debug_info    0x000000000000497d      0x1e7 ../nios_software_bsp/\libhal_bsp.a(alt_instruction_exception_entry.o)
 .debug_info    0x0000000000004b64       0xfe c:/intelfpga_lite/18.1/nios2eds/bin/gnu/h-x86_64-mingw32/bin/../lib/gcc/nios2-elf/5.3.0/../../../../../H-x86_64-mingw32/nios2-elf/lib\libc.a(lib_a-atexit.o)
 .debug_info    0x0000000000004c62      0x8e4 c:/intelfpga_lite/18.1/nios2eds/bin/gnu/h-x86_64-mingw32/bin/../lib/gcc/nios2-elf/5.3.0/../../../../../H-x86_64-mingw32/nios2-elf/lib\libc.a(lib_a-exit.o)
 .debug_info    0x0000000000005546      0x8a1 c:/intelfpga_lite/18.1/nios2eds/bin/gnu/h-x86_64-mingw32/bin/../lib/gcc/nios2-elf/5.3.0/../../../../../H-x86_64-mingw32/nios2-elf/lib\libc.a(lib_a-impure.o)
 .debug_info    0x0000000000005de7       0x8a c:/intelfpga_lite/18.1/nios2eds/bin/gnu/h-x86_64-mingw32/bin/../lib/gcc/nios2-elf/5.3.0/../../../../../H-x86_64-mingw32/nios2-elf/lib\libc.a(lib_a-int_errno.o)
 .debug_info    0x0000000000005e71      0x11a c:/intelfpga_lite/18.1/nios2eds/bin/gnu/h-x86_64-mingw32/bin/../lib/gcc/nios2-elf/5.3.0/../../../../../H-x86_64-mingw32/nios2-elf/lib\libc.a(lib_a-memcmp.o)
 .debug_info    0x0000000000005f8b      0x144 c:/intelfpga_lite/18.1/nios2eds/bin/gnu/h-x86_64-mingw32/bin/../lib/gcc/nios2-elf/5.3.0/../../../../../H-x86_64-mingw32/nios2-elf/lib\libc.a(lib_a-memcpy.o)
 .debug_info    0x00000000000060cf       0xe2 c:/intelfpga_lite/18.1/nios2eds/bin/gnu/h-x86_64-mingw32/bin/../lib/gcc/nios2-elf/5.3.0/../../../../../H-x86_64-mingw32/nios2-elf/lib\libc.a(lib_a-strlen.o)
 .debug_info    0x00000000000061b1      0x934 c:/intelfpga_lite/18.1/nios2eds/bin/gnu/h-x86_64-mingw32/bin/../lib/gcc/nios2-elf/5.3.0/../../../../../H-x86_64-mingw32/nios2-elf/lib\libc.a(lib_a-__atexit.o)
 .debug_info    0x0000000000006ae5      0x965 c:/intelfpga_lite/18.1/nios2eds/bin/gnu/h-x86_64-mingw32/bin/../lib/gcc/nios2-elf/5.3.0/../../../../../H-x86_64-mingw32/nios2-elf/lib\libc.a(lib_a-__call_atexit.o)
 .debug_info    0x000000000000744a       0xec ../nios_software_bsp/\libhal_bsp.a(alt_exit.o)

.debug_abbrev   0x0000000000000000     0x28fd
 *(.debug_abbrev)
 .debug_abbrev  0x0000000000000000       0x12 ../nios_software_bsp//obj/HAL/src/crt0.o
 .debug_abbrev  0x0000000000000012       0x14 obj/default/main.o
 .debug_abbrev  0x0000000000000026       0x9f ../nios_software_bsp/\libhal_bsp.a(alt_load.o)
 .debug_abbrev  0x00000000000000c5       0xba ../nios_software_bsp/\libhal_bsp.a(alt_main.o)
 .debug_abbrev  0x000000000000017f      0x187 ../nios_software_bsp/\libhal_bsp.a(alt_sys_init.o)
 .debug_abbrev  0x0000000000000306      0x127 ../nios_software_bsp/\libhal_bsp.a(altera_avalon_jtag_uart_fd.o)
 .debug_abbrev  0x000000000000042d      0x19e ../nios_software_bsp/\libhal_bsp.a(altera_avalon_jtag_uart_init.o)
 .debug_abbrev  0x00000000000005cb      0x111 ../nios_software_bsp/\libhal_bsp.a(altera_avalon_jtag_uart_ioctl.o)
 .debug_abbrev  0x00000000000006dc      0x1aa ../nios_software_bsp/\libhal_bsp.a(altera_avalon_jtag_uart_read.o)
 .debug_abbrev  0x0000000000000886      0x1a8 ../nios_software_bsp/\libhal_bsp.a(altera_avalon_jtag_uart_write.o)
 .debug_abbrev  0x0000000000000a2e      0x162 ../nios_software_bsp/\libhal_bsp.a(alt_alarm_start.o)
 .debug_abbrev  0x0000000000000b90      0x11f ../nios_software_bsp/\libhal_bsp.a(alt_close.o)
 .debug_abbrev  0x0000000000000caf       0x5a ../nios_software_bsp/\libhal_bsp.a(alt_dcache_flush_all.o)
 .debug_abbrev  0x0000000000000d09       0xd9 ../nios_software_bsp/\libhal_bsp.a(alt_dev.o)
 .debug_abbrev  0x0000000000000de2      0x114 ../nios_software_bsp/\libhal_bsp.a(alt_dev_llist_insert.o)
 .debug_abbrev  0x0000000000000ef6       0x79 ../nios_software_bsp/\libhal_bsp.a(alt_do_ctors.o)
 .debug_abbrev  0x0000000000000f6f       0x79 ../nios_software_bsp/\libhal_bsp.a(alt_do_dtors.o)
 .debug_abbrev  0x0000000000000fe8       0x5a ../nios_software_bsp/\libhal_bsp.a(alt_errno.o)
 .debug_abbrev  0x0000000000001042       0x42 ../nios_software_bsp/\libhal_bsp.a(alt_icache_flush_all.o)
 .debug_abbrev  0x0000000000001084      0x163 ../nios_software_bsp/\libhal_bsp.a(alt_iic.o)
 .debug_abbrev  0x00000000000011e7      0x169 ../nios_software_bsp/\libhal_bsp.a(alt_iic_isr_register.o)
 .debug_abbrev  0x0000000000001350      0x114 ../nios_software_bsp/\libhal_bsp.a(alt_io_redirect.o)
 .debug_abbrev  0x0000000000001464       0x12 ../nios_software_bsp/\libhal_bsp.a(alt_irq_entry.o)
 .debug_abbrev  0x0000000000001476      0x122 ../nios_software_bsp/\libhal_bsp.a(alt_irq_handler.o)
 .debug_abbrev  0x0000000000001598       0x40 ../nios_software_bsp/\libhal_bsp.a(alt_irq_vars.o)
 .debug_abbrev  0x00000000000015d8      0x148 ../nios_software_bsp/\libhal_bsp.a(alt_open.o)
 .debug_abbrev  0x0000000000001720       0xde ../nios_software_bsp/\libhal_bsp.a(alt_release_fd.o)
 .debug_abbrev  0x00000000000017fe      0x15a ../nios_software_bsp/\libhal_bsp.a(alt_tick.o)
 .debug_abbrev  0x0000000000001958       0x42 ../nios_software_bsp/\libhal_bsp.a(altera_nios2_gen2_irq.o)
 .debug_abbrev  0x000000000000199a       0x12 ../nios_software_bsp/\libhal_bsp.a(alt_exception_entry.o)
 .debug_abbrev  0x00000000000019ac       0xf0 ../nios_software_bsp/\libhal_bsp.a(alt_find_dev.o)
 .debug_abbrev  0x0000000000001a9c       0xf0 ../nios_software_bsp/\libhal_bsp.a(alt_find_file.o)
 .debug_abbrev  0x0000000000001b8c      0x10d ../nios_software_bsp/\libhal_bsp.a(alt_get_fd.o)
 .debug_abbrev  0x0000000000001c99       0x8c ../nios_software_bsp/\libhal_bsp.a(alt_icache_flush.o)
 .debug_abbrev  0x0000000000001d25       0xdc ../nios_software_bsp/\libhal_bsp.a(alt_instruction_exception_entry.o)
 .debug_abbrev  0x0000000000001e01       0xaa c:/intelfpga_lite/18.1/nios2eds/bin/gnu/h-x86_64-mingw32/bin/../lib/gcc/nios2-elf/5.3.0/../../../../../H-x86_64-mingw32/nios2-elf/lib\libc.a(lib_a-atexit.o)
 .debug_abbrev  0x0000000000001eab      0x1e5 c:/intelfpga_lite/18.1/nios2eds/bin/gnu/h-x86_64-mingw32/bin/../lib/gcc/nios2-elf/5.3.0/../../../../../H-x86_64-mingw32/nios2-elf/lib\libc.a(lib_a-exit.o)
 .debug_abbrev  0x0000000000002090      0x18f c:/intelfpga_lite/18.1/nios2eds/bin/gnu/h-x86_64-mingw32/bin/../lib/gcc/nios2-elf/5.3.0/../../../../../H-x86_64-mingw32/nios2-elf/lib\libc.a(lib_a-impure.o)
 .debug_abbrev  0x000000000000221f       0x37 c:/intelfpga_lite/18.1/nios2eds/bin/gnu/h-x86_64-mingw32/bin/../lib/gcc/nios2-elf/5.3.0/../../../../../H-x86_64-mingw32/nios2-elf/lib\libc.a(lib_a-int_errno.o)
 .debug_abbrev  0x0000000000002256       0x7f c:/intelfpga_lite/18.1/nios2eds/bin/gnu/h-x86_64-mingw32/bin/../lib/gcc/nios2-elf/5.3.0/../../../../../H-x86_64-mingw32/nios2-elf/lib\libc.a(lib_a-memcmp.o)
 .debug_abbrev  0x00000000000022d5       0xa3 c:/intelfpga_lite/18.1/nios2eds/bin/gnu/h-x86_64-mingw32/bin/../lib/gcc/nios2-elf/5.3.0/../../../../../H-x86_64-mingw32/nios2-elf/lib\libc.a(lib_a-memcpy.o)
 .debug_abbrev  0x0000000000002378       0x90 c:/intelfpga_lite/18.1/nios2eds/bin/gnu/h-x86_64-mingw32/bin/../lib/gcc/nios2-elf/5.3.0/../../../../../H-x86_64-mingw32/nios2-elf/lib\libc.a(lib_a-strlen.o)
 .debug_abbrev  0x0000000000002408      0x21e c:/intelfpga_lite/18.1/nios2eds/bin/gnu/h-x86_64-mingw32/bin/../lib/gcc/nios2-elf/5.3.0/../../../../../H-x86_64-mingw32/nios2-elf/lib\libc.a(lib_a-__atexit.o)
 .debug_abbrev  0x0000000000002626      0x22e c:/intelfpga_lite/18.1/nios2eds/bin/gnu/h-x86_64-mingw32/bin/../lib/gcc/nios2-elf/5.3.0/../../../../../H-x86_64-mingw32/nios2-elf/lib\libc.a(lib_a-__call_atexit.o)
 .debug_abbrev  0x0000000000002854       0xa9 ../nios_software_bsp/\libhal_bsp.a(alt_exit.o)

.debug_line     0x0000000000000000     0x2966
 *(.debug_line)
 .debug_line    0x0000000000000000       0x72 ../nios_software_bsp//obj/HAL/src/crt0.o
 .debug_line    0x0000000000000072       0x58 obj/default/main.o
 .debug_line    0x00000000000000ca       0x8e ../nios_software_bsp/\libhal_bsp.a(alt_load.o)
 .debug_line    0x0000000000000158       0xa4 ../nios_software_bsp/\libhal_bsp.a(alt_main.o)
 .debug_line    0x00000000000001fc      0x137 ../nios_software_bsp/\libhal_bsp.a(alt_sys_init.o)
 .debug_line    0x0000000000000333      0x12f ../nios_software_bsp/\libhal_bsp.a(altera_avalon_jtag_uart_fd.o)
 .debug_line    0x0000000000000462      0x18b ../nios_software_bsp/\libhal_bsp.a(altera_avalon_jtag_uart_init.o)
 .debug_line    0x00000000000005ed      0x131 ../nios_software_bsp/\libhal_bsp.a(altera_avalon_jtag_uart_ioctl.o)
 .debug_line    0x000000000000071e      0x171 ../nios_software_bsp/\libhal_bsp.a(altera_avalon_jtag_uart_read.o)
 .debug_line    0x000000000000088f      0x170 ../nios_software_bsp/\libhal_bsp.a(altera_avalon_jtag_uart_write.o)
 .debug_line    0x00000000000009ff       0xf9 ../nios_software_bsp/\libhal_bsp.a(alt_alarm_start.o)
 .debug_line    0x0000000000000af8      0x165 ../nios_software_bsp/\libhal_bsp.a(alt_close.o)
 .debug_line    0x0000000000000c5d       0x61 ../nios_software_bsp/\libhal_bsp.a(alt_dcache_flush_all.o)
 .debug_line    0x0000000000000cbe       0xf8 ../nios_software_bsp/\libhal_bsp.a(alt_dev.o)
 .debug_line    0x0000000000000db6       0xcf ../nios_software_bsp/\libhal_bsp.a(alt_dev_llist_insert.o)
 .debug_line    0x0000000000000e85       0x59 ../nios_software_bsp/\libhal_bsp.a(alt_do_ctors.o)
 .debug_line    0x0000000000000ede       0x59 ../nios_software_bsp/\libhal_bsp.a(alt_do_dtors.o)
 .debug_line    0x0000000000000f37       0x51 ../nios_software_bsp/\libhal_bsp.a(alt_errno.o)
 .debug_line    0x0000000000000f88       0x50 ../nios_software_bsp/\libhal_bsp.a(alt_icache_flush_all.o)
 .debug_line    0x0000000000000fd8       0xeb ../nios_software_bsp/\libhal_bsp.a(alt_iic.o)
 .debug_line    0x00000000000010c3       0xdb ../nios_software_bsp/\libhal_bsp.a(alt_iic_isr_register.o)
 .debug_line    0x000000000000119e      0x133 ../nios_software_bsp/\libhal_bsp.a(alt_io_redirect.o)
 .debug_line    0x00000000000012d1       0x6b ../nios_software_bsp/\libhal_bsp.a(alt_irq_entry.o)
 .debug_line    0x000000000000133c       0xaa ../nios_software_bsp/\libhal_bsp.a(alt_irq_handler.o)
 .debug_line    0x00000000000013e6       0x50 ../nios_software_bsp/\libhal_bsp.a(alt_irq_vars.o)
 .debug_line    0x0000000000001436      0x128 ../nios_software_bsp/\libhal_bsp.a(alt_open.o)
 .debug_line    0x000000000000155e       0xae ../nios_software_bsp/\libhal_bsp.a(alt_release_fd.o)
 .debug_line    0x000000000000160c       0xff ../nios_software_bsp/\libhal_bsp.a(alt_tick.o)
 .debug_line    0x000000000000170b       0x51 ../nios_software_bsp/\libhal_bsp.a(altera_nios2_gen2_irq.o)
 .debug_line    0x000000000000175c       0xb3 ../nios_software_bsp/\libhal_bsp.a(alt_exception_entry.o)
 .debug_line    0x000000000000180f       0xb5 ../nios_software_bsp/\libhal_bsp.a(alt_find_dev.o)
 .debug_line    0x00000000000018c4       0xd1 ../nios_software_bsp/\libhal_bsp.a(alt_find_file.o)
 .debug_line    0x0000000000001995       0xd4 ../nios_software_bsp/\libhal_bsp.a(alt_get_fd.o)
 .debug_line    0x0000000000001a69       0x81 ../nios_software_bsp/\libhal_bsp.a(alt_icache_flush.o)
 .debug_line    0x0000000000001aea       0xba ../nios_software_bsp/\libhal_bsp.a(alt_instruction_exception_entry.o)
 .debug_line    0x0000000000001ba4       0xe4 c:/intelfpga_lite/18.1/nios2eds/bin/gnu/h-x86_64-mingw32/bin/../lib/gcc/nios2-elf/5.3.0/../../../../../H-x86_64-mingw32/nios2-elf/lib\libc.a(lib_a-atexit.o)
 .debug_line    0x0000000000001c88      0x1f9 c:/intelfpga_lite/18.1/nios2eds/bin/gnu/h-x86_64-mingw32/bin/../lib/gcc/nios2-elf/5.3.0/../../../../../H-x86_64-mingw32/nios2-elf/lib\libc.a(lib_a-exit.o)
 .debug_line    0x0000000000001e81      0x15d c:/intelfpga_lite/18.1/nios2eds/bin/gnu/h-x86_64-mingw32/bin/../lib/gcc/nios2-elf/5.3.0/../../../../../H-x86_64-mingw32/nios2-elf/lib\libc.a(lib_a-impure.o)
 .debug_line    0x0000000000001fde       0x5c c:/intelfpga_lite/18.1/nios2eds/bin/gnu/h-x86_64-mingw32/bin/../lib/gcc/nios2-elf/5.3.0/../../../../../H-x86_64-mingw32/nios2-elf/lib\libc.a(lib_a-int_errno.o)
 .debug_line    0x000000000000203a      0x173 c:/intelfpga_lite/18.1/nios2eds/bin/gnu/h-x86_64-mingw32/bin/../lib/gcc/nios2-elf/5.3.0/../../../../../H-x86_64-mingw32/nios2-elf/lib\libc.a(lib_a-memcmp.o)
 .debug_line    0x00000000000021ad      0x189 c:/intelfpga_lite/18.1/nios2eds/bin/gnu/h-x86_64-mingw32/bin/../lib/gcc/nios2-elf/5.3.0/../../../../../H-x86_64-mingw32/nios2-elf/lib\libc.a(lib_a-memcpy.o)
 .debug_line    0x0000000000002336      0x16c c:/intelfpga_lite/18.1/nios2eds/bin/gnu/h-x86_64-mingw32/bin/../lib/gcc/nios2-elf/5.3.0/../../../../../H-x86_64-mingw32/nios2-elf/lib\libc.a(lib_a-strlen.o)
 .debug_line    0x00000000000024a2      0x21c c:/intelfpga_lite/18.1/nios2eds/bin/gnu/h-x86_64-mingw32/bin/../lib/gcc/nios2-elf/5.3.0/../../../../../H-x86_64-mingw32/nios2-elf/lib\libc.a(lib_a-__atexit.o)
 .debug_line    0x00000000000026be      0x237 c:/intelfpga_lite/18.1/nios2eds/bin/gnu/h-x86_64-mingw32/bin/../lib/gcc/nios2-elf/5.3.0/../../../../../H-x86_64-mingw32/nios2-elf/lib\libc.a(lib_a-__call_atexit.o)
 .debug_line    0x00000000000028f5       0x71 ../nios_software_bsp/\libhal_bsp.a(alt_exit.o)

.debug_frame    0x0000000000000000      0xa74
 *(.debug_frame)
 .debug_frame   0x0000000000000000       0x5c ../nios_software_bsp/\libhal_bsp.a(alt_load.o)
 .debug_frame   0x000000000000005c       0x2c ../nios_software_bsp/\libhal_bsp.a(alt_main.o)
 .debug_frame   0x0000000000000088       0x88 ../nios_software_bsp/\libhal_bsp.a(alt_sys_init.o)
 .debug_frame   0x0000000000000110       0xb0 ../nios_software_bsp/\libhal_bsp.a(altera_avalon_jtag_uart_fd.o)
 .debug_frame   0x00000000000001c0       0xa4 ../nios_software_bsp/\libhal_bsp.a(altera_avalon_jtag_uart_init.o)
 .debug_frame   0x0000000000000264       0x34 ../nios_software_bsp/\libhal_bsp.a(altera_avalon_jtag_uart_ioctl.o)
 .debug_frame   0x0000000000000298       0x38 ../nios_software_bsp/\libhal_bsp.a(altera_avalon_jtag_uart_read.o)
 .debug_frame   0x00000000000002d0       0x38 ../nios_software_bsp/\libhal_bsp.a(altera_avalon_jtag_uart_write.o)
 .debug_frame   0x0000000000000308       0x34 ../nios_software_bsp/\libhal_bsp.a(alt_alarm_start.o)
 .debug_frame   0x000000000000033c       0x60 ../nios_software_bsp/\libhal_bsp.a(alt_close.o)
 .debug_frame   0x000000000000039c       0x34 ../nios_software_bsp/\libhal_bsp.a(alt_dcache_flush_all.o)
 .debug_frame   0x00000000000003d0       0x34 ../nios_software_bsp/\libhal_bsp.a(alt_dev.o)
 .debug_frame   0x0000000000000404       0x60 ../nios_software_bsp/\libhal_bsp.a(alt_dev_llist_insert.o)
 .debug_frame   0x0000000000000464       0x38 ../nios_software_bsp/\libhal_bsp.a(alt_do_ctors.o)
 .debug_frame   0x000000000000049c       0x38 ../nios_software_bsp/\libhal_bsp.a(alt_do_dtors.o)
 .debug_frame   0x00000000000004d4       0x38 ../nios_software_bsp/\libhal_bsp.a(alt_icache_flush_all.o)
 .debug_frame   0x000000000000050c       0xa4 ../nios_software_bsp/\libhal_bsp.a(alt_iic.o)
 .debug_frame   0x00000000000005b0       0x38 ../nios_software_bsp/\libhal_bsp.a(alt_iic_isr_register.o)
 .debug_frame   0x00000000000005e8       0x60 ../nios_software_bsp/\libhal_bsp.a(alt_io_redirect.o)
 .debug_frame   0x0000000000000648       0x38 ../nios_software_bsp/\libhal_bsp.a(alt_irq_handler.o)
 .debug_frame   0x0000000000000680       0x84 ../nios_software_bsp/\libhal_bsp.a(alt_open.o)
 .debug_frame   0x0000000000000704       0x34 ../nios_software_bsp/\libhal_bsp.a(alt_release_fd.o)
 .debug_frame   0x0000000000000738       0x5c ../nios_software_bsp/\libhal_bsp.a(alt_tick.o)
 .debug_frame   0x0000000000000794       0x34 ../nios_software_bsp/\libhal_bsp.a(altera_nios2_gen2_irq.o)
 .debug_frame   0x00000000000007c8       0x38 ../nios_software_bsp/\libhal_bsp.a(alt_find_dev.o)
 .debug_frame   0x0000000000000800       0x38 ../nios_software_bsp/\libhal_bsp.a(alt_find_file.o)
 .debug_frame   0x0000000000000838       0x34 ../nios_software_bsp/\libhal_bsp.a(alt_get_fd.o)
 .debug_frame   0x000000000000086c       0x34 ../nios_software_bsp/\libhal_bsp.a(alt_icache_flush.o)
 .debug_frame   0x00000000000008a0       0x5c ../nios_software_bsp/\libhal_bsp.a(alt_instruction_exception_entry.o)
 .debug_frame   0x00000000000008fc       0x20 c:/intelfpga_lite/18.1/nios2eds/bin/gnu/h-x86_64-mingw32/bin/../lib/gcc/nios2-elf/5.3.0/../../../../../H-x86_64-mingw32/nios2-elf/lib\libc.a(lib_a-atexit.o)
 .debug_frame   0x000000000000091c       0x28 c:/intelfpga_lite/18.1/nios2eds/bin/gnu/h-x86_64-mingw32/bin/../lib/gcc/nios2-elf/5.3.0/../../../../../H-x86_64-mingw32/nios2-elf/lib\libc.a(lib_a-exit.o)
 .debug_frame   0x0000000000000944       0x20 c:/intelfpga_lite/18.1/nios2eds/bin/gnu/h-x86_64-mingw32/bin/../lib/gcc/nios2-elf/5.3.0/../../../../../H-x86_64-mingw32/nios2-elf/lib\libc.a(lib_a-memcmp.o)
 .debug_frame   0x0000000000000964       0x38 c:/intelfpga_lite/18.1/nios2eds/bin/gnu/h-x86_64-mingw32/bin/../lib/gcc/nios2-elf/5.3.0/../../../../../H-x86_64-mingw32/nios2-elf/lib\libc.a(lib_a-memcpy.o)
 .debug_frame   0x000000000000099c       0x20 c:/intelfpga_lite/18.1/nios2eds/bin/gnu/h-x86_64-mingw32/bin/../lib/gcc/nios2-elf/5.3.0/../../../../../H-x86_64-mingw32/nios2-elf/lib\libc.a(lib_a-strlen.o)
 .debug_frame   0x00000000000009bc       0x38 c:/intelfpga_lite/18.1/nios2eds/bin/gnu/h-x86_64-mingw32/bin/../lib/gcc/nios2-elf/5.3.0/../../../../../H-x86_64-mingw32/nios2-elf/lib\libc.a(lib_a-__atexit.o)
 .debug_frame   0x00000000000009f4       0x54 c:/intelfpga_lite/18.1/nios2eds/bin/gnu/h-x86_64-mingw32/bin/../lib/gcc/nios2-elf/5.3.0/../../../../../H-x86_64-mingw32/nios2-elf/lib\libc.a(lib_a-__call_atexit.o)
 .debug_frame   0x0000000000000a48       0x2c ../nios_software_bsp/\libhal_bsp.a(alt_exit.o)

.debug_str      0x0000000000000000     0x19c0
 *(.debug_str)
 .debug_str     0x0000000000000000      0x1ea ../nios_software_bsp/\libhal_bsp.a(alt_load.o)
                                        0x223 (size before relaxing)
 .debug_str     0x00000000000001ea       0x70 ../nios_software_bsp/\libhal_bsp.a(alt_main.o)
                                        0x1ae (size before relaxing)
 .debug_str     0x000000000000025a      0x1a2 ../nios_software_bsp/\libhal_bsp.a(alt_sys_init.o)
                                        0x369 (size before relaxing)
 .debug_str     0x00000000000003fc       0xb9 ../nios_software_bsp/\libhal_bsp.a(altera_avalon_jtag_uart_fd.o)
                                        0x3b5 (size before relaxing)
 .debug_str     0x00000000000004b5       0xd1 ../nios_software_bsp/\libhal_bsp.a(altera_avalon_jtag_uart_init.o)
                                        0x349 (size before relaxing)
 .debug_str     0x0000000000000586       0x4a ../nios_software_bsp/\libhal_bsp.a(altera_avalon_jtag_uart_ioctl.o)
                                        0x2a4 (size before relaxing)
 .debug_str     0x00000000000005d0       0x7f ../nios_software_bsp/\libhal_bsp.a(altera_avalon_jtag_uart_read.o)
                                        0x2f9 (size before relaxing)
 .debug_str     0x000000000000064f       0x4a ../nios_software_bsp/\libhal_bsp.a(altera_avalon_jtag_uart_write.o)
                                        0x2fa (size before relaxing)
 .debug_str     0x0000000000000699       0x59 ../nios_software_bsp/\libhal_bsp.a(alt_alarm_start.o)
                                        0x28f (size before relaxing)
 .debug_str     0x00000000000006f2       0x44 ../nios_software_bsp/\libhal_bsp.a(alt_close.o)
                                        0x21c (size before relaxing)
 .debug_str     0x0000000000000736       0x34 ../nios_software_bsp/\libhal_bsp.a(alt_dcache_flush_all.o)
                                        0x166 (size before relaxing)
 .debug_str     0x000000000000076a      0x120 ../nios_software_bsp/\libhal_bsp.a(alt_dev.o)
                                        0x316 (size before relaxing)
 .debug_str     0x000000000000088a       0x34 ../nios_software_bsp/\libhal_bsp.a(alt_dev_llist_insert.o)
                                        0x1dd (size before relaxing)
 .debug_str     0x00000000000008be       0x48 ../nios_software_bsp/\libhal_bsp.a(alt_do_ctors.o)
                                         0xe1 (size before relaxing)
 .debug_str     0x0000000000000906       0x4c ../nios_software_bsp/\libhal_bsp.a(alt_do_dtors.o)
                                         0xe0 (size before relaxing)
 .debug_str     0x0000000000000952       0x14 ../nios_software_bsp/\libhal_bsp.a(alt_errno.o)
                                        0x156 (size before relaxing)
 .debug_str     0x0000000000000966       0x34 ../nios_software_bsp/\libhal_bsp.a(alt_icache_flush_all.o)
                                        0x166 (size before relaxing)
 .debug_str     0x000000000000099a       0xc4 ../nios_software_bsp/\libhal_bsp.a(alt_iic.o)
                                        0x24f (size before relaxing)
 .debug_str     0x0000000000000a5e       0x4c ../nios_software_bsp/\libhal_bsp.a(alt_iic_isr_register.o)
                                        0x1f9 (size before relaxing)
 .debug_str     0x0000000000000aaa       0x56 ../nios_software_bsp/\libhal_bsp.a(alt_io_redirect.o)
                                        0x327 (size before relaxing)
 .debug_str     0x0000000000000b00       0x3a ../nios_software_bsp/\libhal_bsp.a(alt_irq_handler.o)
                                        0x1a8 (size before relaxing)
 .debug_str     0x0000000000000b3a       0x17 ../nios_software_bsp/\libhal_bsp.a(alt_irq_vars.o)
                                        0x14b (size before relaxing)
 .debug_str     0x0000000000000b51       0x2f ../nios_software_bsp/\libhal_bsp.a(alt_open.o)
                                        0x25c (size before relaxing)
 .debug_str     0x0000000000000b80       0x28 ../nios_software_bsp/\libhal_bsp.a(alt_release_fd.o)
                                        0x1e4 (size before relaxing)
 .debug_str     0x0000000000000ba8       0x4a ../nios_software_bsp/\libhal_bsp.a(alt_tick.o)
                                        0x263 (size before relaxing)
 .debug_str     0x0000000000000bf2       0x3b ../nios_software_bsp/\libhal_bsp.a(altera_nios2_gen2_irq.o)
                                        0x16d (size before relaxing)
 .debug_str     0x0000000000000c2d       0x24 ../nios_software_bsp/\libhal_bsp.a(alt_find_dev.o)
                                        0x1fd (size before relaxing)
 .debug_str     0x0000000000000c51       0x26 ../nios_software_bsp/\libhal_bsp.a(alt_find_file.o)
                                        0x20b (size before relaxing)
 .debug_str     0x0000000000000c77       0x30 ../nios_software_bsp/\libhal_bsp.a(alt_get_fd.o)
                                        0x22d (size before relaxing)
 .debug_str     0x0000000000000ca7       0x2c ../nios_software_bsp/\libhal_bsp.a(alt_icache_flush.o)
                                        0x16c (size before relaxing)
 .debug_str     0x0000000000000cd3      0x48b ../nios_software_bsp/\libhal_bsp.a(alt_instruction_exception_entry.o)
                                        0x5b1 (size before relaxing)
 .debug_str     0x000000000000115e      0x162 c:/intelfpga_lite/18.1/nios2eds/bin/gnu/h-x86_64-mingw32/bin/../lib/gcc/nios2-elf/5.3.0/../../../../../H-x86_64-mingw32/nios2-elf/lib\libc.a(lib_a-atexit.o)
                                        0x207 (size before relaxing)
 .debug_str     0x00000000000012c0      0x3b2 c:/intelfpga_lite/18.1/nios2eds/bin/gnu/h-x86_64-mingw32/bin/../lib/gcc/nios2-elf/5.3.0/../../../../../H-x86_64-mingw32/nios2-elf/lib\libc.a(lib_a-exit.o)
                                        0x5a4 (size before relaxing)
 .debug_str     0x0000000000001672       0xc8 c:/intelfpga_lite/18.1/nios2eds/bin/gnu/h-x86_64-mingw32/bin/../lib/gcc/nios2-elf/5.3.0/../../../../../H-x86_64-mingw32/nios2-elf/lib\libc.a(lib_a-impure.o)
                                        0x59b (size before relaxing)
 .debug_str     0x000000000000173a       0x3c c:/intelfpga_lite/18.1/nios2eds/bin/gnu/h-x86_64-mingw32/bin/../lib/gcc/nios2-elf/5.3.0/../../../../../H-x86_64-mingw32/nios2-elf/lib\libc.a(lib_a-int_errno.o)
                                        0x1c3 (size before relaxing)
 .debug_str     0x0000000000001776       0xcc c:/intelfpga_lite/18.1/nios2eds/bin/gnu/h-x86_64-mingw32/bin/../lib/gcc/nios2-elf/5.3.0/../../../../../H-x86_64-mingw32/nios2-elf/lib\libc.a(lib_a-memcmp.o)
                                        0x1ca (size before relaxing)
 .debug_str     0x0000000000001842       0x68 c:/intelfpga_lite/18.1/nios2eds/bin/gnu/h-x86_64-mingw32/bin/../lib/gcc/nios2-elf/5.3.0/../../../../../H-x86_64-mingw32/nios2-elf/lib\libc.a(lib_a-memcpy.o)
                                        0x1f1 (size before relaxing)
 .debug_str     0x00000000000018aa       0x4e c:/intelfpga_lite/18.1/nios2eds/bin/gnu/h-x86_64-mingw32/bin/../lib/gcc/nios2-elf/5.3.0/../../../../../H-x86_64-mingw32/nios2-elf/lib\libc.a(lib_a-strlen.o)
                                        0x1dd (size before relaxing)
 .debug_str     0x00000000000018f8       0x3c c:/intelfpga_lite/18.1/nios2eds/bin/gnu/h-x86_64-mingw32/bin/../lib/gcc/nios2-elf/5.3.0/../../../../../H-x86_64-mingw32/nios2-elf/lib\libc.a(lib_a-__atexit.o)
                                        0x5dc (size before relaxing)
 .debug_str     0x0000000000001934       0x62 c:/intelfpga_lite/18.1/nios2eds/bin/gnu/h-x86_64-mingw32/bin/../lib/gcc/nios2-elf/5.3.0/../../../../../H-x86_64-mingw32/nios2-elf/lib\libc.a(lib_a-__call_atexit.o)
                                        0x5c8 (size before relaxing)
 .debug_str     0x0000000000001996       0x2a ../nios_software_bsp/\libhal_bsp.a(alt_exit.o)
                                        0x162 (size before relaxing)

.debug_loc      0x0000000000000000      0x770
 *(.debug_loc)
 .debug_loc     0x0000000000000000       0x2c c:/intelfpga_lite/18.1/nios2eds/bin/gnu/h-x86_64-mingw32/bin/../lib/gcc/nios2-elf/5.3.0/../../../../../H-x86_64-mingw32/nios2-elf/lib\libc.a(lib_a-atexit.o)
 .debug_loc     0x000000000000002c       0x1e c:/intelfpga_lite/18.1/nios2eds/bin/gnu/h-x86_64-mingw32/bin/../lib/gcc/nios2-elf/5.3.0/../../../../../H-x86_64-mingw32/nios2-elf/lib\libc.a(lib_a-exit.o)
 .debug_loc     0x000000000000004a      0x126 c:/intelfpga_lite/18.1/nios2eds/bin/gnu/h-x86_64-mingw32/bin/../lib/gcc/nios2-elf/5.3.0/../../../../../H-x86_64-mingw32/nios2-elf/lib\libc.a(lib_a-memcmp.o)
 .debug_loc     0x0000000000000170      0x266 c:/intelfpga_lite/18.1/nios2eds/bin/gnu/h-x86_64-mingw32/bin/../lib/gcc/nios2-elf/5.3.0/../../../../../H-x86_64-mingw32/nios2-elf/lib\libc.a(lib_a-memcpy.o)
 .debug_loc     0x00000000000003d6       0x47 c:/intelfpga_lite/18.1/nios2eds/bin/gnu/h-x86_64-mingw32/bin/../lib/gcc/nios2-elf/5.3.0/../../../../../H-x86_64-mingw32/nios2-elf/lib\libc.a(lib_a-strlen.o)
 .debug_loc     0x000000000000041d      0x185 c:/intelfpga_lite/18.1/nios2eds/bin/gnu/h-x86_64-mingw32/bin/../lib/gcc/nios2-elf/5.3.0/../../../../../H-x86_64-mingw32/nios2-elf/lib\libc.a(lib_a-__atexit.o)
 .debug_loc     0x00000000000005a2      0x1ce c:/intelfpga_lite/18.1/nios2eds/bin/gnu/h-x86_64-mingw32/bin/../lib/gcc/nios2-elf/5.3.0/../../../../../H-x86_64-mingw32/nios2-elf/lib\libc.a(lib_a-__call_atexit.o)

.debug_macinfo
 *(.debug_macinfo)

.debug_weaknames
 *(.debug_weaknames)

.debug_funcnames
 *(.debug_funcnames)

.debug_typenames
 *(.debug_typenames)

.debug_varnames
 *(.debug_varnames)

.debug_alt_sim_info
                0x0000000000000000       0x30
 *(.debug_alt_sim_info)
 .debug_alt_sim_info
                0x0000000000000000       0x30 ../nios_software_bsp//obj/HAL/src/crt0.o
                0x0000000000010000                __alt_data_end = 0x10000
                0x0000000000010000                PROVIDE (__alt_stack_pointer, __alt_data_end)
                [!provide]                        PROVIDE (__alt_stack_limit, __alt_stack_base)
                [!provide]                        PROVIDE (__alt_heap_start, end)
                [!provide]                        PROVIDE (__alt_heap_limit, 0x10000)
OUTPUT(nios_software.elf elf32-littlenios2)

.debug_ranges   0x0000000000000000      0x178
 .debug_ranges  0x0000000000000000       0x20 ../nios_software_bsp//obj/HAL/src/crt0.o
 .debug_ranges  0x0000000000000020       0x30 ../nios_software_bsp/\libhal_bsp.a(altera_avalon_jtag_uart_init.o)
 .debug_ranges  0x0000000000000050       0x18 ../nios_software_bsp/\libhal_bsp.a(altera_avalon_jtag_uart_read.o)
 .debug_ranges  0x0000000000000068       0x28 ../nios_software_bsp/\libhal_bsp.a(alt_irq_entry.o)
 .debug_ranges  0x0000000000000090       0x10 ../nios_software_bsp/\libhal_bsp.a(alt_irq_handler.o)
 .debug_ranges  0x00000000000000a0       0x30 ../nios_software_bsp/\libhal_bsp.a(alt_exception_entry.o)
 .debug_ranges  0x00000000000000d0       0x18 ../nios_software_bsp/\libhal_bsp.a(alt_instruction_exception_entry.o)
 .debug_ranges  0x00000000000000e8       0x10 c:/intelfpga_lite/18.1/nios2eds/bin/gnu/h-x86_64-mingw32/bin/../lib/gcc/nios2-elf/5.3.0/../../../../../H-x86_64-mingw32/nios2-elf/lib\libc.a(lib_a-atexit.o)
 .debug_ranges  0x00000000000000f8       0x10 c:/intelfpga_lite/18.1/nios2eds/bin/gnu/h-x86_64-mingw32/bin/../lib/gcc/nios2-elf/5.3.0/../../../../../H-x86_64-mingw32/nios2-elf/lib\libc.a(lib_a-exit.o)
 .debug_ranges  0x0000000000000108       0x10 c:/intelfpga_lite/18.1/nios2eds/bin/gnu/h-x86_64-mingw32/bin/../lib/gcc/nios2-elf/5.3.0/../../../../../H-x86_64-mingw32/nios2-elf/lib\libc.a(lib_a-memcmp.o)
 .debug_ranges  0x0000000000000118       0x10 c:/intelfpga_lite/18.1/nios2eds/bin/gnu/h-x86_64-mingw32/bin/../lib/gcc/nios2-elf/5.3.0/../../../../../H-x86_64-mingw32/nios2-elf/lib\libc.a(lib_a-memcpy.o)
 .debug_ranges  0x0000000000000128       0x10 c:/intelfpga_lite/18.1/nios2eds/bin/gnu/h-x86_64-mingw32/bin/../lib/gcc/nios2-elf/5.3.0/../../../../../H-x86_64-mingw32/nios2-elf/lib\libc.a(lib_a-strlen.o)
 .debug_ranges  0x0000000000000138       0x10 c:/intelfpga_lite/18.1/nios2eds/bin/gnu/h-x86_64-mingw32/bin/../lib/gcc/nios2-elf/5.3.0/../../../../../H-x86_64-mingw32/nios2-elf/lib\libc.a(lib_a-__atexit.o)
 .debug_ranges  0x0000000000000148       0x30 c:/intelfpga_lite/18.1/nios2eds/bin/gnu/h-x86_64-mingw32/bin/../lib/gcc/nios2-elf/5.3.0/../../../../../H-x86_64-mingw32/nios2-elf/lib\libc.a(lib_a-__call_atexit.o)
