Archive member included to satisfy reference by file (symbol)

../nios_software_bsp/\libhal_bsp.a(alt_load.o)
                              ../nios_software_bsp//obj/HAL/src/crt0.o (alt_load)
../nios_software_bsp/\libhal_bsp.a(alt_main.o)
                              ../nios_software_bsp//obj/HAL/src/crt0.o (alt_main)
../nios_software_bsp/\libhal_bsp.a(alt_sys_init.o)
                              ../nios_software_bsp/\libhal_bsp.a(alt_main.o) (alt_irq_init)
../nios_software_bsp/\libhal_bsp.a(altera_avalon_jtag_uart_fd.o)
                              ../nios_software_bsp/\libhal_bsp.a(alt_sys_init.o) (altera_avalon_jtag_uart_read_fd)
../nios_software_bsp/\libhal_bsp.a(altera_avalon_jtag_uart_init.o)
                              ../nios_software_bsp/\libhal_bsp.a(alt_sys_init.o) (altera_avalon_jtag_uart_init)
../nios_software_bsp/\libhal_bsp.a(altera_avalon_jtag_uart_ioctl.o)
                              ../nios_software_bsp/\libhal_bsp.a(altera_avalon_jtag_uart_fd.o) (altera_avalon_jtag_uart_ioctl)
../nios_software_bsp/\libhal_bsp.a(altera_avalon_jtag_uart_read.o)
                              ../nios_software_bsp/\libhal_bsp.a(altera_avalon_jtag_uart_fd.o) (altera_avalon_jtag_uart_read)
../nios_software_bsp/\libhal_bsp.a(altera_avalon_jtag_uart_write.o)
                              ../nios_software_bsp/\libhal_bsp.a(altera_avalon_jtag_uart_fd.o) (altera_avalon_jtag_uart_write)
../nios_software_bsp/\libhal_bsp.a(altera_avalon_timer_sc.o)
                              ../nios_software_bsp/\libhal_bsp.a(alt_sys_init.o) (alt_avalon_timer_sc_init)
../nios_software_bsp/\libhal_bsp.a(alt_alarm_start.o)
                              ../nios_software_bsp/\libhal_bsp.a(altera_avalon_jtag_uart_init.o) (alt_alarm_start)
../nios_software_bsp/\libhal_bsp.a(alt_close.o)
                              ../nios_software_bsp/\libhal_bsp.a(alt_main.o) (close)
../nios_software_bsp/\libhal_bsp.a(alt_dcache_flush_all.o)
                              ../nios_software_bsp/\libhal_bsp.a(alt_load.o) (alt_dcache_flush_all)
../nios_software_bsp/\libhal_bsp.a(alt_dev.o)
                              ../nios_software_bsp/\libhal_bsp.a(alt_sys_init.o) (alt_dev_list)
../nios_software_bsp/\libhal_bsp.a(alt_dev_llist_insert.o)
                              ../nios_software_bsp/\libhal_bsp.a(alt_sys_init.o) (alt_dev_llist_insert)
../nios_software_bsp/\libhal_bsp.a(alt_do_ctors.o)
                              ../nios_software_bsp/\libhal_bsp.a(alt_main.o) (_do_ctors)
../nios_software_bsp/\libhal_bsp.a(alt_do_dtors.o)
                              ../nios_software_bsp/\libhal_bsp.a(alt_main.o) (_do_dtors)
../nios_software_bsp/\libhal_bsp.a(alt_errno.o)
                              ../nios_software_bsp/\libhal_bsp.a(alt_close.o) (alt_errno)
../nios_software_bsp/\libhal_bsp.a(alt_icache_flush_all.o)
                              ../nios_software_bsp/\libhal_bsp.a(alt_load.o) (alt_icache_flush_all)
../nios_software_bsp/\libhal_bsp.a(alt_iic.o)
                              ../nios_software_bsp/\libhal_bsp.a(altera_avalon_jtag_uart_init.o) (alt_ic_isr_register)
../nios_software_bsp/\libhal_bsp.a(alt_iic_isr_register.o)
                              ../nios_software_bsp/\libhal_bsp.a(alt_iic.o) (alt_iic_isr_register)
../nios_software_bsp/\libhal_bsp.a(alt_io_redirect.o)
                              ../nios_software_bsp/\libhal_bsp.a(alt_main.o) (alt_io_redirect)
../nios_software_bsp/\libhal_bsp.a(alt_irq_entry.o)
                              ../nios_software_bsp/\libhal_bsp.a(alt_iic_isr_register.o) (alt_irq_entry)
../nios_software_bsp/\libhal_bsp.a(alt_irq_handler.o)
                              ../nios_software_bsp/\libhal_bsp.a(alt_iic_isr_register.o) (alt_irq)
../nios_software_bsp/\libhal_bsp.a(alt_irq_vars.o)
                              ../nios_software_bsp/\libhal_bsp.a(alt_iic.o) (alt_irq_active)
../nios_software_bsp/\libhal_bsp.a(alt_open.o)
                              ../nios_software_bsp/\libhal_bsp.a(alt_io_redirect.o) (open)
../nios_software_bsp/\libhal_bsp.a(alt_release_fd.o)
                              ../nios_software_bsp/\libhal_bsp.a(alt_close.o) (alt_release_fd)
../nios_software_bsp/\libhal_bsp.a(alt_tick.o)
                              ../nios_software_bsp/\libhal_bsp.a(altera_avalon_jtag_uart_init.o) (_alt_tick_rate)
../nios_software_bsp/\libhal_bsp.a(altera_nios2_gen2_irq.o)
                              ../nios_software_bsp/\libhal_bsp.a(alt_sys_init.o) (altera_nios2_gen2_irq_init)
../nios_software_bsp/\libhal_bsp.a(alt_exception_entry.o)
                              ../nios_software_bsp/\libhal_bsp.a(alt_irq_entry.o) (alt_exception)
../nios_software_bsp/\libhal_bsp.a(alt_find_dev.o)
                              ../nios_software_bsp/\libhal_bsp.a(alt_open.o) (alt_find_dev)
../nios_software_bsp/\libhal_bsp.a(alt_find_file.o)
                              ../nios_software_bsp/\libhal_bsp.a(alt_open.o) (alt_find_file)
../nios_software_bsp/\libhal_bsp.a(alt_get_fd.o)
                              ../nios_software_bsp/\libhal_bsp.a(alt_open.o) (alt_get_fd)
../nios_software_bsp/\libhal_bsp.a(alt_instruction_exception_entry.o)
                              ../nios_software_bsp/\libhal_bsp.a(alt_exception_entry.o) (alt_instruction_exception_entry)
c:/intelfpga_lite/18.1/nios2eds/bin/gnu/h-x86_64-mingw32/bin/../lib/gcc/nios2-elf/5.3.0/../../../../../H-x86_64-mingw32/nios2-elf/lib/mno-hw-mul\libc.a(lib_a-atexit.o)
                              ../nios_software_bsp/\libhal_bsp.a(alt_main.o) (atexit)
c:/intelfpga_lite/18.1/nios2eds/bin/gnu/h-x86_64-mingw32/bin/../lib/gcc/nios2-elf/5.3.0/../../../../../H-x86_64-mingw32/nios2-elf/lib/mno-hw-mul\libc.a(lib_a-exit.o)
                              ../nios_software_bsp/\libhal_bsp.a(alt_main.o) (exit)
c:/intelfpga_lite/18.1/nios2eds/bin/gnu/h-x86_64-mingw32/bin/../lib/gcc/nios2-elf/5.3.0/../../../../../H-x86_64-mingw32/nios2-elf/lib/mno-hw-mul\libc.a(lib_a-impure.o)
                              c:/intelfpga_lite/18.1/nios2eds/bin/gnu/h-x86_64-mingw32/bin/../lib/gcc/nios2-elf/5.3.0/../../../../../H-x86_64-mingw32/nios2-elf/lib/mno-hw-mul\libc.a(lib_a-exit.o) (_global_impure_ptr)
c:/intelfpga_lite/18.1/nios2eds/bin/gnu/h-x86_64-mingw32/bin/../lib/gcc/nios2-elf/5.3.0/../../../../../H-x86_64-mingw32/nios2-elf/lib/mno-hw-mul\libc.a(lib_a-int_errno.o)
                              ../nios_software_bsp/\libhal_bsp.a(alt_close.o) (errno)
c:/intelfpga_lite/18.1/nios2eds/bin/gnu/h-x86_64-mingw32/bin/../lib/gcc/nios2-elf/5.3.0/../../../../../H-x86_64-mingw32/nios2-elf/lib/mno-hw-mul\libc.a(lib_a-memcmp.o)
                              ../nios_software_bsp/\libhal_bsp.a(alt_find_dev.o) (memcmp)
c:/intelfpga_lite/18.1/nios2eds/bin/gnu/h-x86_64-mingw32/bin/../lib/gcc/nios2-elf/5.3.0/../../../../../H-x86_64-mingw32/nios2-elf/lib/mno-hw-mul\libc.a(lib_a-memcpy.o)
                              ../nios_software_bsp/\libhal_bsp.a(altera_avalon_jtag_uart_read.o) (memcpy)
c:/intelfpga_lite/18.1/nios2eds/bin/gnu/h-x86_64-mingw32/bin/../lib/gcc/nios2-elf/5.3.0/../../../../../H-x86_64-mingw32/nios2-elf/lib/mno-hw-mul\libc.a(lib_a-strlen.o)
                              ../nios_software_bsp/\libhal_bsp.a(alt_find_dev.o) (strlen)
c:/intelfpga_lite/18.1/nios2eds/bin/gnu/h-x86_64-mingw32/bin/../lib/gcc/nios2-elf/5.3.0/../../../../../H-x86_64-mingw32/nios2-elf/lib/mno-hw-mul\libc.a(lib_a-__atexit.o)
                              c:/intelfpga_lite/18.1/nios2eds/bin/gnu/h-x86_64-mingw32/bin/../lib/gcc/nios2-elf/5.3.0/../../../../../H-x86_64-mingw32/nios2-elf/lib/mno-hw-mul\libc.a(lib_a-atexit.o) (__register_exitproc)
c:/intelfpga_lite/18.1/nios2eds/bin/gnu/h-x86_64-mingw32/bin/../lib/gcc/nios2-elf/5.3.0/../../../../../H-x86_64-mingw32/nios2-elf/lib/mno-hw-mul\libc.a(lib_a-__call_atexit.o)
                              c:/intelfpga_lite/18.1/nios2eds/bin/gnu/h-x86_64-mingw32/bin/../lib/gcc/nios2-elf/5.3.0/../../../../../H-x86_64-mingw32/nios2-elf/lib/mno-hw-mul\libc.a(lib_a-exit.o) (__call_exitprocs)
c:/intelfpga_lite/18.1/nios2eds/bin/gnu/h-x86_64-mingw32/bin/../lib/gcc/nios2-elf/5.3.0/mno-hw-mul\libgcc.a(lib2-mul.o)
                              ../nios_software_bsp/\libhal_bsp.a(alt_close.o) (__mulsi3)
../nios_software_bsp/\libhal_bsp.a(alt_exit.o)
                              c:/intelfpga_lite/18.1/nios2eds/bin/gnu/h-x86_64-mingw32/bin/../lib/gcc/nios2-elf/5.3.0/../../../../../H-x86_64-mingw32/nios2-elf/lib/mno-hw-mul\libc.a(lib_a-exit.o) (_exit)

Allocating common symbols
Common symbol       size              file

alt_irq             0x100             ../nios_software_bsp/\libhal_bsp.a(alt_irq_handler.o)
errno               0x4               c:/intelfpga_lite/18.1/nios2eds/bin/gnu/h-x86_64-mingw32/bin/../lib/gcc/nios2-elf/5.3.0/../../../../../H-x86_64-mingw32/nios2-elf/lib/mno-hw-mul\libc.a(lib_a-int_errno.o)

Memory Configuration

Name             Origin             Length             Attributes
reset            0x0000000000008000 0x0000000000000020
onchip_memory2_0 0x0000000000008020 0x0000000000007fe0
*default*        0x0000000000000000 0xffffffffffffffff

Linker script and memory map

LOAD ../nios_software_bsp//obj/HAL/src/crt0.o
LOAD obj/default/hex0_counter.o
LOAD c:/intelfpga_lite/18.1/nios2eds/bin/gnu/h-x86_64-mingw32/bin/../lib/gcc/nios2-elf/5.3.0/../../../../../H-x86_64-mingw32/nios2-elf/lib/mno-hw-mul\libstdc++.a
LOAD c:/intelfpga_lite/18.1/nios2eds/bin/gnu/h-x86_64-mingw32/bin/../lib/gcc/nios2-elf/5.3.0/../../../../../H-x86_64-mingw32/nios2-elf/lib/mno-hw-mul\libm.a
LOAD c:/intelfpga_lite/18.1/nios2eds/bin/gnu/h-x86_64-mingw32/bin/../lib/gcc/nios2-elf/5.3.0/mno-hw-mul\libgcc.a
START GROUP
LOAD c:/intelfpga_lite/18.1/nios2eds/bin/gnu/h-x86_64-mingw32/bin/../lib/gcc/nios2-elf/5.3.0/../../../../../H-x86_64-mingw32/nios2-elf/lib/mno-hw-mul\libc.a
LOAD c:/intelfpga_lite/18.1/nios2eds/bin/gnu/h-x86_64-mingw32/bin/../lib/gcc/nios2-elf/5.3.0/mno-hw-mul\libgcc.a
LOAD ../nios_software_bsp/\libhal_bsp.a
LOAD c:/intelfpga_lite/18.1/nios2eds/bin/gnu/h-x86_64-mingw32/bin/../lib/gcc/nios2-elf/5.3.0/../../../../../H-x86_64-mingw32/nios2-elf/lib/mno-hw-mul\libm.a
END GROUP
LOAD c:/intelfpga_lite/18.1/nios2eds/bin/gnu/h-x86_64-mingw32/bin/../lib/gcc/nios2-elf/5.3.0/mno-hw-mul\libgcc.a
                0x0000000000008000                __alt_mem_onchip_memory2_0 = 0x8000

.entry          0x0000000000008000       0x20
 *(.entry)
 .entry         0x0000000000008000       0x20 ../nios_software_bsp//obj/HAL/src/crt0.o
                0x0000000000008000                __reset

.exceptions     0x0000000000008020      0x210
                0x0000000000008020                PROVIDE (__ram_exceptions_start, ABSOLUTE (.))
                0x0000000000008020                . = ALIGN (0x20)
 *(.irq)
 *(.exceptions.entry.label)
 .exceptions.entry.label
                0x0000000000008020        0x0 ../nios_software_bsp/\libhal_bsp.a(alt_irq_entry.o)
                0x0000000000008020                alt_irq_entry
 .exceptions.entry.label
                0x0000000000008020        0x0 ../nios_software_bsp/\libhal_bsp.a(alt_exception_entry.o)
                0x0000000000008020                alt_exception
 *(.exceptions.entry.user)
 *(.exceptions.entry.ecc_fatal)
 *(.exceptions.entry)
 .exceptions.entry
                0x0000000000008020       0x54 ../nios_software_bsp/\libhal_bsp.a(alt_exception_entry.o)
 *(.exceptions.irqtest.user)
 *(.exceptions.irqtest)
 .exceptions.irqtest
                0x0000000000008074       0x10 ../nios_software_bsp/\libhal_bsp.a(alt_irq_entry.o)
 *(.exceptions.irqhandler.user)
 *(.exceptions.irqhandler)
 .exceptions.irqhandler
                0x0000000000008084        0x4 ../nios_software_bsp/\libhal_bsp.a(alt_irq_entry.o)
 *(.exceptions.irqreturn.user)
 *(.exceptions.irqreturn)
 .exceptions.irqreturn
                0x0000000000008088        0x4 ../nios_software_bsp/\libhal_bsp.a(alt_irq_entry.o)
 *(.exceptions.notirq.label)
 .exceptions.notirq.label
                0x000000000000808c        0x0 ../nios_software_bsp/\libhal_bsp.a(alt_irq_entry.o)
 *(.exceptions.notirq.user)
 *(.exceptions.notirq)
 .exceptions.notirq
                0x000000000000808c        0x8 ../nios_software_bsp/\libhal_bsp.a(alt_exception_entry.o)
 *(.exceptions.soft.user)
 *(.exceptions.soft)
 *(.exceptions.unknown.user)
 *(.exceptions.unknown)
 .exceptions.unknown
                0x0000000000008094       0x14 ../nios_software_bsp/\libhal_bsp.a(alt_exception_entry.o)
 *(.exceptions.exit.label)
 .exceptions.exit.label
                0x00000000000080a8        0x0 ../nios_software_bsp/\libhal_bsp.a(alt_irq_entry.o)
 .exceptions.exit.label
                0x00000000000080a8        0x0 ../nios_software_bsp/\libhal_bsp.a(alt_exception_entry.o)
 *(.exceptions.exit.user)
 *(.exceptions.exit)
 .exceptions.exit
                0x00000000000080a8       0x54 ../nios_software_bsp/\libhal_bsp.a(alt_exception_entry.o)
 *(.exceptions)
 .exceptions    0x00000000000080fc       0xd4 ../nios_software_bsp/\libhal_bsp.a(alt_irq_handler.o)
                0x00000000000080fc                alt_irq_handler
 .exceptions    0x00000000000081d0       0x60 ../nios_software_bsp/\libhal_bsp.a(alt_instruction_exception_entry.o)
                0x00000000000081d0                alt_instruction_exception_entry
                0x0000000000008230                PROVIDE (__ram_exceptions_end, ABSOLUTE (.))
                0x0000000000008020                PROVIDE (__flash_exceptions_start, LOADADDR (.exceptions))

.text           0x0000000000008230     0x245c
                [!provide]                        PROVIDE (stext, ABSOLUTE (.))
 *(.interp)
 *(.hash)
 *(.dynsym)
 *(.dynstr)
 *(.gnu.version)
 *(.gnu.version_d)
 *(.gnu.version_r)
 *(.rel.init)
 *(.rela.init)
 *(.rel.text .rel.text.* .rel.gnu.linkonce.t.*)
 *(.rela.text .rela.text.* .rela.gnu.linkonce.t.*)
 *(.rel.fini)
 *(.rela.fini)
 *(.rel.rodata .rel.rodata.* .rel.gnu.linkonce.r.*)
 *(.rela.rodata .rela.rodata.* .rela.gnu.linkonce.r.*)
 *(.rel.data .rel.data.* .rel.gnu.linkonce.d.*)
 *(.rela.data .rela.data.* .rela.gnu.linkonce.d.*)
 *(.rel.tdata .rel.tdata.* .rel.gnu.linkonce.td.*)
 *(.rela.tdata .rela.tdata.* .rela.gnu.linkonce.td.*)
 *(.rel.tbss .rel.tbss.* .rel.gnu.linkonce.tb.*)
 *(.rela.tbss .rela.tbss.* .rela.gnu.linkonce.tb.*)
 *(.rel.ctors)
 *(.rela.ctors)
 *(.rel.dtors)
 *(.rela.dtors)
 *(.rel.got)
 *(.rela.got)
 *(.rel.sdata .rel.sdata.* .rel.gnu.linkonce.s.*)
 *(.rela.sdata .rela.sdata.* .rela.gnu.linkonce.s.*)
 *(.rel.sbss .rel.sbss.* .rel.gnu.linkonce.sb.*)
 *(.rela.sbss .rela.sbss.* .rela.gnu.linkonce.sb.*)
 *(.rel.sdata2 .rel.sdata2.* .rel.gnu.linkonce.s2.*)
 *(.rela.sdata2 .rela.sdata2.* .rela.gnu.linkonce.s2.*)
 *(.rel.sbss2 .rel.sbss2.* .rel.gnu.linkonce.sb2.*)
 *(.rela.sbss2 .rela.sbss2.* .rela.gnu.linkonce.sb2.*)
 *(.rel.bss .rel.bss.* .rel.gnu.linkonce.b.*)
 *(.rela.bss .rela.bss.* .rela.gnu.linkonce.b.*)
 *(.rel.plt)
 *(.rela.plt)
 *(.rel.dyn)
 *(.init)
 *(.plt)
 *(.text .stub .text.* .gnu.linkonce.t.*)
 .text          0x0000000000008230       0x3c ../nios_software_bsp//obj/HAL/src/crt0.o
                0x0000000000008230                _start
 .text          0x000000000000826c       0xdc obj/default/hex0_counter.o
                0x000000000000826c                main
 .text          0x0000000000008348       0xec ../nios_software_bsp/\libhal_bsp.a(alt_load.o)
                0x00000000000083b0                alt_load
 .text          0x0000000000008434       0x7c ../nios_software_bsp/\libhal_bsp.a(alt_main.o)
                0x0000000000008434                alt_main
 .text          0x00000000000084b0       0xd0 ../nios_software_bsp/\libhal_bsp.a(alt_sys_init.o)
                0x00000000000084e4                alt_irq_init
                0x000000000000851c                alt_sys_init
 .text          0x0000000000008580      0x164 ../nios_software_bsp/\libhal_bsp.a(altera_avalon_jtag_uart_fd.o)
                0x0000000000008580                altera_avalon_jtag_uart_read_fd
                0x00000000000085e0                altera_avalon_jtag_uart_write_fd
                0x0000000000008640                altera_avalon_jtag_uart_close_fd
                0x0000000000008690                altera_avalon_jtag_uart_ioctl_fd
 .text          0x00000000000086e4      0x3d4 ../nios_software_bsp/\libhal_bsp.a(altera_avalon_jtag_uart_init.o)
                0x00000000000086e4                altera_avalon_jtag_uart_init
                0x0000000000008a50                altera_avalon_jtag_uart_close
 .text          0x0000000000008ab8       0xf0 ../nios_software_bsp/\libhal_bsp.a(altera_avalon_jtag_uart_ioctl.o)
                0x0000000000008ab8                altera_avalon_jtag_uart_ioctl
 .text          0x0000000000008ba8      0x21c ../nios_software_bsp/\libhal_bsp.a(altera_avalon_jtag_uart_read.o)
                0x0000000000008ba8                altera_avalon_jtag_uart_read
 .text          0x0000000000008dc4      0x224 ../nios_software_bsp/\libhal_bsp.a(altera_avalon_jtag_uart_write.o)
                0x0000000000008dc4                altera_avalon_jtag_uart_write
 .text          0x0000000000008fe8       0xf4 ../nios_software_bsp/\libhal_bsp.a(altera_avalon_timer_sc.o)
                0x0000000000009060                alt_avalon_timer_sc_init
 .text          0x00000000000090dc      0x12c ../nios_software_bsp/\libhal_bsp.a(alt_alarm_start.o)
                0x00000000000090dc                alt_alarm_start
 .text          0x0000000000009208      0x114 ../nios_software_bsp/\libhal_bsp.a(alt_close.o)
                0x0000000000009244                close
 .text          0x000000000000931c       0x20 ../nios_software_bsp/\libhal_bsp.a(alt_dcache_flush_all.o)
                0x000000000000931c                alt_dcache_flush_all
 .text          0x000000000000933c       0x2c ../nios_software_bsp/\libhal_bsp.a(alt_dev.o)
 .text          0x0000000000009368       0xe0 ../nios_software_bsp/\libhal_bsp.a(alt_dev_llist_insert.o)
                0x00000000000093a4                alt_dev_llist_insert
 .text          0x0000000000009448       0x60 ../nios_software_bsp/\libhal_bsp.a(alt_do_ctors.o)
                0x0000000000009448                _do_ctors
 .text          0x00000000000094a8       0x60 ../nios_software_bsp/\libhal_bsp.a(alt_do_dtors.o)
                0x00000000000094a8                _do_dtors
 .text          0x0000000000009508        0x0 ../nios_software_bsp/\libhal_bsp.a(alt_errno.o)
 .text          0x0000000000009508       0x20 ../nios_software_bsp/\libhal_bsp.a(alt_icache_flush_all.o)
                0x0000000000009508                alt_icache_flush_all
 .text          0x0000000000009528      0x1b0 ../nios_software_bsp/\libhal_bsp.a(alt_iic.o)
                0x0000000000009528                alt_ic_isr_register
                0x0000000000009578                alt_ic_irq_enable
                0x0000000000009600                alt_ic_irq_disable
                0x000000000000968c                alt_ic_irq_enabled
 .text          0x00000000000096d8       0xf0 ../nios_software_bsp/\libhal_bsp.a(alt_iic_isr_register.o)
                0x00000000000096d8                alt_iic_isr_register
 .text          0x00000000000097c8      0x160 ../nios_software_bsp/\libhal_bsp.a(alt_io_redirect.o)
                0x00000000000098ac                alt_io_redirect
 .text          0x0000000000009928        0x0 ../nios_software_bsp/\libhal_bsp.a(alt_irq_entry.o)
 .text          0x0000000000009928        0x0 ../nios_software_bsp/\libhal_bsp.a(alt_irq_handler.o)
 .text          0x0000000000009928        0x0 ../nios_software_bsp/\libhal_bsp.a(alt_irq_vars.o)
 .text          0x0000000000009928      0x284 ../nios_software_bsp/\libhal_bsp.a(alt_open.o)
                0x0000000000009a50                open
 .text          0x0000000000009bac       0x84 ../nios_software_bsp/\libhal_bsp.a(alt_release_fd.o)
                0x0000000000009bac                alt_release_fd
 .text          0x0000000000009c30      0x1a4 ../nios_software_bsp/\libhal_bsp.a(alt_tick.o)
                0x0000000000009c30                alt_alarm_stop
                0x0000000000009ccc                alt_tick
 .text          0x0000000000009dd4       0x24 ../nios_software_bsp/\libhal_bsp.a(altera_nios2_gen2_irq.o)
                0x0000000000009dd4                altera_nios2_gen2_irq_init
 .text          0x0000000000009df8        0x0 ../nios_software_bsp/\libhal_bsp.a(alt_exception_entry.o)
 .text          0x0000000000009df8       0x90 ../nios_software_bsp/\libhal_bsp.a(alt_find_dev.o)
                0x0000000000009df8                alt_find_dev
 .text          0x0000000000009e88      0x108 ../nios_software_bsp/\libhal_bsp.a(alt_find_file.o)
                0x0000000000009e88                alt_find_file
 .text          0x0000000000009f90       0xc4 ../nios_software_bsp/\libhal_bsp.a(alt_get_fd.o)
                0x0000000000009f90                alt_get_fd
 .text          0x000000000000a054       0x9c ../nios_software_bsp/\libhal_bsp.a(alt_instruction_exception_entry.o)
                0x000000000000a054                alt_exception_cause_generated_bad_addr
 .text          0x000000000000a0f0        0x0 c:/intelfpga_lite/18.1/nios2eds/bin/gnu/h-x86_64-mingw32/bin/../lib/gcc/nios2-elf/5.3.0/../../../../../H-x86_64-mingw32/nios2-elf/lib/mno-hw-mul\libc.a(lib_a-atexit.o)
 .text.atexit   0x000000000000a0f0       0x14 c:/intelfpga_lite/18.1/nios2eds/bin/gnu/h-x86_64-mingw32/bin/../lib/gcc/nios2-elf/5.3.0/../../../../../H-x86_64-mingw32/nios2-elf/lib/mno-hw-mul\libc.a(lib_a-atexit.o)
                0x000000000000a0f0                atexit
 .text          0x000000000000a104        0x0 c:/intelfpga_lite/18.1/nios2eds/bin/gnu/h-x86_64-mingw32/bin/../lib/gcc/nios2-elf/5.3.0/../../../../../H-x86_64-mingw32/nios2-elf/lib/mno-hw-mul\libc.a(lib_a-exit.o)
 .text.exit     0x000000000000a104       0x38 c:/intelfpga_lite/18.1/nios2eds/bin/gnu/h-x86_64-mingw32/bin/../lib/gcc/nios2-elf/5.3.0/../../../../../H-x86_64-mingw32/nios2-elf/lib/mno-hw-mul\libc.a(lib_a-exit.o)
                0x000000000000a104                exit
 .text          0x000000000000a13c        0x0 c:/intelfpga_lite/18.1/nios2eds/bin/gnu/h-x86_64-mingw32/bin/../lib/gcc/nios2-elf/5.3.0/../../../../../H-x86_64-mingw32/nios2-elf/lib/mno-hw-mul\libc.a(lib_a-impure.o)
 .text          0x000000000000a13c        0x0 c:/intelfpga_lite/18.1/nios2eds/bin/gnu/h-x86_64-mingw32/bin/../lib/gcc/nios2-elf/5.3.0/../../../../../H-x86_64-mingw32/nios2-elf/lib/mno-hw-mul\libc.a(lib_a-int_errno.o)
 .text          0x000000000000a13c        0x0 c:/intelfpga_lite/18.1/nios2eds/bin/gnu/h-x86_64-mingw32/bin/../lib/gcc/nios2-elf/5.3.0/../../../../../H-x86_64-mingw32/nios2-elf/lib/mno-hw-mul\libc.a(lib_a-memcmp.o)
 .text.memcmp   0x000000000000a13c       0x7c c:/intelfpga_lite/18.1/nios2eds/bin/gnu/h-x86_64-mingw32/bin/../lib/gcc/nios2-elf/5.3.0/../../../../../H-x86_64-mingw32/nios2-elf/lib/mno-hw-mul\libc.a(lib_a-memcmp.o)
                0x000000000000a13c                memcmp
 .text          0x000000000000a1b8        0x0 c:/intelfpga_lite/18.1/nios2eds/bin/gnu/h-x86_64-mingw32/bin/../lib/gcc/nios2-elf/5.3.0/../../../../../H-x86_64-mingw32/nios2-elf/lib/mno-hw-mul\libc.a(lib_a-memcpy.o)
 .text.memcpy   0x000000000000a1b8      0x148 c:/intelfpga_lite/18.1/nios2eds/bin/gnu/h-x86_64-mingw32/bin/../lib/gcc/nios2-elf/5.3.0/../../../../../H-x86_64-mingw32/nios2-elf/lib/mno-hw-mul\libc.a(lib_a-memcpy.o)
                0x000000000000a1b8                memcpy
 .text          0x000000000000a300        0x0 c:/intelfpga_lite/18.1/nios2eds/bin/gnu/h-x86_64-mingw32/bin/../lib/gcc/nios2-elf/5.3.0/../../../../../H-x86_64-mingw32/nios2-elf/lib/mno-hw-mul\libc.a(lib_a-strlen.o)
 .text.strlen   0x000000000000a300       0x98 c:/intelfpga_lite/18.1/nios2eds/bin/gnu/h-x86_64-mingw32/bin/../lib/gcc/nios2-elf/5.3.0/../../../../../H-x86_64-mingw32/nios2-elf/lib/mno-hw-mul\libc.a(lib_a-strlen.o)
                0x000000000000a300                strlen
 .text          0x000000000000a398        0x0 c:/intelfpga_lite/18.1/nios2eds/bin/gnu/h-x86_64-mingw32/bin/../lib/gcc/nios2-elf/5.3.0/../../../../../H-x86_64-mingw32/nios2-elf/lib/mno-hw-mul\libc.a(lib_a-__atexit.o)
 .text.__register_exitproc
                0x000000000000a398      0x118 c:/intelfpga_lite/18.1/nios2eds/bin/gnu/h-x86_64-mingw32/bin/../lib/gcc/nios2-elf/5.3.0/../../../../../H-x86_64-mingw32/nios2-elf/lib/mno-hw-mul\libc.a(lib_a-__atexit.o)
                0x000000000000a398                __register_exitproc
 .text          0x000000000000a4b0        0x0 c:/intelfpga_lite/18.1/nios2eds/bin/gnu/h-x86_64-mingw32/bin/../lib/gcc/nios2-elf/5.3.0/../../../../../H-x86_64-mingw32/nios2-elf/lib/mno-hw-mul\libc.a(lib_a-__call_atexit.o)
 .text.__call_exitprocs
                0x000000000000a4b0      0x180 c:/intelfpga_lite/18.1/nios2eds/bin/gnu/h-x86_64-mingw32/bin/../lib/gcc/nios2-elf/5.3.0/../../../../../H-x86_64-mingw32/nios2-elf/lib/mno-hw-mul\libc.a(lib_a-__call_atexit.o)
                0x000000000000a4b0                __call_exitprocs
 .text          0x000000000000a630       0x28 c:/intelfpga_lite/18.1/nios2eds/bin/gnu/h-x86_64-mingw32/bin/../lib/gcc/nios2-elf/5.3.0/mno-hw-mul\libgcc.a(lib2-mul.o)
                0x000000000000a630                __mulsi3
 .text          0x000000000000a658       0x34 ../nios_software_bsp/\libhal_bsp.a(alt_exit.o)
                0x000000000000a658                _exit
 *(.gnu.warning.*)
 *(.fini)
                [!provide]                        PROVIDE (__etext, ABSOLUTE (.))
                [!provide]                        PROVIDE (_etext, ABSOLUTE (.))
                [!provide]                        PROVIDE (etext, ABSOLUTE (.))
 *(.eh_frame_hdr)
                0x000000000000a68c                . = ALIGN (0x4)
                [!provide]                        PROVIDE (__preinit_array_start, ABSOLUTE (.))
 *(.preinit_array)
                [!provide]                        PROVIDE (__preinit_array_end, ABSOLUTE (.))
                [!provide]                        PROVIDE (__init_array_start, ABSOLUTE (.))
 *(.init_array)
                [!provide]                        PROVIDE (__init_array_end, ABSOLUTE (.))
                [!provide]                        PROVIDE (__fini_array_start, ABSOLUTE (.))
 *(.fini_array)
                [!provide]                        PROVIDE (__fini_array_end, ABSOLUTE (.))
 *(.eh_frame)
 *(.gcc_except_table .gcc_except_table.*)
 *(.dynamic)
                0x000000000000a68c                PROVIDE (__CTOR_LIST__, ABSOLUTE (.))
 *(.ctors)
 *(SORT(.ctors.*))
                0x000000000000a68c                PROVIDE (__CTOR_END__, ABSOLUTE (.))
                0x000000000000a68c                PROVIDE (__DTOR_LIST__, ABSOLUTE (.))
 *(.dtors)
 *(SORT(.dtors.*))
                0x000000000000a68c                PROVIDE (__DTOR_END__, ABSOLUTE (.))
 *(.jcr)
                0x000000000000a68c                . = ALIGN (0x4)

.rodata         0x000000000000a68c       0x44
                0x000000000000a68c                PROVIDE (__ram_rodata_start, ABSOLUTE (.))
                0x000000000000a68c                . = ALIGN (0x4)
 *(.rodata .rodata.* .gnu.linkonce.r.*)
 .rodata        0x000000000000a68c        0xa obj/default/hex0_counter.o
 *fill*         0x000000000000a696        0x2 
 .rodata        0x000000000000a698       0x11 ../nios_software_bsp/\libhal_bsp.a(alt_main.o)
 *fill*         0x000000000000a6a9        0x3 
 .rodata        0x000000000000a6ac       0x11 ../nios_software_bsp/\libhal_bsp.a(alt_sys_init.o)
 *fill*         0x000000000000a6bd        0x3 
 .rodata        0x000000000000a6c0        0xa ../nios_software_bsp/\libhal_bsp.a(alt_dev.o)
 *fill*         0x000000000000a6ca        0x2 
 .rodata.str1.4
                0x000000000000a6cc        0x4 c:/intelfpga_lite/18.1/nios2eds/bin/gnu/h-x86_64-mingw32/bin/../lib/gcc/nios2-elf/5.3.0/../../../../../H-x86_64-mingw32/nios2-elf/lib/mno-hw-mul\libc.a(lib_a-impure.o)
                                          0x2 (size before relaxing)
 *(.rodata1)
                0x000000000000a6d0                . = ALIGN (0x4)
                0x000000000000a6d0                PROVIDE (__ram_rodata_end, ABSOLUTE (.))
                0x000000000000a68c                PROVIDE (__flash_rodata_start, LOADADDR (.rodata))

.rwdata         0x000000000000a6d0     0x1658 load address 0x000000000000bd28
                0x000000000000a6d0                PROVIDE (__ram_rwdata_start, ABSOLUTE (.))
                0x000000000000a6d0                . = ALIGN (0x4)
 *(.got.plt)
 *(.got)
 *(.data1)
 *(.data .data.* .gnu.linkonce.d.*)
 .data          0x000000000000a6d0        0x0 ../nios_software_bsp//obj/HAL/src/crt0.o
 .data          0x000000000000a6d0        0x0 obj/default/hex0_counter.o
 .data          0x000000000000a6d0        0x0 ../nios_software_bsp/\libhal_bsp.a(alt_load.o)
 .data          0x000000000000a6d0        0x0 ../nios_software_bsp/\libhal_bsp.a(alt_main.o)
 .data          0x000000000000a6d0     0x1060 ../nios_software_bsp/\libhal_bsp.a(alt_sys_init.o)
 .data          0x000000000000b730        0x0 ../nios_software_bsp/\libhal_bsp.a(altera_avalon_jtag_uart_fd.o)
 .data          0x000000000000b730        0x0 ../nios_software_bsp/\libhal_bsp.a(altera_avalon_jtag_uart_init.o)
 .data          0x000000000000b730        0x0 ../nios_software_bsp/\libhal_bsp.a(altera_avalon_jtag_uart_ioctl.o)
 .data          0x000000000000b730        0x0 ../nios_software_bsp/\libhal_bsp.a(altera_avalon_jtag_uart_read.o)
 .data          0x000000000000b730        0x0 ../nios_software_bsp/\libhal_bsp.a(altera_avalon_jtag_uart_write.o)
 .data          0x000000000000b730        0x0 ../nios_software_bsp/\libhal_bsp.a(altera_avalon_timer_sc.o)
 .data          0x000000000000b730        0x0 ../nios_software_bsp/\libhal_bsp.a(alt_alarm_start.o)
 .data          0x000000000000b730        0x0 ../nios_software_bsp/\libhal_bsp.a(alt_close.o)
 .data          0x000000000000b730        0x0 ../nios_software_bsp/\libhal_bsp.a(alt_dcache_flush_all.o)
 .data          0x000000000000b730      0x1a8 ../nios_software_bsp/\libhal_bsp.a(alt_dev.o)
                0x000000000000b730                alt_dev_null
                0x000000000000b758                alt_fd_list
 .data          0x000000000000b8d8        0x0 ../nios_software_bsp/\libhal_bsp.a(alt_dev_llist_insert.o)
 .data          0x000000000000b8d8        0x0 ../nios_software_bsp/\libhal_bsp.a(alt_do_ctors.o)
 .data          0x000000000000b8d8        0x0 ../nios_software_bsp/\libhal_bsp.a(alt_do_dtors.o)
 .data          0x000000000000b8d8        0x0 ../nios_software_bsp/\libhal_bsp.a(alt_errno.o)
 .data          0x000000000000b8d8        0x0 ../nios_software_bsp/\libhal_bsp.a(alt_icache_flush_all.o)
 .data          0x000000000000b8d8        0x0 ../nios_software_bsp/\libhal_bsp.a(alt_iic.o)
 .data          0x000000000000b8d8        0x0 ../nios_software_bsp/\libhal_bsp.a(alt_iic_isr_register.o)
 .data          0x000000000000b8d8        0x0 ../nios_software_bsp/\libhal_bsp.a(alt_io_redirect.o)
 .data          0x000000000000b8d8        0x0 ../nios_software_bsp/\libhal_bsp.a(alt_irq_entry.o)
 .data          0x000000000000b8d8        0x0 ../nios_software_bsp/\libhal_bsp.a(alt_irq_handler.o)
 .data          0x000000000000b8d8        0x0 ../nios_software_bsp/\libhal_bsp.a(alt_irq_vars.o)
 .data          0x000000000000b8d8        0x0 ../nios_software_bsp/\libhal_bsp.a(alt_open.o)
 .data          0x000000000000b8d8        0x0 ../nios_software_bsp/\libhal_bsp.a(alt_release_fd.o)
 .data          0x000000000000b8d8        0x0 ../nios_software_bsp/\libhal_bsp.a(alt_tick.o)
 .data          0x000000000000b8d8        0x0 ../nios_software_bsp/\libhal_bsp.a(altera_nios2_gen2_irq.o)
 .data          0x000000000000b8d8        0x0 ../nios_software_bsp/\libhal_bsp.a(alt_exception_entry.o)
 .data          0x000000000000b8d8        0x0 ../nios_software_bsp/\libhal_bsp.a(alt_find_dev.o)
 .data          0x000000000000b8d8        0x0 ../nios_software_bsp/\libhal_bsp.a(alt_find_file.o)
 .data          0x000000000000b8d8        0x0 ../nios_software_bsp/\libhal_bsp.a(alt_get_fd.o)
 .data          0x000000000000b8d8        0x0 ../nios_software_bsp/\libhal_bsp.a(alt_instruction_exception_entry.o)
 .data          0x000000000000b8d8        0x0 c:/intelfpga_lite/18.1/nios2eds/bin/gnu/h-x86_64-mingw32/bin/../lib/gcc/nios2-elf/5.3.0/../../../../../H-x86_64-mingw32/nios2-elf/lib/mno-hw-mul\libc.a(lib_a-atexit.o)
 .data          0x000000000000b8d8        0x0 c:/intelfpga_lite/18.1/nios2eds/bin/gnu/h-x86_64-mingw32/bin/../lib/gcc/nios2-elf/5.3.0/../../../../../H-x86_64-mingw32/nios2-elf/lib/mno-hw-mul\libc.a(lib_a-exit.o)
 .data          0x000000000000b8d8        0x0 c:/intelfpga_lite/18.1/nios2eds/bin/gnu/h-x86_64-mingw32/bin/../lib/gcc/nios2-elf/5.3.0/../../../../../H-x86_64-mingw32/nios2-elf/lib/mno-hw-mul\libc.a(lib_a-impure.o)
 .data.impure_data
                0x000000000000b8d8      0x424 c:/intelfpga_lite/18.1/nios2eds/bin/gnu/h-x86_64-mingw32/bin/../lib/gcc/nios2-elf/5.3.0/../../../../../H-x86_64-mingw32/nios2-elf/lib/mno-hw-mul\libc.a(lib_a-impure.o)
 .data          0x000000000000bcfc        0x0 c:/intelfpga_lite/18.1/nios2eds/bin/gnu/h-x86_64-mingw32/bin/../lib/gcc/nios2-elf/5.3.0/../../../../../H-x86_64-mingw32/nios2-elf/lib/mno-hw-mul\libc.a(lib_a-int_errno.o)
 .data          0x000000000000bcfc        0x0 c:/intelfpga_lite/18.1/nios2eds/bin/gnu/h-x86_64-mingw32/bin/../lib/gcc/nios2-elf/5.3.0/../../../../../H-x86_64-mingw32/nios2-elf/lib/mno-hw-mul\libc.a(lib_a-memcmp.o)
 .data          0x000000000000bcfc        0x0 c:/intelfpga_lite/18.1/nios2eds/bin/gnu/h-x86_64-mingw32/bin/../lib/gcc/nios2-elf/5.3.0/../../../../../H-x86_64-mingw32/nios2-elf/lib/mno-hw-mul\libc.a(lib_a-memcpy.o)
 .data          0x000000000000bcfc        0x0 c:/intelfpga_lite/18.1/nios2eds/bin/gnu/h-x86_64-mingw32/bin/../lib/gcc/nios2-elf/5.3.0/../../../../../H-x86_64-mingw32/nios2-elf/lib/mno-hw-mul\libc.a(lib_a-strlen.o)
 .data          0x000000000000bcfc        0x0 c:/intelfpga_lite/18.1/nios2eds/bin/gnu/h-x86_64-mingw32/bin/../lib/gcc/nios2-elf/5.3.0/../../../../../H-x86_64-mingw32/nios2-elf/lib/mno-hw-mul\libc.a(lib_a-__atexit.o)
 .data          0x000000000000bcfc        0x0 c:/intelfpga_lite/18.1/nios2eds/bin/gnu/h-x86_64-mingw32/bin/../lib/gcc/nios2-elf/5.3.0/../../../../../H-x86_64-mingw32/nios2-elf/lib/mno-hw-mul\libc.a(lib_a-__call_atexit.o)
 .data          0x000000000000bcfc        0x0 c:/intelfpga_lite/18.1/nios2eds/bin/gnu/h-x86_64-mingw32/bin/../lib/gcc/nios2-elf/5.3.0/mno-hw-mul\libgcc.a(lib2-mul.o)
 .data          0x000000000000bcfc        0x0 ../nios_software_bsp/\libhal_bsp.a(alt_exit.o)
                0x0000000000013cfc                _gp = ABSOLUTE ((. + 0x8000))
                [!provide]                        PROVIDE (gp, _gp)
 *(.rwdata .rwdata.*)
 *(.sdata .sdata.* .gnu.linkonce.s.*)
 .sdata         0x000000000000bcfc       0x14 ../nios_software_bsp/\libhal_bsp.a(alt_dev.o)
                0x000000000000bcfc                alt_fs_list
                0x000000000000bd04                alt_dev_list
                0x000000000000bd0c                alt_max_fd
 .sdata         0x000000000000bd10        0x4 ../nios_software_bsp/\libhal_bsp.a(alt_errno.o)
                0x000000000000bd10                alt_errno
 .sdata         0x000000000000bd14        0x4 ../nios_software_bsp/\libhal_bsp.a(alt_irq_vars.o)
                0x000000000000bd14                alt_priority_mask
 .sdata         0x000000000000bd18        0x8 ../nios_software_bsp/\libhal_bsp.a(alt_tick.o)
                0x000000000000bd18                alt_alarm_list
 .sdata._global_impure_ptr
                0x000000000000bd20        0x4 c:/intelfpga_lite/18.1/nios2eds/bin/gnu/h-x86_64-mingw32/bin/../lib/gcc/nios2-elf/5.3.0/../../../../../H-x86_64-mingw32/nios2-elf/lib/mno-hw-mul\libc.a(lib_a-impure.o)
                0x000000000000bd20                _global_impure_ptr
 .sdata._impure_ptr
                0x000000000000bd24        0x4 c:/intelfpga_lite/18.1/nios2eds/bin/gnu/h-x86_64-mingw32/bin/../lib/gcc/nios2-elf/5.3.0/../../../../../H-x86_64-mingw32/nios2-elf/lib/mno-hw-mul\libc.a(lib_a-impure.o)
                0x000000000000bd24                _impure_ptr
 *(.sdata2 .sdata2.* .gnu.linkonce.s2.*)
                0x000000000000bd28                . = ALIGN (0x4)
                0x000000000000bd28                _edata = ABSOLUTE (.)
                [!provide]                        PROVIDE (edata, ABSOLUTE (.))
                0x000000000000bd28                PROVIDE (__ram_rwdata_end, ABSOLUTE (.))
                0x000000000000bd28                PROVIDE (__flash_rwdata_start, LOADADDR (.rwdata))

.bss            0x000000000000d380      0x120
                0x000000000000d380                __bss_start = ABSOLUTE (.)
                [!provide]                        PROVIDE (__sbss_start, ABSOLUTE (.))
                [!provide]                        PROVIDE (___sbss_start, ABSOLUTE (.))
 *(.dynsbss)
 *(.sbss .sbss.* .gnu.linkonce.sb.*)
 .sbss          0x000000000000d380        0xc ../nios_software_bsp/\libhal_bsp.a(alt_main.o)
                0x000000000000d380                alt_argc
                0x000000000000d384                alt_argv
                0x000000000000d388                alt_envp
 .sbss          0x000000000000d38c        0x4 ../nios_software_bsp/\libhal_bsp.a(alt_irq_vars.o)
                0x000000000000d38c                alt_irq_active
 .sbss          0x000000000000d390        0x8 ../nios_software_bsp/\libhal_bsp.a(alt_tick.o)
                0x000000000000d390                _alt_tick_rate
                0x000000000000d394                _alt_nticks
 .sbss          0x000000000000d398        0x4 ../nios_software_bsp/\libhal_bsp.a(alt_instruction_exception_entry.o)
                0x000000000000d398                alt_instruction_exception_handler
 .sbss          0x000000000000d39c        0x4 c:/intelfpga_lite/18.1/nios2eds/bin/gnu/h-x86_64-mingw32/bin/../lib/gcc/nios2-elf/5.3.0/../../../../../H-x86_64-mingw32/nios2-elf/lib/mno-hw-mul\libc.a(lib_a-int_errno.o)
                0x000000000000d39c                errno
 *(.sbss2 .sbss2.* .gnu.linkonce.sb2.*)
 *(.scommon)
                [!provide]                        PROVIDE (__sbss_end, ABSOLUTE (.))
                [!provide]                        PROVIDE (___sbss_end, ABSOLUTE (.))
 *(.dynbss)
 *(.bss .bss.* .gnu.linkonce.b.*)
 .bss           0x000000000000d3a0        0x0 ../nios_software_bsp//obj/HAL/src/crt0.o
 .bss           0x000000000000d3a0        0x0 obj/default/hex0_counter.o
 .bss           0x000000000000d3a0        0x0 ../nios_software_bsp/\libhal_bsp.a(alt_load.o)
 .bss           0x000000000000d3a0        0x0 ../nios_software_bsp/\libhal_bsp.a(alt_main.o)
 .bss           0x000000000000d3a0        0x0 ../nios_software_bsp/\libhal_bsp.a(alt_sys_init.o)
 .bss           0x000000000000d3a0        0x0 ../nios_software_bsp/\libhal_bsp.a(altera_avalon_jtag_uart_fd.o)
 .bss           0x000000000000d3a0        0x0 ../nios_software_bsp/\libhal_bsp.a(altera_avalon_jtag_uart_init.o)
 .bss           0x000000000000d3a0        0x0 ../nios_software_bsp/\libhal_bsp.a(altera_avalon_jtag_uart_ioctl.o)
 .bss           0x000000000000d3a0        0x0 ../nios_software_bsp/\libhal_bsp.a(altera_avalon_jtag_uart_read.o)
 .bss           0x000000000000d3a0        0x0 ../nios_software_bsp/\libhal_bsp.a(altera_avalon_jtag_uart_write.o)
 .bss           0x000000000000d3a0        0x0 ../nios_software_bsp/\libhal_bsp.a(altera_avalon_timer_sc.o)
 .bss           0x000000000000d3a0        0x0 ../nios_software_bsp/\libhal_bsp.a(alt_alarm_start.o)
 .bss           0x000000000000d3a0        0x0 ../nios_software_bsp/\libhal_bsp.a(alt_close.o)
 .bss           0x000000000000d3a0        0x0 ../nios_software_bsp/\libhal_bsp.a(alt_dcache_flush_all.o)
 .bss           0x000000000000d3a0        0x0 ../nios_software_bsp/\libhal_bsp.a(alt_dev.o)
 .bss           0x000000000000d3a0        0x0 ../nios_software_bsp/\libhal_bsp.a(alt_dev_llist_insert.o)
 .bss           0x000000000000d3a0        0x0 ../nios_software_bsp/\libhal_bsp.a(alt_do_ctors.o)
 .bss           0x000000000000d3a0        0x0 ../nios_software_bsp/\libhal_bsp.a(alt_do_dtors.o)
 .bss           0x000000000000d3a0        0x0 ../nios_software_bsp/\libhal_bsp.a(alt_errno.o)
 .bss           0x000000000000d3a0        0x0 ../nios_software_bsp/\libhal_bsp.a(alt_icache_flush_all.o)
 .bss           0x000000000000d3a0        0x0 ../nios_software_bsp/\libhal_bsp.a(alt_iic.o)
 .bss           0x000000000000d3a0        0x0 ../nios_software_bsp/\libhal_bsp.a(alt_iic_isr_register.o)
 .bss           0x000000000000d3a0        0x0 ../nios_software_bsp/\libhal_bsp.a(alt_io_redirect.o)
 .bss           0x000000000000d3a0        0x0 ../nios_software_bsp/\libhal_bsp.a(alt_irq_entry.o)
 .bss           0x000000000000d3a0        0x0 ../nios_software_bsp/\libhal_bsp.a(alt_irq_handler.o)
 .bss           0x000000000000d3a0        0x0 ../nios_software_bsp/\libhal_bsp.a(alt_irq_vars.o)
 .bss           0x000000000000d3a0        0x0 ../nios_software_bsp/\libhal_bsp.a(alt_open.o)
 .bss           0x000000000000d3a0        0x0 ../nios_software_bsp/\libhal_bsp.a(alt_release_fd.o)
 .bss           0x000000000000d3a0        0x0 ../nios_software_bsp/\libhal_bsp.a(alt_tick.o)
 .bss           0x000000000000d3a0        0x0 ../nios_software_bsp/\libhal_bsp.a(altera_nios2_gen2_irq.o)
 .bss           0x000000000000d3a0        0x0 ../nios_software_bsp/\libhal_bsp.a(alt_exception_entry.o)
 .bss           0x000000000000d3a0        0x0 ../nios_software_bsp/\libhal_bsp.a(alt_find_dev.o)
 .bss           0x000000000000d3a0        0x0 ../nios_software_bsp/\libhal_bsp.a(alt_find_file.o)
 .bss           0x000000000000d3a0        0x0 ../nios_software_bsp/\libhal_bsp.a(alt_get_fd.o)
 .bss           0x000000000000d3a0        0x0 ../nios_software_bsp/\libhal_bsp.a(alt_instruction_exception_entry.o)
 .bss           0x000000000000d3a0        0x0 c:/intelfpga_lite/18.1/nios2eds/bin/gnu/h-x86_64-mingw32/bin/../lib/gcc/nios2-elf/5.3.0/../../../../../H-x86_64-mingw32/nios2-elf/lib/mno-hw-mul\libc.a(lib_a-atexit.o)
 .bss           0x000000000000d3a0        0x0 c:/intelfpga_lite/18.1/nios2eds/bin/gnu/h-x86_64-mingw32/bin/../lib/gcc/nios2-elf/5.3.0/../../../../../H-x86_64-mingw32/nios2-elf/lib/mno-hw-mul\libc.a(lib_a-exit.o)
 .bss           0x000000000000d3a0        0x0 c:/intelfpga_lite/18.1/nios2eds/bin/gnu/h-x86_64-mingw32/bin/../lib/gcc/nios2-elf/5.3.0/../../../../../H-x86_64-mingw32/nios2-elf/lib/mno-hw-mul\libc.a(lib_a-impure.o)
 .bss           0x000000000000d3a0        0x0 c:/intelfpga_lite/18.1/nios2eds/bin/gnu/h-x86_64-mingw32/bin/../lib/gcc/nios2-elf/5.3.0/../../../../../H-x86_64-mingw32/nios2-elf/lib/mno-hw-mul\libc.a(lib_a-int_errno.o)
 .bss           0x000000000000d3a0        0x0 c:/intelfpga_lite/18.1/nios2eds/bin/gnu/h-x86_64-mingw32/bin/../lib/gcc/nios2-elf/5.3.0/../../../../../H-x86_64-mingw32/nios2-elf/lib/mno-hw-mul\libc.a(lib_a-memcmp.o)
 .bss           0x000000000000d3a0        0x0 c:/intelfpga_lite/18.1/nios2eds/bin/gnu/h-x86_64-mingw32/bin/../lib/gcc/nios2-elf/5.3.0/../../../../../H-x86_64-mingw32/nios2-elf/lib/mno-hw-mul\libc.a(lib_a-memcpy.o)
 .bss           0x000000000000d3a0        0x0 c:/intelfpga_lite/18.1/nios2eds/bin/gnu/h-x86_64-mingw32/bin/../lib/gcc/nios2-elf/5.3.0/../../../../../H-x86_64-mingw32/nios2-elf/lib/mno-hw-mul\libc.a(lib_a-strlen.o)
 .bss           0x000000000000d3a0        0x0 c:/intelfpga_lite/18.1/nios2eds/bin/gnu/h-x86_64-mingw32/bin/../lib/gcc/nios2-elf/5.3.0/../../../../../H-x86_64-mingw32/nios2-elf/lib/mno-hw-mul\libc.a(lib_a-__atexit.o)
 .bss           0x000000000000d3a0        0x0 c:/intelfpga_lite/18.1/nios2eds/bin/gnu/h-x86_64-mingw32/bin/../lib/gcc/nios2-elf/5.3.0/../../../../../H-x86_64-mingw32/nios2-elf/lib/mno-hw-mul\libc.a(lib_a-__call_atexit.o)
 .bss           0x000000000000d3a0        0x0 c:/intelfpga_lite/18.1/nios2eds/bin/gnu/h-x86_64-mingw32/bin/../lib/gcc/nios2-elf/5.3.0/mno-hw-mul\libgcc.a(lib2-mul.o)
 .bss           0x000000000000d3a0        0x0 ../nios_software_bsp/\libhal_bsp.a(alt_exit.o)
 *(COMMON)
 COMMON         0x000000000000d3a0      0x100 ../nios_software_bsp/\libhal_bsp.a(alt_irq_handler.o)
                0x000000000000d3a0                alt_irq
                0x000000000000d4a0                . = ALIGN (0x4)
                0x000000000000d4a0                __bss_end = ABSOLUTE (.)

.onchip_memory2_0
                0x000000000000d4a0        0x0
                [!provide]                        PROVIDE (_alt_partition_onchip_memory2_0_start, ABSOLUTE (.))
 *(.onchip_memory2_0 .onchip_memory2_0. onchip_memory2_0.*)
                0x000000000000d4a0                . = ALIGN (0x4)
                [!provide]                        PROVIDE (_alt_partition_onchip_memory2_0_end, ABSOLUTE (.))
                0x000000000000d4a0                _end = ABSOLUTE (.)
                0x000000000000d4a0                end = ABSOLUTE (.)
                0x000000000000d4a0                __alt_stack_base = ABSOLUTE (.)
                [!provide]                        PROVIDE (_alt_partition_onchip_memory2_0_load_addr, LOADADDR (.onchip_memory2_0))

.stab
 *(.stab)

.stabstr
 *(.stabstr)

.stab.excl
 *(.stab.excl)

.stab.exclstr
 *(.stab.exclstr)

.stab.index
 *(.stab.index)

.stab.indexstr
 *(.stab.indexstr)

.comment        0x0000000000000000       0x23
 *(.comment)
 .comment       0x0000000000000000       0x23 obj/default/hex0_counter.o
                                         0x24 (size before relaxing)
 .comment       0x0000000000000023       0x24 ../nios_software_bsp/\libhal_bsp.a(alt_load.o)
 .comment       0x0000000000000023       0x24 ../nios_software_bsp/\libhal_bsp.a(alt_main.o)
 .comment       0x0000000000000023       0x24 ../nios_software_bsp/\libhal_bsp.a(alt_sys_init.o)
 .comment       0x0000000000000023       0x24 ../nios_software_bsp/\libhal_bsp.a(altera_avalon_jtag_uart_fd.o)
 .comment       0x0000000000000023       0x24 ../nios_software_bsp/\libhal_bsp.a(altera_avalon_jtag_uart_init.o)
 .comment       0x0000000000000023       0x24 ../nios_software_bsp/\libhal_bsp.a(altera_avalon_jtag_uart_ioctl.o)
 .comment       0x0000000000000023       0x24 ../nios_software_bsp/\libhal_bsp.a(altera_avalon_jtag_uart_read.o)
 .comment       0x0000000000000023       0x24 ../nios_software_bsp/\libhal_bsp.a(altera_avalon_jtag_uart_write.o)
 .comment       0x0000000000000023       0x24 ../nios_software_bsp/\libhal_bsp.a(altera_avalon_timer_sc.o)
 .comment       0x0000000000000023       0x24 ../nios_software_bsp/\libhal_bsp.a(alt_alarm_start.o)
 .comment       0x0000000000000023       0x24 ../nios_software_bsp/\libhal_bsp.a(alt_close.o)
 .comment       0x0000000000000023       0x24 ../nios_software_bsp/\libhal_bsp.a(alt_dcache_flush_all.o)
 .comment       0x0000000000000023       0x24 ../nios_software_bsp/\libhal_bsp.a(alt_dev.o)
 .comment       0x0000000000000023       0x24 ../nios_software_bsp/\libhal_bsp.a(alt_dev_llist_insert.o)
 .comment       0x0000000000000023       0x24 ../nios_software_bsp/\libhal_bsp.a(alt_do_ctors.o)
 .comment       0x0000000000000023       0x24 ../nios_software_bsp/\libhal_bsp.a(alt_do_dtors.o)
 .comment       0x0000000000000023       0x24 ../nios_software_bsp/\libhal_bsp.a(alt_errno.o)
 .comment       0x0000000000000023       0x24 ../nios_software_bsp/\libhal_bsp.a(alt_icache_flush_all.o)
 .comment       0x0000000000000023       0x24 ../nios_software_bsp/\libhal_bsp.a(alt_iic.o)
 .comment       0x0000000000000023       0x24 ../nios_software_bsp/\libhal_bsp.a(alt_iic_isr_register.o)
 .comment       0x0000000000000023       0x24 ../nios_software_bsp/\libhal_bsp.a(alt_io_redirect.o)
 .comment       0x0000000000000023       0x24 ../nios_software_bsp/\libhal_bsp.a(alt_irq_handler.o)
 .comment       0x0000000000000023       0x24 ../nios_software_bsp/\libhal_bsp.a(alt_irq_vars.o)
 .comment       0x0000000000000023       0x24 ../nios_software_bsp/\libhal_bsp.a(alt_open.o)
 .comment       0x0000000000000023       0x24 ../nios_software_bsp/\libhal_bsp.a(alt_release_fd.o)
 .comment       0x0000000000000023       0x24 ../nios_software_bsp/\libhal_bsp.a(alt_tick.o)
 .comment       0x0000000000000023       0x24 ../nios_software_bsp/\libhal_bsp.a(altera_nios2_gen2_irq.o)
 .comment       0x0000000000000023       0x24 ../nios_software_bsp/\libhal_bsp.a(alt_find_dev.o)
 .comment       0x0000000000000023       0x24 ../nios_software_bsp/\libhal_bsp.a(alt_find_file.o)
 .comment       0x0000000000000023       0x24 ../nios_software_bsp/\libhal_bsp.a(alt_get_fd.o)
 .comment       0x0000000000000023       0x24 ../nios_software_bsp/\libhal_bsp.a(alt_instruction_exception_entry.o)
 .comment       0x0000000000000023       0x24 c:/intelfpga_lite/18.1/nios2eds/bin/gnu/h-x86_64-mingw32/bin/../lib/gcc/nios2-elf/5.3.0/../../../../../H-x86_64-mingw32/nios2-elf/lib/mno-hw-mul\libc.a(lib_a-atexit.o)
 .comment       0x0000000000000023       0x24 c:/intelfpga_lite/18.1/nios2eds/bin/gnu/h-x86_64-mingw32/bin/../lib/gcc/nios2-elf/5.3.0/../../../../../H-x86_64-mingw32/nios2-elf/lib/mno-hw-mul\libc.a(lib_a-exit.o)
 .comment       0x0000000000000023       0x24 c:/intelfpga_lite/18.1/nios2eds/bin/gnu/h-x86_64-mingw32/bin/../lib/gcc/nios2-elf/5.3.0/../../../../../H-x86_64-mingw32/nios2-elf/lib/mno-hw-mul\libc.a(lib_a-impure.o)
 .comment       0x0000000000000023       0x24 c:/intelfpga_lite/18.1/nios2eds/bin/gnu/h-x86_64-mingw32/bin/../lib/gcc/nios2-elf/5.3.0/../../../../../H-x86_64-mingw32/nios2-elf/lib/mno-hw-mul\libc.a(lib_a-int_errno.o)
 .comment       0x0000000000000023       0x24 c:/intelfpga_lite/18.1/nios2eds/bin/gnu/h-x86_64-mingw32/bin/../lib/gcc/nios2-elf/5.3.0/../../../../../H-x86_64-mingw32/nios2-elf/lib/mno-hw-mul\libc.a(lib_a-memcmp.o)
 .comment       0x0000000000000023       0x24 c:/intelfpga_lite/18.1/nios2eds/bin/gnu/h-x86_64-mingw32/bin/../lib/gcc/nios2-elf/5.3.0/../../../../../H-x86_64-mingw32/nios2-elf/lib/mno-hw-mul\libc.a(lib_a-memcpy.o)
 .comment       0x0000000000000023       0x24 c:/intelfpga_lite/18.1/nios2eds/bin/gnu/h-x86_64-mingw32/bin/../lib/gcc/nios2-elf/5.3.0/../../../../../H-x86_64-mingw32/nios2-elf/lib/mno-hw-mul\libc.a(lib_a-strlen.o)
 .comment       0x0000000000000023       0x24 c:/intelfpga_lite/18.1/nios2eds/bin/gnu/h-x86_64-mingw32/bin/../lib/gcc/nios2-elf/5.3.0/../../../../../H-x86_64-mingw32/nios2-elf/lib/mno-hw-mul\libc.a(lib_a-__atexit.o)
 .comment       0x0000000000000023       0x24 c:/intelfpga_lite/18.1/nios2eds/bin/gnu/h-x86_64-mingw32/bin/../lib/gcc/nios2-elf/5.3.0/../../../../../H-x86_64-mingw32/nios2-elf/lib/mno-hw-mul\libc.a(lib_a-__call_atexit.o)
 .comment       0x0000000000000023       0x24 c:/intelfpga_lite/18.1/nios2eds/bin/gnu/h-x86_64-mingw32/bin/../lib/gcc/nios2-elf/5.3.0/mno-hw-mul\libgcc.a(lib2-mul.o)
 .comment       0x0000000000000023       0x24 ../nios_software_bsp/\libhal_bsp.a(alt_exit.o)

.debug
 *(.debug)

.line
 *(.line)

.debug_srcinfo
 *(.debug_srcinfo)

.debug_sfnames
 *(.debug_sfnames)

.debug_aranges  0x0000000000000000      0x5d8
 *(.debug_aranges)
 .debug_aranges
                0x0000000000000000       0x28 ../nios_software_bsp//obj/HAL/src/crt0.o
 .debug_aranges
                0x0000000000000028       0x20 obj/default/hex0_counter.o
 .debug_aranges
                0x0000000000000048       0x20 ../nios_software_bsp/\libhal_bsp.a(alt_load.o)
 .debug_aranges
                0x0000000000000068       0x20 ../nios_software_bsp/\libhal_bsp.a(alt_main.o)
 .debug_aranges
                0x0000000000000088       0x20 ../nios_software_bsp/\libhal_bsp.a(alt_sys_init.o)
 .debug_aranges
                0x00000000000000a8       0x20 ../nios_software_bsp/\libhal_bsp.a(altera_avalon_jtag_uart_fd.o)
 .debug_aranges
                0x00000000000000c8       0x20 ../nios_software_bsp/\libhal_bsp.a(altera_avalon_jtag_uart_init.o)
 .debug_aranges
                0x00000000000000e8       0x20 ../nios_software_bsp/\libhal_bsp.a(altera_avalon_jtag_uart_ioctl.o)
 .debug_aranges
                0x0000000000000108       0x20 ../nios_software_bsp/\libhal_bsp.a(altera_avalon_jtag_uart_read.o)
 .debug_aranges
                0x0000000000000128       0x20 ../nios_software_bsp/\libhal_bsp.a(altera_avalon_jtag_uart_write.o)
 .debug_aranges
                0x0000000000000148       0x20 ../nios_software_bsp/\libhal_bsp.a(altera_avalon_timer_sc.o)
 .debug_aranges
                0x0000000000000168       0x20 ../nios_software_bsp/\libhal_bsp.a(alt_alarm_start.o)
 .debug_aranges
                0x0000000000000188       0x20 ../nios_software_bsp/\libhal_bsp.a(alt_close.o)
 .debug_aranges
                0x00000000000001a8       0x20 ../nios_software_bsp/\libhal_bsp.a(alt_dcache_flush_all.o)
 .debug_aranges
                0x00000000000001c8       0x20 ../nios_software_bsp/\libhal_bsp.a(alt_dev.o)
 .debug_aranges
                0x00000000000001e8       0x20 ../nios_software_bsp/\libhal_bsp.a(alt_dev_llist_insert.o)
 .debug_aranges
                0x0000000000000208       0x20 ../nios_software_bsp/\libhal_bsp.a(alt_do_ctors.o)
 .debug_aranges
                0x0000000000000228       0x20 ../nios_software_bsp/\libhal_bsp.a(alt_do_dtors.o)
 .debug_aranges
                0x0000000000000248       0x18 ../nios_software_bsp/\libhal_bsp.a(alt_errno.o)
 .debug_aranges
                0x0000000000000260       0x20 ../nios_software_bsp/\libhal_bsp.a(alt_icache_flush_all.o)
 .debug_aranges
                0x0000000000000280       0x20 ../nios_software_bsp/\libhal_bsp.a(alt_iic.o)
 .debug_aranges
                0x00000000000002a0       0x20 ../nios_software_bsp/\libhal_bsp.a(alt_iic_isr_register.o)
 .debug_aranges
                0x00000000000002c0       0x20 ../nios_software_bsp/\libhal_bsp.a(alt_io_redirect.o)
 .debug_aranges
                0x00000000000002e0       0x30 ../nios_software_bsp/\libhal_bsp.a(alt_irq_entry.o)
 .debug_aranges
                0x0000000000000310       0x20 ../nios_software_bsp/\libhal_bsp.a(alt_irq_handler.o)
 .debug_aranges
                0x0000000000000330       0x18 ../nios_software_bsp/\libhal_bsp.a(alt_irq_vars.o)
 .debug_aranges
                0x0000000000000348       0x20 ../nios_software_bsp/\libhal_bsp.a(alt_open.o)
 .debug_aranges
                0x0000000000000368       0x20 ../nios_software_bsp/\libhal_bsp.a(alt_release_fd.o)
 .debug_aranges
                0x0000000000000388       0x20 ../nios_software_bsp/\libhal_bsp.a(alt_tick.o)
 .debug_aranges
                0x00000000000003a8       0x20 ../nios_software_bsp/\libhal_bsp.a(altera_nios2_gen2_irq.o)
 .debug_aranges
                0x00000000000003c8       0x38 ../nios_software_bsp/\libhal_bsp.a(alt_exception_entry.o)
 .debug_aranges
                0x0000000000000400       0x20 ../nios_software_bsp/\libhal_bsp.a(alt_find_dev.o)
 .debug_aranges
                0x0000000000000420       0x20 ../nios_software_bsp/\libhal_bsp.a(alt_find_file.o)
 .debug_aranges
                0x0000000000000440       0x20 ../nios_software_bsp/\libhal_bsp.a(alt_get_fd.o)
 .debug_aranges
                0x0000000000000460       0x28 ../nios_software_bsp/\libhal_bsp.a(alt_instruction_exception_entry.o)
 .debug_aranges
                0x0000000000000488       0x20 c:/intelfpga_lite/18.1/nios2eds/bin/gnu/h-x86_64-mingw32/bin/../lib/gcc/nios2-elf/5.3.0/../../../../../H-x86_64-mingw32/nios2-elf/lib/mno-hw-mul\libc.a(lib_a-atexit.o)
 .debug_aranges
                0x00000000000004a8       0x20 c:/intelfpga_lite/18.1/nios2eds/bin/gnu/h-x86_64-mingw32/bin/../lib/gcc/nios2-elf/5.3.0/../../../../../H-x86_64-mingw32/nios2-elf/lib/mno-hw-mul\libc.a(lib_a-exit.o)
 .debug_aranges
                0x00000000000004c8       0x18 c:/intelfpga_lite/18.1/nios2eds/bin/gnu/h-x86_64-mingw32/bin/../lib/gcc/nios2-elf/5.3.0/../../../../../H-x86_64-mingw32/nios2-elf/lib/mno-hw-mul\libc.a(lib_a-impure.o)
 .debug_aranges
                0x00000000000004e0       0x18 c:/intelfpga_lite/18.1/nios2eds/bin/gnu/h-x86_64-mingw32/bin/../lib/gcc/nios2-elf/5.3.0/../../../../../H-x86_64-mingw32/nios2-elf/lib/mno-hw-mul\libc.a(lib_a-int_errno.o)
 .debug_aranges
                0x00000000000004f8       0x20 c:/intelfpga_lite/18.1/nios2eds/bin/gnu/h-x86_64-mingw32/bin/../lib/gcc/nios2-elf/5.3.0/../../../../../H-x86_64-mingw32/nios2-elf/lib/mno-hw-mul\libc.a(lib_a-memcmp.o)
 .debug_aranges
                0x0000000000000518       0x20 c:/intelfpga_lite/18.1/nios2eds/bin/gnu/h-x86_64-mingw32/bin/../lib/gcc/nios2-elf/5.3.0/../../../../../H-x86_64-mingw32/nios2-elf/lib/mno-hw-mul\libc.a(lib_a-memcpy.o)
 .debug_aranges
                0x0000000000000538       0x20 c:/intelfpga_lite/18.1/nios2eds/bin/gnu/h-x86_64-mingw32/bin/../lib/gcc/nios2-elf/5.3.0/../../../../../H-x86_64-mingw32/nios2-elf/lib/mno-hw-mul\libc.a(lib_a-strlen.o)
 .debug_aranges
                0x0000000000000558       0x20 c:/intelfpga_lite/18.1/nios2eds/bin/gnu/h-x86_64-mingw32/bin/../lib/gcc/nios2-elf/5.3.0/../../../../../H-x86_64-mingw32/nios2-elf/lib/mno-hw-mul\libc.a(lib_a-__atexit.o)
 .debug_aranges
                0x0000000000000578       0x20 c:/intelfpga_lite/18.1/nios2eds/bin/gnu/h-x86_64-mingw32/bin/../lib/gcc/nios2-elf/5.3.0/../../../../../H-x86_64-mingw32/nios2-elf/lib/mno-hw-mul\libc.a(lib_a-__call_atexit.o)
 .debug_aranges
                0x0000000000000598       0x20 c:/intelfpga_lite/18.1/nios2eds/bin/gnu/h-x86_64-mingw32/bin/../lib/gcc/nios2-elf/5.3.0/mno-hw-mul\libgcc.a(lib2-mul.o)
 .debug_aranges
                0x00000000000005b8       0x20 ../nios_software_bsp/\libhal_bsp.a(alt_exit.o)

.debug_pubnames
 *(.debug_pubnames)

.debug_info     0x0000000000000000     0x77bc
 *(.debug_info .gnu.linkonce.wi.*)
 .debug_info    0x0000000000000000       0x82 ../nios_software_bsp//obj/HAL/src/crt0.o
 .debug_info    0x0000000000000082       0xff obj/default/hex0_counter.o
 .debug_info    0x0000000000000181      0x145 ../nios_software_bsp/\libhal_bsp.a(alt_load.o)
 .debug_info    0x00000000000002c6      0x131 ../nios_software_bsp/\libhal_bsp.a(alt_main.o)
 .debug_info    0x00000000000003f7      0x4d9 ../nios_software_bsp/\libhal_bsp.a(alt_sys_init.o)
 .debug_info    0x00000000000008d0      0x52e ../nios_software_bsp/\libhal_bsp.a(altera_avalon_jtag_uart_fd.o)
 .debug_info    0x0000000000000dfe      0x3a0 ../nios_software_bsp/\libhal_bsp.a(altera_avalon_jtag_uart_init.o)
 .debug_info    0x000000000000119e      0x280 ../nios_software_bsp/\libhal_bsp.a(altera_avalon_jtag_uart_ioctl.o)
 .debug_info    0x000000000000141e      0x345 ../nios_software_bsp/\libhal_bsp.a(altera_avalon_jtag_uart_read.o)
 .debug_info    0x0000000000001763      0x340 ../nios_software_bsp/\libhal_bsp.a(altera_avalon_jtag_uart_write.o)
 .debug_info    0x0000000000001aa3      0x226 ../nios_software_bsp/\libhal_bsp.a(altera_avalon_timer_sc.o)
 .debug_info    0x0000000000001cc9      0x2cc ../nios_software_bsp/\libhal_bsp.a(alt_alarm_start.o)
 .debug_info    0x0000000000001f95      0x321 ../nios_software_bsp/\libhal_bsp.a(alt_close.o)
 .debug_info    0x00000000000022b6       0x92 ../nios_software_bsp/\libhal_bsp.a(alt_dcache_flush_all.o)
 .debug_info    0x0000000000002348      0x49c ../nios_software_bsp/\libhal_bsp.a(alt_dev.o)
 .debug_info    0x00000000000027e4      0x1a9 ../nios_software_bsp/\libhal_bsp.a(alt_dev_llist_insert.o)
 .debug_info    0x000000000000298d       0x83 ../nios_software_bsp/\libhal_bsp.a(alt_do_ctors.o)
 .debug_info    0x0000000000002a10       0x83 ../nios_software_bsp/\libhal_bsp.a(alt_do_dtors.o)
 .debug_info    0x0000000000002a93       0xa6 ../nios_software_bsp/\libhal_bsp.a(alt_errno.o)
 .debug_info    0x0000000000002b39       0x92 ../nios_software_bsp/\libhal_bsp.a(alt_icache_flush_all.o)
 .debug_info    0x0000000000002bcb      0x350 ../nios_software_bsp/\libhal_bsp.a(alt_iic.o)
 .debug_info    0x0000000000002f1b      0x1ef ../nios_software_bsp/\libhal_bsp.a(alt_iic_isr_register.o)
 .debug_info    0x000000000000310a      0x4a5 ../nios_software_bsp/\libhal_bsp.a(alt_io_redirect.o)
 .debug_info    0x00000000000035af       0x8b ../nios_software_bsp/\libhal_bsp.a(alt_irq_entry.o)
 .debug_info    0x000000000000363a      0x187 ../nios_software_bsp/\libhal_bsp.a(alt_irq_handler.o)
 .debug_info    0x00000000000037c1       0x88 ../nios_software_bsp/\libhal_bsp.a(alt_irq_vars.o)
 .debug_info    0x0000000000003849      0x3bb ../nios_software_bsp/\libhal_bsp.a(alt_open.o)
 .debug_info    0x0000000000003c04      0x2b0 ../nios_software_bsp/\libhal_bsp.a(alt_release_fd.o)
 .debug_info    0x0000000000003eb4      0x299 ../nios_software_bsp/\libhal_bsp.a(alt_tick.o)
 .debug_info    0x000000000000414d       0x92 ../nios_software_bsp/\libhal_bsp.a(altera_nios2_gen2_irq.o)
 .debug_info    0x00000000000041df       0x91 ../nios_software_bsp/\libhal_bsp.a(alt_exception_entry.o)
 .debug_info    0x0000000000004270      0x2e9 ../nios_software_bsp/\libhal_bsp.a(alt_find_dev.o)
 .debug_info    0x0000000000004559      0x2e6 ../nios_software_bsp/\libhal_bsp.a(alt_find_file.o)
 .debug_info    0x000000000000483f      0x310 ../nios_software_bsp/\libhal_bsp.a(alt_get_fd.o)
 .debug_info    0x0000000000004b4f      0x1e7 ../nios_software_bsp/\libhal_bsp.a(alt_instruction_exception_entry.o)
 .debug_info    0x0000000000004d36       0xfe c:/intelfpga_lite/18.1/nios2eds/bin/gnu/h-x86_64-mingw32/bin/../lib/gcc/nios2-elf/5.3.0/../../../../../H-x86_64-mingw32/nios2-elf/lib/mno-hw-mul\libc.a(lib_a-atexit.o)
 .debug_info    0x0000000000004e34      0x8e4 c:/intelfpga_lite/18.1/nios2eds/bin/gnu/h-x86_64-mingw32/bin/../lib/gcc/nios2-elf/5.3.0/../../../../../H-x86_64-mingw32/nios2-elf/lib/mno-hw-mul\libc.a(lib_a-exit.o)
 .debug_info    0x0000000000005718      0x8a1 c:/intelfpga_lite/18.1/nios2eds/bin/gnu/h-x86_64-mingw32/bin/../lib/gcc/nios2-elf/5.3.0/../../../../../H-x86_64-mingw32/nios2-elf/lib/mno-hw-mul\libc.a(lib_a-impure.o)
 .debug_info    0x0000000000005fb9       0x8a c:/intelfpga_lite/18.1/nios2eds/bin/gnu/h-x86_64-mingw32/bin/../lib/gcc/nios2-elf/5.3.0/../../../../../H-x86_64-mingw32/nios2-elf/lib/mno-hw-mul\libc.a(lib_a-int_errno.o)
 .debug_info    0x0000000000006043      0x11a c:/intelfpga_lite/18.1/nios2eds/bin/gnu/h-x86_64-mingw32/bin/../lib/gcc/nios2-elf/5.3.0/../../../../../H-x86_64-mingw32/nios2-elf/lib/mno-hw-mul\libc.a(lib_a-memcmp.o)
 .debug_info    0x000000000000615d      0x144 c:/intelfpga_lite/18.1/nios2eds/bin/gnu/h-x86_64-mingw32/bin/../lib/gcc/nios2-elf/5.3.0/../../../../../H-x86_64-mingw32/nios2-elf/lib/mno-hw-mul\libc.a(lib_a-memcpy.o)
 .debug_info    0x00000000000062a1       0xe2 c:/intelfpga_lite/18.1/nios2eds/bin/gnu/h-x86_64-mingw32/bin/../lib/gcc/nios2-elf/5.3.0/../../../../../H-x86_64-mingw32/nios2-elf/lib/mno-hw-mul\libc.a(lib_a-strlen.o)
 .debug_info    0x0000000000006383      0x934 c:/intelfpga_lite/18.1/nios2eds/bin/gnu/h-x86_64-mingw32/bin/../lib/gcc/nios2-elf/5.3.0/../../../../../H-x86_64-mingw32/nios2-elf/lib/mno-hw-mul\libc.a(lib_a-__atexit.o)
 .debug_info    0x0000000000006cb7      0x965 c:/intelfpga_lite/18.1/nios2eds/bin/gnu/h-x86_64-mingw32/bin/../lib/gcc/nios2-elf/5.3.0/../../../../../H-x86_64-mingw32/nios2-elf/lib/mno-hw-mul\libc.a(lib_a-__call_atexit.o)
 .debug_info    0x000000000000761c       0xb4 c:/intelfpga_lite/18.1/nios2eds/bin/gnu/h-x86_64-mingw32/bin/../lib/gcc/nios2-elf/5.3.0/mno-hw-mul\libgcc.a(lib2-mul.o)
 .debug_info    0x00000000000076d0       0xec ../nios_software_bsp/\libhal_bsp.a(alt_exit.o)

.debug_abbrev   0x0000000000000000     0x2a80
 *(.debug_abbrev)
 .debug_abbrev  0x0000000000000000       0x12 ../nios_software_bsp//obj/HAL/src/crt0.o
 .debug_abbrev  0x0000000000000012       0x77 obj/default/hex0_counter.o
 .debug_abbrev  0x0000000000000089       0x9f ../nios_software_bsp/\libhal_bsp.a(alt_load.o)
 .debug_abbrev  0x0000000000000128       0xba ../nios_software_bsp/\libhal_bsp.a(alt_main.o)
 .debug_abbrev  0x00000000000001e2      0x187 ../nios_software_bsp/\libhal_bsp.a(alt_sys_init.o)
 .debug_abbrev  0x0000000000000369      0x127 ../nios_software_bsp/\libhal_bsp.a(altera_avalon_jtag_uart_fd.o)
 .debug_abbrev  0x0000000000000490      0x19e ../nios_software_bsp/\libhal_bsp.a(altera_avalon_jtag_uart_init.o)
 .debug_abbrev  0x000000000000062e      0x111 ../nios_software_bsp/\libhal_bsp.a(altera_avalon_jtag_uart_ioctl.o)
 .debug_abbrev  0x000000000000073f      0x1aa ../nios_software_bsp/\libhal_bsp.a(altera_avalon_jtag_uart_read.o)
 .debug_abbrev  0x00000000000008e9      0x1a8 ../nios_software_bsp/\libhal_bsp.a(altera_avalon_jtag_uart_write.o)
 .debug_abbrev  0x0000000000000a91      0x155 ../nios_software_bsp/\libhal_bsp.a(altera_avalon_timer_sc.o)
 .debug_abbrev  0x0000000000000be6      0x162 ../nios_software_bsp/\libhal_bsp.a(alt_alarm_start.o)
 .debug_abbrev  0x0000000000000d48      0x11f ../nios_software_bsp/\libhal_bsp.a(alt_close.o)
 .debug_abbrev  0x0000000000000e67       0x42 ../nios_software_bsp/\libhal_bsp.a(alt_dcache_flush_all.o)
 .debug_abbrev  0x0000000000000ea9       0xd9 ../nios_software_bsp/\libhal_bsp.a(alt_dev.o)
 .debug_abbrev  0x0000000000000f82      0x114 ../nios_software_bsp/\libhal_bsp.a(alt_dev_llist_insert.o)
 .debug_abbrev  0x0000000000001096       0x79 ../nios_software_bsp/\libhal_bsp.a(alt_do_ctors.o)
 .debug_abbrev  0x000000000000110f       0x79 ../nios_software_bsp/\libhal_bsp.a(alt_do_dtors.o)
 .debug_abbrev  0x0000000000001188       0x5a ../nios_software_bsp/\libhal_bsp.a(alt_errno.o)
 .debug_abbrev  0x00000000000011e2       0x42 ../nios_software_bsp/\libhal_bsp.a(alt_icache_flush_all.o)
 .debug_abbrev  0x0000000000001224      0x163 ../nios_software_bsp/\libhal_bsp.a(alt_iic.o)
 .debug_abbrev  0x0000000000001387      0x169 ../nios_software_bsp/\libhal_bsp.a(alt_iic_isr_register.o)
 .debug_abbrev  0x00000000000014f0      0x114 ../nios_software_bsp/\libhal_bsp.a(alt_io_redirect.o)
 .debug_abbrev  0x0000000000001604       0x12 ../nios_software_bsp/\libhal_bsp.a(alt_irq_entry.o)
 .debug_abbrev  0x0000000000001616      0x122 ../nios_software_bsp/\libhal_bsp.a(alt_irq_handler.o)
 .debug_abbrev  0x0000000000001738       0x40 ../nios_software_bsp/\libhal_bsp.a(alt_irq_vars.o)
 .debug_abbrev  0x0000000000001778      0x148 ../nios_software_bsp/\libhal_bsp.a(alt_open.o)
 .debug_abbrev  0x00000000000018c0       0xde ../nios_software_bsp/\libhal_bsp.a(alt_release_fd.o)
 .debug_abbrev  0x000000000000199e      0x15a ../nios_software_bsp/\libhal_bsp.a(alt_tick.o)
 .debug_abbrev  0x0000000000001af8       0x42 ../nios_software_bsp/\libhal_bsp.a(altera_nios2_gen2_irq.o)
 .debug_abbrev  0x0000000000001b3a       0x12 ../nios_software_bsp/\libhal_bsp.a(alt_exception_entry.o)
 .debug_abbrev  0x0000000000001b4c       0xf0 ../nios_software_bsp/\libhal_bsp.a(alt_find_dev.o)
 .debug_abbrev  0x0000000000001c3c       0xf0 ../nios_software_bsp/\libhal_bsp.a(alt_find_file.o)
 .debug_abbrev  0x0000000000001d2c      0x10d ../nios_software_bsp/\libhal_bsp.a(alt_get_fd.o)
 .debug_abbrev  0x0000000000001e39       0xdc ../nios_software_bsp/\libhal_bsp.a(alt_instruction_exception_entry.o)
 .debug_abbrev  0x0000000000001f15       0xaa c:/intelfpga_lite/18.1/nios2eds/bin/gnu/h-x86_64-mingw32/bin/../lib/gcc/nios2-elf/5.3.0/../../../../../H-x86_64-mingw32/nios2-elf/lib/mno-hw-mul\libc.a(lib_a-atexit.o)
 .debug_abbrev  0x0000000000001fbf      0x1e5 c:/intelfpga_lite/18.1/nios2eds/bin/gnu/h-x86_64-mingw32/bin/../lib/gcc/nios2-elf/5.3.0/../../../../../H-x86_64-mingw32/nios2-elf/lib/mno-hw-mul\libc.a(lib_a-exit.o)
 .debug_abbrev  0x00000000000021a4      0x18f c:/intelfpga_lite/18.1/nios2eds/bin/gnu/h-x86_64-mingw32/bin/../lib/gcc/nios2-elf/5.3.0/../../../../../H-x86_64-mingw32/nios2-elf/lib/mno-hw-mul\libc.a(lib_a-impure.o)
 .debug_abbrev  0x0000000000002333       0x37 c:/intelfpga_lite/18.1/nios2eds/bin/gnu/h-x86_64-mingw32/bin/../lib/gcc/nios2-elf/5.3.0/../../../../../H-x86_64-mingw32/nios2-elf/lib/mno-hw-mul\libc.a(lib_a-int_errno.o)
 .debug_abbrev  0x000000000000236a       0x7f c:/intelfpga_lite/18.1/nios2eds/bin/gnu/h-x86_64-mingw32/bin/../lib/gcc/nios2-elf/5.3.0/../../../../../H-x86_64-mingw32/nios2-elf/lib/mno-hw-mul\libc.a(lib_a-memcmp.o)
 .debug_abbrev  0x00000000000023e9       0xa3 c:/intelfpga_lite/18.1/nios2eds/bin/gnu/h-x86_64-mingw32/bin/../lib/gcc/nios2-elf/5.3.0/../../../../../H-x86_64-mingw32/nios2-elf/lib/mno-hw-mul\libc.a(lib_a-memcpy.o)
 .debug_abbrev  0x000000000000248c       0x90 c:/intelfpga_lite/18.1/nios2eds/bin/gnu/h-x86_64-mingw32/bin/../lib/gcc/nios2-elf/5.3.0/../../../../../H-x86_64-mingw32/nios2-elf/lib/mno-hw-mul\libc.a(lib_a-strlen.o)
 .debug_abbrev  0x000000000000251c      0x21e c:/intelfpga_lite/18.1/nios2eds/bin/gnu/h-x86_64-mingw32/bin/../lib/gcc/nios2-elf/5.3.0/../../../../../H-x86_64-mingw32/nios2-elf/lib/mno-hw-mul\libc.a(lib_a-__atexit.o)
 .debug_abbrev  0x000000000000273a      0x22e c:/intelfpga_lite/18.1/nios2eds/bin/gnu/h-x86_64-mingw32/bin/../lib/gcc/nios2-elf/5.3.0/../../../../../H-x86_64-mingw32/nios2-elf/lib/mno-hw-mul\libc.a(lib_a-__call_atexit.o)
 .debug_abbrev  0x0000000000002968       0x6f c:/intelfpga_lite/18.1/nios2eds/bin/gnu/h-x86_64-mingw32/bin/../lib/gcc/nios2-elf/5.3.0/mno-hw-mul\libgcc.a(lib2-mul.o)
 .debug_abbrev  0x00000000000029d7       0xa9 ../nios_software_bsp/\libhal_bsp.a(alt_exit.o)

.debug_line     0x0000000000000000     0x2a83
 *(.debug_line)
 .debug_line    0x0000000000000000       0x66 ../nios_software_bsp//obj/HAL/src/crt0.o
 .debug_line    0x0000000000000066       0x57 obj/default/hex0_counter.o
 .debug_line    0x00000000000000bd       0x8e ../nios_software_bsp/\libhal_bsp.a(alt_load.o)
 .debug_line    0x000000000000014b       0xa4 ../nios_software_bsp/\libhal_bsp.a(alt_main.o)
 .debug_line    0x00000000000001ef      0x152 ../nios_software_bsp/\libhal_bsp.a(alt_sys_init.o)
 .debug_line    0x0000000000000341      0x12f ../nios_software_bsp/\libhal_bsp.a(altera_avalon_jtag_uart_fd.o)
 .debug_line    0x0000000000000470      0x18b ../nios_software_bsp/\libhal_bsp.a(altera_avalon_jtag_uart_init.o)
 .debug_line    0x00000000000005fb      0x131 ../nios_software_bsp/\libhal_bsp.a(altera_avalon_jtag_uart_ioctl.o)
 .debug_line    0x000000000000072c      0x171 ../nios_software_bsp/\libhal_bsp.a(altera_avalon_jtag_uart_read.o)
 .debug_line    0x000000000000089d      0x170 ../nios_software_bsp/\libhal_bsp.a(altera_avalon_jtag_uart_write.o)
 .debug_line    0x0000000000000a0d       0xfd ../nios_software_bsp/\libhal_bsp.a(altera_avalon_timer_sc.o)
 .debug_line    0x0000000000000b0a       0xf9 ../nios_software_bsp/\libhal_bsp.a(alt_alarm_start.o)
 .debug_line    0x0000000000000c03      0x165 ../nios_software_bsp/\libhal_bsp.a(alt_close.o)
 .debug_line    0x0000000000000d68       0x51 ../nios_software_bsp/\libhal_bsp.a(alt_dcache_flush_all.o)
 .debug_line    0x0000000000000db9       0xf8 ../nios_software_bsp/\libhal_bsp.a(alt_dev.o)
 .debug_line    0x0000000000000eb1       0xcf ../nios_software_bsp/\libhal_bsp.a(alt_dev_llist_insert.o)
 .debug_line    0x0000000000000f80       0x59 ../nios_software_bsp/\libhal_bsp.a(alt_do_ctors.o)
 .debug_line    0x0000000000000fd9       0x59 ../nios_software_bsp/\libhal_bsp.a(alt_do_dtors.o)
 .debug_line    0x0000000000001032       0x51 ../nios_software_bsp/\libhal_bsp.a(alt_errno.o)
 .debug_line    0x0000000000001083       0x4f ../nios_software_bsp/\libhal_bsp.a(alt_icache_flush_all.o)
 .debug_line    0x00000000000010d2       0xeb ../nios_software_bsp/\libhal_bsp.a(alt_iic.o)
 .debug_line    0x00000000000011bd       0xdb ../nios_software_bsp/\libhal_bsp.a(alt_iic_isr_register.o)
 .debug_line    0x0000000000001298      0x135 ../nios_software_bsp/\libhal_bsp.a(alt_io_redirect.o)
 .debug_line    0x00000000000013cd       0x6b ../nios_software_bsp/\libhal_bsp.a(alt_irq_entry.o)
 .debug_line    0x0000000000001438       0xaa ../nios_software_bsp/\libhal_bsp.a(alt_irq_handler.o)
 .debug_line    0x00000000000014e2       0x50 ../nios_software_bsp/\libhal_bsp.a(alt_irq_vars.o)
 .debug_line    0x0000000000001532      0x12b ../nios_software_bsp/\libhal_bsp.a(alt_open.o)
 .debug_line    0x000000000000165d       0xb0 ../nios_software_bsp/\libhal_bsp.a(alt_release_fd.o)
 .debug_line    0x000000000000170d       0xff ../nios_software_bsp/\libhal_bsp.a(alt_tick.o)
 .debug_line    0x000000000000180c       0x51 ../nios_software_bsp/\libhal_bsp.a(altera_nios2_gen2_irq.o)
 .debug_line    0x000000000000185d       0xb3 ../nios_software_bsp/\libhal_bsp.a(alt_exception_entry.o)
 .debug_line    0x0000000000001910       0xb5 ../nios_software_bsp/\libhal_bsp.a(alt_find_dev.o)
 .debug_line    0x00000000000019c5       0xd1 ../nios_software_bsp/\libhal_bsp.a(alt_find_file.o)
 .debug_line    0x0000000000001a96       0xd7 ../nios_software_bsp/\libhal_bsp.a(alt_get_fd.o)
 .debug_line    0x0000000000001b6d       0xb9 ../nios_software_bsp/\libhal_bsp.a(alt_instruction_exception_entry.o)
 .debug_line    0x0000000000001c26       0xe7 c:/intelfpga_lite/18.1/nios2eds/bin/gnu/h-x86_64-mingw32/bin/../lib/gcc/nios2-elf/5.3.0/../../../../../H-x86_64-mingw32/nios2-elf/lib/mno-hw-mul\libc.a(lib_a-atexit.o)
 .debug_line    0x0000000000001d0d      0x1fc c:/intelfpga_lite/18.1/nios2eds/bin/gnu/h-x86_64-mingw32/bin/../lib/gcc/nios2-elf/5.3.0/../../../../../H-x86_64-mingw32/nios2-elf/lib/mno-hw-mul\libc.a(lib_a-exit.o)
 .debug_line    0x0000000000001f09      0x160 c:/intelfpga_lite/18.1/nios2eds/bin/gnu/h-x86_64-mingw32/bin/../lib/gcc/nios2-elf/5.3.0/../../../../../H-x86_64-mingw32/nios2-elf/lib/mno-hw-mul\libc.a(lib_a-impure.o)
 .debug_line    0x0000000000002069       0x5f c:/intelfpga_lite/18.1/nios2eds/bin/gnu/h-x86_64-mingw32/bin/../lib/gcc/nios2-elf/5.3.0/../../../../../H-x86_64-mingw32/nios2-elf/lib/mno-hw-mul\libc.a(lib_a-int_errno.o)
 .debug_line    0x00000000000020c8      0x176 c:/intelfpga_lite/18.1/nios2eds/bin/gnu/h-x86_64-mingw32/bin/../lib/gcc/nios2-elf/5.3.0/../../../../../H-x86_64-mingw32/nios2-elf/lib/mno-hw-mul\libc.a(lib_a-memcmp.o)
 .debug_line    0x000000000000223e      0x18c c:/intelfpga_lite/18.1/nios2eds/bin/gnu/h-x86_64-mingw32/bin/../lib/gcc/nios2-elf/5.3.0/../../../../../H-x86_64-mingw32/nios2-elf/lib/mno-hw-mul\libc.a(lib_a-memcpy.o)
 .debug_line    0x00000000000023ca      0x16f c:/intelfpga_lite/18.1/nios2eds/bin/gnu/h-x86_64-mingw32/bin/../lib/gcc/nios2-elf/5.3.0/../../../../../H-x86_64-mingw32/nios2-elf/lib/mno-hw-mul\libc.a(lib_a-strlen.o)
 .debug_line    0x0000000000002539      0x21f c:/intelfpga_lite/18.1/nios2eds/bin/gnu/h-x86_64-mingw32/bin/../lib/gcc/nios2-elf/5.3.0/../../../../../H-x86_64-mingw32/nios2-elf/lib/mno-hw-mul\libc.a(lib_a-__atexit.o)
 .debug_line    0x0000000000002758      0x23a c:/intelfpga_lite/18.1/nios2eds/bin/gnu/h-x86_64-mingw32/bin/../lib/gcc/nios2-elf/5.3.0/../../../../../H-x86_64-mingw32/nios2-elf/lib/mno-hw-mul\libc.a(lib_a-__call_atexit.o)
 .debug_line    0x0000000000002992       0x80 c:/intelfpga_lite/18.1/nios2eds/bin/gnu/h-x86_64-mingw32/bin/../lib/gcc/nios2-elf/5.3.0/mno-hw-mul\libgcc.a(lib2-mul.o)
 .debug_line    0x0000000000002a12       0x71 ../nios_software_bsp/\libhal_bsp.a(alt_exit.o)

.debug_frame    0x0000000000000000      0xb04
 *(.debug_frame)
 .debug_frame   0x0000000000000000       0x2c obj/default/hex0_counter.o
 .debug_frame   0x000000000000002c       0x5c ../nios_software_bsp/\libhal_bsp.a(alt_load.o)
 .debug_frame   0x0000000000000088       0x2c ../nios_software_bsp/\libhal_bsp.a(alt_main.o)
 .debug_frame   0x00000000000000b4       0x88 ../nios_software_bsp/\libhal_bsp.a(alt_sys_init.o)
 .debug_frame   0x000000000000013c       0xb0 ../nios_software_bsp/\libhal_bsp.a(altera_avalon_jtag_uart_fd.o)
 .debug_frame   0x00000000000001ec       0xa4 ../nios_software_bsp/\libhal_bsp.a(altera_avalon_jtag_uart_init.o)
 .debug_frame   0x0000000000000290       0x34 ../nios_software_bsp/\libhal_bsp.a(altera_avalon_jtag_uart_ioctl.o)
 .debug_frame   0x00000000000002c4       0x38 ../nios_software_bsp/\libhal_bsp.a(altera_avalon_jtag_uart_read.o)
 .debug_frame   0x00000000000002fc       0x38 ../nios_software_bsp/\libhal_bsp.a(altera_avalon_jtag_uart_write.o)
 .debug_frame   0x0000000000000334       0x60 ../nios_software_bsp/\libhal_bsp.a(altera_avalon_timer_sc.o)
 .debug_frame   0x0000000000000394       0x34 ../nios_software_bsp/\libhal_bsp.a(alt_alarm_start.o)
 .debug_frame   0x00000000000003c8       0x60 ../nios_software_bsp/\libhal_bsp.a(alt_close.o)
 .debug_frame   0x0000000000000428       0x34 ../nios_software_bsp/\libhal_bsp.a(alt_dcache_flush_all.o)
 .debug_frame   0x000000000000045c       0x34 ../nios_software_bsp/\libhal_bsp.a(alt_dev.o)
 .debug_frame   0x0000000000000490       0x60 ../nios_software_bsp/\libhal_bsp.a(alt_dev_llist_insert.o)
 .debug_frame   0x00000000000004f0       0x38 ../nios_software_bsp/\libhal_bsp.a(alt_do_ctors.o)
 .debug_frame   0x0000000000000528       0x38 ../nios_software_bsp/\libhal_bsp.a(alt_do_dtors.o)
 .debug_frame   0x0000000000000560       0x34 ../nios_software_bsp/\libhal_bsp.a(alt_icache_flush_all.o)
 .debug_frame   0x0000000000000594       0xa4 ../nios_software_bsp/\libhal_bsp.a(alt_iic.o)
 .debug_frame   0x0000000000000638       0x38 ../nios_software_bsp/\libhal_bsp.a(alt_iic_isr_register.o)
 .debug_frame   0x0000000000000670       0x64 ../nios_software_bsp/\libhal_bsp.a(alt_io_redirect.o)
 .debug_frame   0x00000000000006d4       0x38 ../nios_software_bsp/\libhal_bsp.a(alt_irq_handler.o)
 .debug_frame   0x000000000000070c       0x8c ../nios_software_bsp/\libhal_bsp.a(alt_open.o)
 .debug_frame   0x0000000000000798       0x3c ../nios_software_bsp/\libhal_bsp.a(alt_release_fd.o)
 .debug_frame   0x00000000000007d4       0x5c ../nios_software_bsp/\libhal_bsp.a(alt_tick.o)
 .debug_frame   0x0000000000000830       0x34 ../nios_software_bsp/\libhal_bsp.a(altera_nios2_gen2_irq.o)
 .debug_frame   0x0000000000000864       0x38 ../nios_software_bsp/\libhal_bsp.a(alt_find_dev.o)
 .debug_frame   0x000000000000089c       0x38 ../nios_software_bsp/\libhal_bsp.a(alt_find_file.o)
 .debug_frame   0x00000000000008d4       0x3c ../nios_software_bsp/\libhal_bsp.a(alt_get_fd.o)
 .debug_frame   0x0000000000000910       0x5c ../nios_software_bsp/\libhal_bsp.a(alt_instruction_exception_entry.o)
 .debug_frame   0x000000000000096c       0x20 c:/intelfpga_lite/18.1/nios2eds/bin/gnu/h-x86_64-mingw32/bin/../lib/gcc/nios2-elf/5.3.0/../../../../../H-x86_64-mingw32/nios2-elf/lib/mno-hw-mul\libc.a(lib_a-atexit.o)
 .debug_frame   0x000000000000098c       0x28 c:/intelfpga_lite/18.1/nios2eds/bin/gnu/h-x86_64-mingw32/bin/../lib/gcc/nios2-elf/5.3.0/../../../../../H-x86_64-mingw32/nios2-elf/lib/mno-hw-mul\libc.a(lib_a-exit.o)
 .debug_frame   0x00000000000009b4       0x20 c:/intelfpga_lite/18.1/nios2eds/bin/gnu/h-x86_64-mingw32/bin/../lib/gcc/nios2-elf/5.3.0/../../../../../H-x86_64-mingw32/nios2-elf/lib/mno-hw-mul\libc.a(lib_a-memcmp.o)
 .debug_frame   0x00000000000009d4       0x38 c:/intelfpga_lite/18.1/nios2eds/bin/gnu/h-x86_64-mingw32/bin/../lib/gcc/nios2-elf/5.3.0/../../../../../H-x86_64-mingw32/nios2-elf/lib/mno-hw-mul\libc.a(lib_a-memcpy.o)
 .debug_frame   0x0000000000000a0c       0x20 c:/intelfpga_lite/18.1/nios2eds/bin/gnu/h-x86_64-mingw32/bin/../lib/gcc/nios2-elf/5.3.0/../../../../../H-x86_64-mingw32/nios2-elf/lib/mno-hw-mul\libc.a(lib_a-strlen.o)
 .debug_frame   0x0000000000000a2c       0x38 c:/intelfpga_lite/18.1/nios2eds/bin/gnu/h-x86_64-mingw32/bin/../lib/gcc/nios2-elf/5.3.0/../../../../../H-x86_64-mingw32/nios2-elf/lib/mno-hw-mul\libc.a(lib_a-__atexit.o)
 .debug_frame   0x0000000000000a64       0x54 c:/intelfpga_lite/18.1/nios2eds/bin/gnu/h-x86_64-mingw32/bin/../lib/gcc/nios2-elf/5.3.0/../../../../../H-x86_64-mingw32/nios2-elf/lib/mno-hw-mul\libc.a(lib_a-__call_atexit.o)
 .debug_frame   0x0000000000000ab8       0x20 c:/intelfpga_lite/18.1/nios2eds/bin/gnu/h-x86_64-mingw32/bin/../lib/gcc/nios2-elf/5.3.0/mno-hw-mul\libgcc.a(lib2-mul.o)
 .debug_frame   0x0000000000000ad8       0x2c ../nios_software_bsp/\libhal_bsp.a(alt_exit.o)

.debug_str      0x0000000000000000     0x1c37
 *(.debug_str)
 .debug_str     0x0000000000000000      0x125 obj/default/hex0_counter.o
                                        0x163 (size before relaxing)
 .debug_str     0x0000000000000125      0x13f ../nios_software_bsp/\libhal_bsp.a(alt_load.o)
                                        0x226 (size before relaxing)
 .debug_str     0x0000000000000264       0x70 ../nios_software_bsp/\libhal_bsp.a(alt_main.o)
                                        0x1b1 (size before relaxing)
 .debug_str     0x00000000000002d4      0x1da ../nios_software_bsp/\libhal_bsp.a(alt_sys_init.o)
                                        0x3a4 (size before relaxing)
 .debug_str     0x00000000000004ae       0xb9 ../nios_software_bsp/\libhal_bsp.a(altera_avalon_jtag_uart_fd.o)
                                        0x3b8 (size before relaxing)
 .debug_str     0x0000000000000567       0xd1 ../nios_software_bsp/\libhal_bsp.a(altera_avalon_jtag_uart_init.o)
                                        0x34c (size before relaxing)
 .debug_str     0x0000000000000638       0x4a ../nios_software_bsp/\libhal_bsp.a(altera_avalon_jtag_uart_ioctl.o)
                                        0x2a7 (size before relaxing)
 .debug_str     0x0000000000000682       0x7f ../nios_software_bsp/\libhal_bsp.a(altera_avalon_jtag_uart_read.o)
                                        0x2fc (size before relaxing)
 .debug_str     0x0000000000000701       0x4a ../nios_software_bsp/\libhal_bsp.a(altera_avalon_jtag_uart_write.o)
                                        0x2fd (size before relaxing)
 .debug_str     0x000000000000074b       0x6d ../nios_software_bsp/\libhal_bsp.a(altera_avalon_timer_sc.o)
                                        0x25f (size before relaxing)
 .debug_str     0x00000000000007b8       0x59 ../nios_software_bsp/\libhal_bsp.a(alt_alarm_start.o)
                                        0x292 (size before relaxing)
 .debug_str     0x0000000000000811       0x44 ../nios_software_bsp/\libhal_bsp.a(alt_close.o)
                                        0x21f (size before relaxing)
 .debug_str     0x0000000000000855       0x34 ../nios_software_bsp/\libhal_bsp.a(alt_dcache_flush_all.o)
                                        0x169 (size before relaxing)
 .debug_str     0x0000000000000889      0x120 ../nios_software_bsp/\libhal_bsp.a(alt_dev.o)
                                        0x319 (size before relaxing)
 .debug_str     0x00000000000009a9       0x34 ../nios_software_bsp/\libhal_bsp.a(alt_dev_llist_insert.o)
                                        0x1e0 (size before relaxing)
 .debug_str     0x00000000000009dd       0x48 ../nios_software_bsp/\libhal_bsp.a(alt_do_ctors.o)
                                         0xe4 (size before relaxing)
 .debug_str     0x0000000000000a25       0x4c ../nios_software_bsp/\libhal_bsp.a(alt_do_dtors.o)
                                         0xe3 (size before relaxing)
 .debug_str     0x0000000000000a71       0x14 ../nios_software_bsp/\libhal_bsp.a(alt_errno.o)
                                        0x159 (size before relaxing)
 .debug_str     0x0000000000000a85       0x34 ../nios_software_bsp/\libhal_bsp.a(alt_icache_flush_all.o)
                                        0x169 (size before relaxing)
 .debug_str     0x0000000000000ab9       0xc4 ../nios_software_bsp/\libhal_bsp.a(alt_iic.o)
                                        0x252 (size before relaxing)
 .debug_str     0x0000000000000b7d       0x4c ../nios_software_bsp/\libhal_bsp.a(alt_iic_isr_register.o)
                                        0x1fc (size before relaxing)
 .debug_str     0x0000000000000bc9       0x56 ../nios_software_bsp/\libhal_bsp.a(alt_io_redirect.o)
                                        0x32a (size before relaxing)
 .debug_str     0x0000000000000c1f       0x3a ../nios_software_bsp/\libhal_bsp.a(alt_irq_handler.o)
                                        0x1ab (size before relaxing)
 .debug_str     0x0000000000000c59       0x17 ../nios_software_bsp/\libhal_bsp.a(alt_irq_vars.o)
                                        0x14e (size before relaxing)
 .debug_str     0x0000000000000c70       0x29 ../nios_software_bsp/\libhal_bsp.a(alt_open.o)
                                        0x25f (size before relaxing)
 .debug_str     0x0000000000000c99       0x28 ../nios_software_bsp/\libhal_bsp.a(alt_release_fd.o)
                                        0x1e7 (size before relaxing)
 .debug_str     0x0000000000000cc1       0x4a ../nios_software_bsp/\libhal_bsp.a(alt_tick.o)
                                        0x266 (size before relaxing)
 .debug_str     0x0000000000000d0b       0x3b ../nios_software_bsp/\libhal_bsp.a(altera_nios2_gen2_irq.o)
                                        0x170 (size before relaxing)
 .debug_str     0x0000000000000d46       0x24 ../nios_software_bsp/\libhal_bsp.a(alt_find_dev.o)
                                        0x200 (size before relaxing)
 .debug_str     0x0000000000000d6a       0x26 ../nios_software_bsp/\libhal_bsp.a(alt_find_file.o)
                                        0x20e (size before relaxing)
 .debug_str     0x0000000000000d90       0x30 ../nios_software_bsp/\libhal_bsp.a(alt_get_fd.o)
                                        0x230 (size before relaxing)
 .debug_str     0x0000000000000dc0      0x48b ../nios_software_bsp/\libhal_bsp.a(alt_instruction_exception_entry.o)
                                        0x5b4 (size before relaxing)
 .debug_str     0x000000000000124b      0x17c c:/intelfpga_lite/18.1/nios2eds/bin/gnu/h-x86_64-mingw32/bin/../lib/gcc/nios2-elf/5.3.0/../../../../../H-x86_64-mingw32/nios2-elf/lib/mno-hw-mul\libc.a(lib_a-atexit.o)
                                        0x221 (size before relaxing)
 .debug_str     0x00000000000013c7      0x3af c:/intelfpga_lite/18.1/nios2eds/bin/gnu/h-x86_64-mingw32/bin/../lib/gcc/nios2-elf/5.3.0/../../../../../H-x86_64-mingw32/nios2-elf/lib/mno-hw-mul\libc.a(lib_a-exit.o)
                                        0x5be (size before relaxing)
 .debug_str     0x0000000000001776       0xd6 c:/intelfpga_lite/18.1/nios2eds/bin/gnu/h-x86_64-mingw32/bin/../lib/gcc/nios2-elf/5.3.0/../../../../../H-x86_64-mingw32/nios2-elf/lib/mno-hw-mul\libc.a(lib_a-impure.o)
                                        0x5b5 (size before relaxing)
 .debug_str     0x000000000000184c       0x3f c:/intelfpga_lite/18.1/nios2eds/bin/gnu/h-x86_64-mingw32/bin/../lib/gcc/nios2-elf/5.3.0/../../../../../H-x86_64-mingw32/nios2-elf/lib/mno-hw-mul\libc.a(lib_a-int_errno.o)
                                        0x1dd (size before relaxing)
 .debug_str     0x000000000000188b       0xda c:/intelfpga_lite/18.1/nios2eds/bin/gnu/h-x86_64-mingw32/bin/../lib/gcc/nios2-elf/5.3.0/../../../../../H-x86_64-mingw32/nios2-elf/lib/mno-hw-mul\libc.a(lib_a-memcmp.o)
                                        0x1e4 (size before relaxing)
 .debug_str     0x0000000000001965       0x6b c:/intelfpga_lite/18.1/nios2eds/bin/gnu/h-x86_64-mingw32/bin/../lib/gcc/nios2-elf/5.3.0/../../../../../H-x86_64-mingw32/nios2-elf/lib/mno-hw-mul\libc.a(lib_a-memcpy.o)
                                        0x20b (size before relaxing)
 .debug_str     0x00000000000019d0       0x51 c:/intelfpga_lite/18.1/nios2eds/bin/gnu/h-x86_64-mingw32/bin/../lib/gcc/nios2-elf/5.3.0/../../../../../H-x86_64-mingw32/nios2-elf/lib/mno-hw-mul\libc.a(lib_a-strlen.o)
                                        0x1f7 (size before relaxing)
 .debug_str     0x0000000000001a21       0x3f c:/intelfpga_lite/18.1/nios2eds/bin/gnu/h-x86_64-mingw32/bin/../lib/gcc/nios2-elf/5.3.0/../../../../../H-x86_64-mingw32/nios2-elf/lib/mno-hw-mul\libc.a(lib_a-__atexit.o)
                                        0x5f6 (size before relaxing)
 .debug_str     0x0000000000001a60       0x65 c:/intelfpga_lite/18.1/nios2eds/bin/gnu/h-x86_64-mingw32/bin/../lib/gcc/nios2-elf/5.3.0/../../../../../H-x86_64-mingw32/nios2-elf/lib/mno-hw-mul\libc.a(lib_a-__call_atexit.o)
                                        0x5e2 (size before relaxing)
 .debug_str     0x0000000000001ac5      0x148 c:/intelfpga_lite/18.1/nios2eds/bin/gnu/h-x86_64-mingw32/bin/../lib/gcc/nios2-elf/5.3.0/mno-hw-mul\libgcc.a(lib2-mul.o)
                                        0x193 (size before relaxing)
 .debug_str     0x0000000000001c0d       0x2a ../nios_software_bsp/\libhal_bsp.a(alt_exit.o)
                                        0x165 (size before relaxing)

.debug_loc      0x0000000000000000      0x803
 *(.debug_loc)
 .debug_loc     0x0000000000000000       0x2c c:/intelfpga_lite/18.1/nios2eds/bin/gnu/h-x86_64-mingw32/bin/../lib/gcc/nios2-elf/5.3.0/../../../../../H-x86_64-mingw32/nios2-elf/lib/mno-hw-mul\libc.a(lib_a-atexit.o)
 .debug_loc     0x000000000000002c       0x1e c:/intelfpga_lite/18.1/nios2eds/bin/gnu/h-x86_64-mingw32/bin/../lib/gcc/nios2-elf/5.3.0/../../../../../H-x86_64-mingw32/nios2-elf/lib/mno-hw-mul\libc.a(lib_a-exit.o)
 .debug_loc     0x000000000000004a      0x126 c:/intelfpga_lite/18.1/nios2eds/bin/gnu/h-x86_64-mingw32/bin/../lib/gcc/nios2-elf/5.3.0/../../../../../H-x86_64-mingw32/nios2-elf/lib/mno-hw-mul\libc.a(lib_a-memcmp.o)
 .debug_loc     0x0000000000000170      0x266 c:/intelfpga_lite/18.1/nios2eds/bin/gnu/h-x86_64-mingw32/bin/../lib/gcc/nios2-elf/5.3.0/../../../../../H-x86_64-mingw32/nios2-elf/lib/mno-hw-mul\libc.a(lib_a-memcpy.o)
 .debug_loc     0x00000000000003d6       0x47 c:/intelfpga_lite/18.1/nios2eds/bin/gnu/h-x86_64-mingw32/bin/../lib/gcc/nios2-elf/5.3.0/../../../../../H-x86_64-mingw32/nios2-elf/lib/mno-hw-mul\libc.a(lib_a-strlen.o)
 .debug_loc     0x000000000000041d      0x185 c:/intelfpga_lite/18.1/nios2eds/bin/gnu/h-x86_64-mingw32/bin/../lib/gcc/nios2-elf/5.3.0/../../../../../H-x86_64-mingw32/nios2-elf/lib/mno-hw-mul\libc.a(lib_a-__atexit.o)
 .debug_loc     0x00000000000005a2      0x1ce c:/intelfpga_lite/18.1/nios2eds/bin/gnu/h-x86_64-mingw32/bin/../lib/gcc/nios2-elf/5.3.0/../../../../../H-x86_64-mingw32/nios2-elf/lib/mno-hw-mul\libc.a(lib_a-__call_atexit.o)
 .debug_loc     0x0000000000000770       0x93 c:/intelfpga_lite/18.1/nios2eds/bin/gnu/h-x86_64-mingw32/bin/../lib/gcc/nios2-elf/5.3.0/mno-hw-mul\libgcc.a(lib2-mul.o)

.debug_macinfo
 *(.debug_macinfo)

.debug_weaknames
 *(.debug_weaknames)

.debug_funcnames
 *(.debug_funcnames)

.debug_typenames
 *(.debug_typenames)

.debug_varnames
 *(.debug_varnames)

.debug_alt_sim_info
                0x0000000000000000       0x10
 *(.debug_alt_sim_info)
 .debug_alt_sim_info
                0x0000000000000000       0x10 ../nios_software_bsp//obj/HAL/src/crt0.o
                0x0000000000010000                __alt_data_end = 0x10000
                0x0000000000010000                PROVIDE (__alt_stack_pointer, __alt_data_end)
                [!provide]                        PROVIDE (__alt_stack_limit, __alt_stack_base)
                [!provide]                        PROVIDE (__alt_heap_start, end)
                [!provide]                        PROVIDE (__alt_heap_limit, 0x10000)
OUTPUT(nios_software.elf elf32-littlenios2)

.debug_ranges   0x0000000000000000      0x178
 .debug_ranges  0x0000000000000000       0x20 ../nios_software_bsp//obj/HAL/src/crt0.o
 .debug_ranges  0x0000000000000020       0x30 ../nios_software_bsp/\libhal_bsp.a(altera_avalon_jtag_uart_init.o)
 .debug_ranges  0x0000000000000050       0x18 ../nios_software_bsp/\libhal_bsp.a(altera_avalon_jtag_uart_read.o)
 .debug_ranges  0x0000000000000068       0x28 ../nios_software_bsp/\libhal_bsp.a(alt_irq_entry.o)
 .debug_ranges  0x0000000000000090       0x10 ../nios_software_bsp/\libhal_bsp.a(alt_irq_handler.o)
 .debug_ranges  0x00000000000000a0       0x30 ../nios_software_bsp/\libhal_bsp.a(alt_exception_entry.o)
 .debug_ranges  0x00000000000000d0       0x18 ../nios_software_bsp/\libhal_bsp.a(alt_instruction_exception_entry.o)
 .debug_ranges  0x00000000000000e8       0x10 c:/intelfpga_lite/18.1/nios2eds/bin/gnu/h-x86_64-mingw32/bin/../lib/gcc/nios2-elf/5.3.0/../../../../../H-x86_64-mingw32/nios2-elf/lib/mno-hw-mul\libc.a(lib_a-atexit.o)
 .debug_ranges  0x00000000000000f8       0x10 c:/intelfpga_lite/18.1/nios2eds/bin/gnu/h-x86_64-mingw32/bin/../lib/gcc/nios2-elf/5.3.0/../../../../../H-x86_64-mingw32/nios2-elf/lib/mno-hw-mul\libc.a(lib_a-exit.o)
 .debug_ranges  0x0000000000000108       0x10 c:/intelfpga_lite/18.1/nios2eds/bin/gnu/h-x86_64-mingw32/bin/../lib/gcc/nios2-elf/5.3.0/../../../../../H-x86_64-mingw32/nios2-elf/lib/mno-hw-mul\libc.a(lib_a-memcmp.o)
 .debug_ranges  0x0000000000000118       0x10 c:/intelfpga_lite/18.1/nios2eds/bin/gnu/h-x86_64-mingw32/bin/../lib/gcc/nios2-elf/5.3.0/../../../../../H-x86_64-mingw32/nios2-elf/lib/mno-hw-mul\libc.a(lib_a-memcpy.o)
 .debug_ranges  0x0000000000000128       0x10 c:/intelfpga_lite/18.1/nios2eds/bin/gnu/h-x86_64-mingw32/bin/../lib/gcc/nios2-elf/5.3.0/../../../../../H-x86_64-mingw32/nios2-elf/lib/mno-hw-mul\libc.a(lib_a-strlen.o)
 .debug_ranges  0x0000000000000138       0x10 c:/intelfpga_lite/18.1/nios2eds/bin/gnu/h-x86_64-mingw32/bin/../lib/gcc/nios2-elf/5.3.0/../../../../../H-x86_64-mingw32/nios2-elf/lib/mno-hw-mul\libc.a(lib_a-__atexit.o)
 .debug_ranges  0x0000000000000148       0x30 c:/intelfpga_lite/18.1/nios2eds/bin/gnu/h-x86_64-mingw32/bin/../lib/gcc/nios2-elf/5.3.0/../../../../../H-x86_64-mingw32/nios2-elf/lib/mno-hw-mul\libc.a(lib_a-__call_atexit.o)
